ASxxxx Linker V02.00 + NoICE + sdld,  page 1.
Hexadecimal

Area                               Addr   Size   Decimal Bytes (Attributes)
--------------------------------   ----   ----   ------- ----- ------------
.	.ABS.                            0000   0000 =      0. bytes (ABS,CON)

      Value  Global                              Global Defined In Module
      -----  ---------------------------------   ------------------------
            0000  .__.ABS.                         
            0000  l__CABS                          
            0000  l__DATA                          
            0000  l__GSFINAL                       
            0000  l__GSINIT                        
            0000  l__HOME                          
            0000  l__OVERLAY                       
            4010  s__CODE                          
            79E9  l__CODE                          
            C000  _game                            
            C000  s__CABS                          
            C000  s__DATA                          
            C000  s__GSFINAL                       
            C000  s__GSINIT                        
            C000  s__HOME                          
            C000  s__OVERLAY                       
ASxxxx Linker V02.00 + NoICE + sdld,  page 2.
Hexadecimal

Area                               Addr   Size   Decimal Bytes (Attributes)
--------------------------------   ----   ----   ------- ----- ------------
_CODE                              4010   79E9 =  31209. bytes (REL,CON)

      Value  Global                              Global Defined In Module
      -----  ---------------------------------   ------------------------
            4010  _main                            
            4010  _main_start                      
            402A  _car1                            
            402A  _main_end                        
            491A  _car2                            
            520A  _car3                            
            5AFA  _car4                            
            63EA  _shadow                          
            6452  _charTable                       
            65D2  _trackTiles                      
            6DD2  _title                           
            708A  _pilote                          
            7ACB  _cars                            
            7ADF  _bg                              
            7B34  _trackTiles01                    
            7BB2  _track01                         
            7BBE  _menuMain                        
            7BD2  _menuMode                        
            7BEB  _menuTrack                       
            7BFA  _menuPlayer                      
            7C0E  _menus                           
            7C2A  _g_HeightTab                     
            7C3F  _g_DefaultColor                  
            7C47  _g_AnimIndex                     
            7D0C  _MainLoop                        
            7D0C  _MainLoop_start                  
            7D25  _MainLoop_end                    
            7D25  _StateInitialize                 
            7D25  _StateInitialize_start           
            7F59  _InitializeMenu                  
            7F59  _InitializeMenu_start            
            7F59  _StateInitialize_end             
            80F3  _InitializeMenu_end              
            80F3  _StateTitle                      
            80F3  _StateTitle_start                
            8240  _StartGame                       
            8240  _StartGame_start                 
            8240  _StateTitle_end                  
            8249  _StartGame_end                   
            8249  _StateMainMenu                   
            8249  _StateMainMenu_start             
            84AC  _StateMainMenu_end               
            84AE  _StateStartGame                  
            84AE  _StateStartGame_start            
            8822  _StateStartGame_end              
            883E  _StateUpdateGame                 
            883E  _StateUpdateGame_start           
            96F4  _InitializePlayer                
            96F4  _InitializePlayer_start          
            96F4  _StateUpdateGame_end             
ASxxxx Linker V02.00 + NoICE + sdld,  page 3.
Hexadecimal

Area                               Addr   Size   Decimal Bytes (Attributes)
--------------------------------   ----   ----   ------- ----- ------------
_CODE                              4010   79E9 =  31209. bytes (REL,CON)

      Value  Global                              Global Defined In Module
      -----  ---------------------------------   ------------------------
            97CC  _AngleDifferent64                
            97CC  _AngleDifferent64_start          
            97CC  _InitializePlayer_end            
            97FC  _AngleDifferent64_end            
            97FC  _VectorToAngle256                
            97FC  _VectorToAngle256_start          
            98B9  _GetVectorLenght256              
            98B9  _GetVectorLenght256_start        
            98B9  _VectorToAngle256_end            
            993A  _CarToCarCollision               
            993A  _CarToCarCollision_start         
            993A  _GetVectorLenght256_end          
            9BCF  _CarToCarCollision_end           
            9BCF  _CarToWallCollision              
            9BCF  _CarToWallCollision_start        
            9E86  _CarToWallCollision_end          
            9E86  _StateBuildTrack                 
            9E86  _StateBuildTrack_start           
            A218  _StateBuildTrack_end             
            A224  _StateShadeTrack                 
            A224  _StateShadeTrack_start           
            A412  _StateShadeTrack_end             
            A41E  _DarkenColor                     
            A41E  _DarkenColor_start               
            A615  _DarkenColor_end                 
            A615  _GrayGradiant                    
            A615  _GrayGradiant_start              
            A644  _DrawCharacter                   
            A644  _DrawCharacter_start             
            A644  _GrayGradiant_end                
            A72A  _DrawCharacter_end               
            A72A  _DrawText                        
            A72A  _DrawText_start                  
            A7B1  _DebugPrintInt                   
            A7B1  _DebugPrintInt_start             
            A7B1  _DrawText_end                    
            A929  _DebugPrintInt_end               
            A929  _Joystick                        
            A929  _Joystick_start                  
            A93B  _Joystick_end                    
            A93B  _Joytrig                         
            A93B  _Joytrig_start                   
            A94F  _GetKeyMatrixLine                
            A94F  _GetKeyMatrixLine_start          
            A94F  _Joytrig_end                     
            A961  _GetKeyMatrixLine_end            
            A961  _SetScreen8                      
            A961  _SetScreen8_start                
            A9B3  _SetScreen8_end                  
            A9B3  _SetSpriteMode                   
            A9B3  _SetSpriteMode_start             
ASxxxx Linker V02.00 + NoICE + sdld,  page 4.
Hexadecimal

Area                               Addr   Size   Decimal Bytes (Attributes)
--------------------------------   ----   ----   ------- ----- ------------
_CODE                              4010   79E9 =  31209. bytes (REL,CON)

      Value  Global                              Global Defined In Module
      -----  ---------------------------------   ------------------------
            AA00  _SetFreq                         
            AA00  _SetFreq_start                   
            AA00  _SetSpriteMode_end               
            AA21  _SetFreq_end                     
            AA21  _SetPage8                        
            AA21  _SetPage8_start                  
            AA3F  _DrawPoint8                      
            AA3F  _DrawPoint8_start                
            AA3F  _SetPage8_end                    
            AAAA  _DrawLine8                       
            AAAA  _DrawLine8_start                 
            AAAA  _DrawPoint8_end                  
            AAB8  _DrawLine8_end                   
            AAB8  _waitRetrace                     
            AAB8  _waitRetrace_start               
            AAC3  _WaitForVDP                      
            AAC3  _WaitForVDP_start                
            AAC3  _waitRetrace_end                 
            AADB  _WaitForVDP_end                  
            AADB  _WriteVRAM                       
            AADB  _WriteVRAM_start                 
            AB13  _ReadVRAM                        
            AB13  _ReadVRAM_start                  
            AB13  _WriteVRAM_end                   
            AB47  _ReadVRAM_end                    
            AB47  _VPDCommandLoop                  
            AB47  _VPDCommandLoop_start            
            AB7F  _RAMtoVRAM                       
            AB7F  _RAMtoVRAM_start                 
            AB7F  _VPDCommandLoop_end              
            ABF5  _RAMtoVRAMTrans                  
            ABF5  _RAMtoVRAMTrans_start            
            ABF5  _RAMtoVRAM_end                   
            AC6B  _FillVRAM                        
            AC6B  _FillVRAM_start                  
            AC6B  _RAMtoVRAMTrans_end              
            ACD2  _FillVRAM_end                    
            ACD2  _VRAMtoVRAM                      
            ACD2  _VRAMtoVRAM_start                
            AD52  _VRAMtoVRAMTrans                 
            AD52  _VRAMtoVRAMTrans_start           
            AD52  _VRAMtoVRAM_end                  
            ADD2  _VPDCommand32                    
            ADD2  _VPDCommand32_start              
            ADD2  _VRAMtoVRAMTrans_end             
            AE10  _VPDCommand32_end                
            AE10  _VPDCommand36                    
            AE10  _VPDCommand36_start              
            AE46  _PrintSprite                     
            AE46  _PrintSprite_start               
            AE46  _VPDCommand36_end                
ASxxxx Linker V02.00 + NoICE + sdld,  page 5.
Hexadecimal

Area                               Addr   Size   Decimal Bytes (Attributes)
--------------------------------   ----   ----   ------- ----- ------------
_CODE                              4010   79E9 =  31209. bytes (REL,CON)

      Value  Global                              Global Defined In Module
      -----  ---------------------------------   ------------------------
            AEC4  _ClearSprite                     
            AEC4  _ClearSprite_start               
            AEC4  _PrintSprite_end                 
            AED6  _ClearSprite_end                 
            AED6  _SetSpriteMultiColor             
            AED6  _SetSpriteMultiColor_start       
            AFA9  _SetSpriteMultiColor_end         
            AFA9  _SetSpriteUniColor               
            AFA9  _SetSpriteUniColor_start         
            B07A  _SetSpriteUniColor_end           
            B07A  _last_error                      
            B07B  _open                            
            B0A2  _creat                           
            B0CC  _close                           
            B0E3  _dup                             
            B104  _read                            
            B12F  _write                           
            B15A  _lseek                           
            B188  _exit                            
            B19B  __modschar_rrx_s                 
            B1A2  __modschar_rrx_hds               
            B1A8  __modsint_rrx_s                  
            B1AE  __modsint_rrx_hds                
            B1B4  __divsint_rrx_s                  
            B1BD  __divschar_rrx_s                 
            B1C4  __div8                           
            B1C4  __divschar_rrx_hds               
            B1C8  __div_signexte                   
            B1CC  __div16                          
            B1CC  __divsint_rrx_hds                
            B1F2  __get_remainder                  
            B1FC  __divuint_rrx_s                  
            B204  __divuchar_rrx_s                 
            B20B  __divu8                          
            B20B  __divuchar_rrx_hds               
            B20E  __divu16                         
            B20E  __divuint_rrx_hds                
            B240  __mulint_rrx_s                   
            B246  __mulint_rrx_hds                 
            B246  __muluchar_rrx_hds               
            B248  __mul16                          
            B25C  __mullong_rrf_s                  
            B25C  __mullong_rrx_s                  
            B25F  __modslong_rrf_s                 
            B25F  __modslong_rrx_s                 
            B262  __modulong_rrf_s                 
            B262  __modulong_rrx_s                 
            B265  __divslong_rrf_s                 
            B265  __divslong_rrx_s                 
            B268  __divulong_rrf_s                 
            B268  __divulong_rrx_s                 
ASxxxx Linker V02.00 + NoICE + sdld,  page 6.
Hexadecimal

Area                               Addr   Size   Decimal Bytes (Attributes)
--------------------------------   ----   ----   ------- ----- ------------
_CODE                              4010   79E9 =  31209. bytes (REL,CON)

      Value  Global                              Global Defined In Module
      -----  ---------------------------------   ------------------------
            B26B  __mulint_rrf_s                   
            B271  __divsint_rrf_s                  
            B277  __divuint_rrf_s                  
            B27D  __mulschar_rrf_s                 
            B283  __divschar_rrf_s                 
            B289  __modschar_rrf_s                 
            B28F  __muluchar_rrf_s                 
            B295  __divuchar_rrf_s                 
            B29B  __moduchar_rrf_s                 
            B2A1  __mulsuchar_rrf_s                
            B2A7  __divsuchar_rrf_s                
            B2AD  __modsuchar_rrf_s                
            B2B3  __muluschar_rrf_s                
            B2B9  __divuschar_rrf_s                
            B2BF  __moduschar_rrf_s                
            B2C5  __modsint_rrf_s                  
            B2CB  __moduint_rrf_s                  
            B2D1  __rrulong_rrf_s                  
            B2D7  __rrslong_rrf_s                  
            B2DD  __rlulong_rrf_s                  
            B2E3  __rlslong_rrf_s                  
            B2E9  __mullong                        
            B2E9  __mullong_start                  
            B591  __moduchar_rrx_s                 
            B591  __mullong_end                    
            B598  __moduchar_rrx_hds               
            B59D  __moduint_rrx_s                  
            B5A3  __moduint_rrx_hds                
            B5A8  __rrulong_rrx_s                  
            B5C2  __rrslong_rrx_s                  
            B5DC  __rlslong_rrx_s                  
            B5DC  __rlulong_rrx_s                  
            B5F3  __modsuchar_rrx_s                
            B602  __moduschar_rrx_s                
            B614  __divsuchar_rrx_s                
            B620  __divuschar_rrx_s                
            B62F  __muluchar_rrx_s                 
            B641  __mulsuchar_rrx_s                
            B64B  __muluschar_rrx_s                
            B655  __mulschar_rrx_s                 
            B65C  __mulschar_rrx_hds               
            B668  __modslong                       
            B668  __modslong_start                 
            B73D  __modslong_end                   
            B73D  __modulong                       
            B73D  __modulong_start                 
            B844  __divslong                       
            B844  __divslong_start                 
            B844  __modulong_end                   
            B926  __divslong_end                   
            B926  __divulong                       
ASxxxx Linker V02.00 + NoICE + sdld,  page 7.
Hexadecimal

Area                               Addr   Size   Decimal Bytes (Attributes)
--------------------------------   ----   ----   ------- ----- ------------
_CODE                              4010   79E9 =  31209. bytes (REL,CON)

      Value  Global                              Global Defined In Module
      -----  ---------------------------------   ------------------------
            B926  __divulong_start                 
            B9F9  __divulong_end                   
ASxxxx Linker V02.00 + NoICE + sdld,  page 8.
Hexadecimal

Area                               Addr   Size   Decimal Bytes (Attributes)
--------------------------------   ----   ----   ------- ----- ------------
_DATA                              C000   0000 =      0. bytes (REL,CON)

      Value  Global                              Global Defined In Module
      -----  ---------------------------------   ------------------------
ASxxxx Linker V02.00 + NoICE + sdld,  page 9.
Hexadecimal

Area                               Addr   Size   Decimal Bytes (Attributes)
--------------------------------   ----   ----   ------- ----- ------------
_OVERLAY                           C000   0000 =      0. bytes (REL,CON)

      Value  Global                              Global Defined In Module
      -----  ---------------------------------   ------------------------
ASxxxx Linker V02.00 + NoICE + sdld,  page 10.
Hexadecimal

Area                               Addr   Size   Decimal Bytes (Attributes)
--------------------------------   ----   ----   ------- ----- ------------
_HOME                              C000   0000 =      0. bytes (REL,CON)

      Value  Global                              Global Defined In Module
      -----  ---------------------------------   ------------------------
ASxxxx Linker V02.00 + NoICE + sdld,  page 11.
Hexadecimal

Area                               Addr   Size   Decimal Bytes (Attributes)
--------------------------------   ----   ----   ------- ----- ------------
_GSINIT                            C000   0000 =      0. bytes (REL,CON)

      Value  Global                              Global Defined In Module
      -----  ---------------------------------   ------------------------
ASxxxx Linker V02.00 + NoICE + sdld,  page 12.
Hexadecimal

Area                               Addr   Size   Decimal Bytes (Attributes)
--------------------------------   ----   ----   ------- ----- ------------
_GSFINAL                           C000   0000 =      0. bytes (REL,CON)

      Value  Global                              Global Defined In Module
      -----  ---------------------------------   ------------------------
ASxxxx Linker V02.00 + NoICE + sdld,  page 13.
Hexadecimal

Area                               Addr   Size   Decimal Bytes (Attributes)
--------------------------------   ----   ----   ------- ----- ------------
_CABS                              C000   0000 =      0. bytes (REL,CON)

      Value  Global                              Global Defined In Module
      -----  ---------------------------------   ------------------------
ASxxxx Linker V02.00 + NoICE + sdld,  page 14.

Files Linked                              [ module(s) ]

carwar.rel                                [ carwar ]
bios.rel                                  [ bios ]
video.rel                                 [ video ]
files.rel                                 [  ]


Libraries Linked                          [ object file ]

E:\dev\Private\MSX\tools\SDCC\bin\..\lib  [ modsigned.rel ]
E:\dev\Private\MSX\tools\SDCC\bin\..\lib  [ divsigned.rel ]
E:\dev\Private\MSX\tools\SDCC\bin\..\lib  [ divunsigned.rel ]
E:\dev\Private\MSX\tools\SDCC\bin\..\lib  [ mul.rel ]
E:\dev\Private\MSX\tools\SDCC\bin\..\lib  [ stubs.rel ]
E:\dev\Private\MSX\tools\SDCC\bin\..\lib  [ _mullong.rel ]
E:\dev\Private\MSX\tools\SDCC\bin\..\lib  [ modunsigned.rel ]
E:\dev\Private\MSX\tools\SDCC\bin\..\lib  [ shift.rel ]
E:\dev\Private\MSX\tools\SDCC\bin\..\lib  [ modmixed.rel ]
E:\dev\Private\MSX\tools\SDCC\bin\..\lib  [ divmixed.rel ]
E:\dev\Private\MSX\tools\SDCC\bin\..\lib  [ mulchar.rel ]
E:\dev\Private\MSX\tools\SDCC\bin\..\lib  [ _modslong.rel ]
E:\dev\Private\MSX\tools\SDCC\bin\..\lib  [ _modulong.rel ]
E:\dev\Private\MSX\tools\SDCC\bin\..\lib  [ _divslong.rel ]
E:\dev\Private\MSX\tools\SDCC\bin\..\lib  [ _divulong.rel ]

ASxxxx Linker V02.00 + NoICE + sdld,  page 15.

User Base Address Definitions

_CODE = 0x4010
_DATA = 0xc000

