ASxxxx Linker V02.00 + NoICE + sdld,  page 1.
Hexadecimal

Area                               Addr   Size   Decimal Bytes (Attributes)
--------------------------------   ----   ----   ------- ----- ------------
.	.ABS.                            0000   0000 =      0. bytes (ABS,CON)

      Value  Global                              Global Defined In Module
      -----  ---------------------------------   ------------------------
            0000  .__.ABS.                         
            0000  l__CABS                          
            0000  l__DATA                          
            0000  l__GSFINAL                       
            0000  l__GSINIT                        
            0000  l__HOME                          
            0000  l__OVERLAY                       
            36C6  l__CODE                          
            4010  s__CODE                          
            C000  s__CABS                          
            C000  s__DATA                          
            C000  s__GSFINAL                       
            C000  s__GSINIT                        
            C000  s__HOME                          
            C000  s__OVERLAY                       

ASxxxx Linker V02.00 + NoICE + sdld,  page 2.
Hexadecimal

Area                               Addr   Size   Decimal Bytes (Attributes)
--------------------------------   ----   ----   ------- ----- ------------
_CODE                              4010   36C6 =  14022. bytes (REL,CON)

      Value  Global                              Global Defined In Module
      -----  ---------------------------------   ------------------------
            4010  _main                            
            4010  _main_start                      
            402A  _car1                            
            402A  _main_end                        
            491A  _car2                            
            520A  _car3                            
            5AFA  _car4                            
            63EA  _shadow                          
            6479  _charTable                       
            6639  _backgound                       
            66C8  _defaultColor                    
            66D0  _MainLoop                        
            66D0  _MainLoop_start                  
            6F74  _MainLoop_end                    
            6F7E  _InitializePlayer                
            6F7E  _InitializePlayer_start          
            7003  _InitializePlayer_end            
            7003  _SetScreen8                      
            7003  _SetScreen8_start                
            704B  _SetScreen8_end                  
            704B  _SetSpriteMode                   
            704B  _SetSpriteMode_start             
            7095  _SetFreq                         
            7095  _SetFreq_start                   
            7095  _SetSpriteMode_end               
            70B6  _SetFreq_end                     
            70B6  _SetPage8                        
            70B6  _SetPage8_start                  
            70D1  _DrawPoint8                      
            70D1  _DrawPoint8_start                
            70D1  _SetPage8_end                    
            7119  _DrawLine8                       
            7119  _DrawLine8_start                 
            7119  _DrawPoint8_end                  
            7127  _DrawLine8_end                   
            7127  _waitRetrace                     
            7127  _waitRetrace_start               
            7132  _WaitForVDP                      
            7132  _WaitForVDP_start                
            7132  _waitRetrace_end                 
            714A  _WaitForVDP_end                  
            714A  _WriteToVRAM8                    
            714A  _WriteToVRAM8_start              
            717A  _VPDCommandLoop                  
            717A  _VPDCommandLoop_start            
            717A  _WriteToVRAM8_end                
            71B2  _RAMtoVRAM                       
            71B2  _RAMtoVRAM_start                 
            71B2  _VPDCommandLoop_end              
            7251  _RAMtoVRAMTrans                  
ASxxxx Linker V02.00 + NoICE + sdld,  page 3.
Hexadecimal

Area                               Addr   Size   Decimal Bytes (Attributes)
--------------------------------   ----   ----   ------- ----- ------------
_CODE                              4010   36C6 =  14022. bytes (REL,CON)

      Value  Global                              Global Defined In Module
      -----  ---------------------------------   ------------------------
            7251  _RAMtoVRAMTrans_start            
            7251  _RAMtoVRAM_end                   
            72F0  _Fill8                           
            72F0  _Fill8_start                     
            72F0  _RAMtoVRAMTrans_end              
            7380  _Fill8_end                       
            7380  _VRAMtoVRAM                      
            7380  _VRAMtoVRAM_start                
            7446  _VRAMtoVRAMTrans                 
            7446  _VRAMtoVRAMTrans_start           
            7446  _VRAMtoVRAM_end                  
            750C  _VPDCommand32                    
            750C  _VPDCommand32_start              
            750C  _VRAMtoVRAMTrans_end             
            754A  _VPDCommand32_end                
            754A  _VPDCommand36                    
            754A  _VPDCommand36_start              
            7580  _PrintSprite                     
            7580  _PrintSprite_start               
            7580  _VPDCommand36_end                
            758B  _PrintSprite_end                 
            758B  _SetSprite                       
            758B  _SetSprite_start                 
            75DB  _Joystick                        
            75DB  _Joystick_start                  
            75DB  _SetSprite_end                   
            75ED  _Joystick_end                    
            75ED  _Joytrig                         
            75ED  _Joytrig_start                   
            7601  _GetKeyMatrixLine                
            7601  _GetKeyMatrixLine_start          
            7601  _Joytrig_end                     
            7613  _GetKeyMatrixLine_end            
            7613  __divsuchar_rrx_s                
            761F  __divuschar_rrx_s                
            762E  __mulint_rrx_s                   
            7634  __mulint_rrx_hds                 
            7634  __muluchar_rrx_hds               
            7636  __mul16                          
            764A  __divsint_rrx_s                  
            7653  __divschar_rrx_s                 
            765A  __div8                           
            765A  __divschar_rrx_hds               
            765E  __div_signexte                   
            7662  __div16                          
            7662  __divsint_rrx_hds                
            7688  __get_remainder                  
            7692  __divuint_rrx_s                  
            769A  __divuchar_rrx_s                 
            76A1  __divu8                          
            76A1  __divuchar_rrx_hds               
ASxxxx Linker V02.00 + NoICE + sdld,  page 4.
Hexadecimal

Area                               Addr   Size   Decimal Bytes (Attributes)
--------------------------------   ----   ----   ------- ----- ------------
_CODE                              4010   36C6 =  14022. bytes (REL,CON)

      Value  Global                              Global Defined In Module
      -----  ---------------------------------   ------------------------
            76A4  __divu16                         
            76A4  __divuint_rrx_hds                

ASxxxx Linker V02.00 + NoICE + sdld,  page 5.
Hexadecimal

Area                               Addr   Size   Decimal Bytes (Attributes)
--------------------------------   ----   ----   ------- ----- ------------
_DATA                              C000   0000 =      0. bytes (REL,CON)

      Value  Global                              Global Defined In Module
      -----  ---------------------------------   ------------------------
ASxxxx Linker V02.00 + NoICE + sdld,  page 6.
Hexadecimal

Area                               Addr   Size   Decimal Bytes (Attributes)
--------------------------------   ----   ----   ------- ----- ------------
_OVERLAY                           C000   0000 =      0. bytes (REL,CON)

      Value  Global                              Global Defined In Module
      -----  ---------------------------------   ------------------------
ASxxxx Linker V02.00 + NoICE + sdld,  page 7.
Hexadecimal

Area                               Addr   Size   Decimal Bytes (Attributes)
--------------------------------   ----   ----   ------- ----- ------------
_HOME                              C000   0000 =      0. bytes (REL,CON)

      Value  Global                              Global Defined In Module
      -----  ---------------------------------   ------------------------
ASxxxx Linker V02.00 + NoICE + sdld,  page 8.
Hexadecimal

Area                               Addr   Size   Decimal Bytes (Attributes)
--------------------------------   ----   ----   ------- ----- ------------
_GSINIT                            C000   0000 =      0. bytes (REL,CON)

      Value  Global                              Global Defined In Module
      -----  ---------------------------------   ------------------------
ASxxxx Linker V02.00 + NoICE + sdld,  page 9.
Hexadecimal

Area                               Addr   Size   Decimal Bytes (Attributes)
--------------------------------   ----   ----   ------- ----- ------------
_GSFINAL                           C000   0000 =      0. bytes (REL,CON)

      Value  Global                              Global Defined In Module
      -----  ---------------------------------   ------------------------
ASxxxx Linker V02.00 + NoICE + sdld,  page 10.
Hexadecimal

Area                               Addr   Size   Decimal Bytes (Attributes)
--------------------------------   ----   ----   ------- ----- ------------
_CABS                              C000   0000 =      0. bytes (REL,CON)

      Value  Global                              Global Defined In Module
      -----  ---------------------------------   ------------------------
ASxxxx Linker V02.00 + NoICE + sdld,  page 11.

Files Linked                              [ module(s) ]

carwar.rel                                [ carwar ]
bios.rel                                  [ bios ]


Libraries Linked                          [ object file ]

C:\Dev\program\msx\tools\SDCC\bin\..\lib  [ divmixed.rel ]
C:\Dev\program\msx\tools\SDCC\bin\..\lib  [ mul.rel ]
C:\Dev\program\msx\tools\SDCC\bin\..\lib  [ divsigned.rel ]
C:\Dev\program\msx\tools\SDCC\bin\..\lib  [ divunsigned.rel ]

ASxxxx Linker V02.00 + NoICE + sdld,  page 12.

User Base Address Definitions

_CODE = 0x4010
_DATA = 0xc000

