ASxxxx Linker V02.00 + NoICE + sdld,  page 1.
Hexadecimal

Area                               Addr   Size   Decimal Bytes (Attributes)
--------------------------------   ----   ----   ------- ----- ------------
.	.ABS.                            0000   0000 =      0. bytes (ABS,CON)

      Value  Global                              Global Defined In Module
      -----  ---------------------------------   ------------------------
            0000  .__.ABS.                         
            0000  l__CABS                          
            0000  l__DATA                          
            0000  l__GSFINAL                       
            0000  l__GSINIT                        
            0000  l__HOME                          
            0000  l__OVERLAY                       
            4010  s__CODE                          
            5419  l__CODE                          
            C000  _game                            
            C000  s__CABS                          
            C000  s__DATA                          
            C000  s__GSFINAL                       
            C000  s__GSINIT                        
            C000  s__HOME                          
            C000  s__OVERLAY                       
ASxxxx Linker V02.00 + NoICE + sdld,  page 2.
Hexadecimal

Area                               Addr   Size   Decimal Bytes (Attributes)
--------------------------------   ----   ----   ------- ----- ------------
_CODE                              4010   5419 =  21529. bytes (REL,CON)

      Value  Global                              Global Defined In Module
      -----  ---------------------------------   ------------------------
            4010  _main                            
            4010  _main_start                      
            402A  _car1                            
            402A  _main_end                        
            491A  _car2                            
            520A  _car3                            
            5AFA  _car4                            
            63EA  _shadow                          
            6479  _charTable                       
            65F9  _trackTiles                      
            6DF9  _title                           
            71B1  _defaultColor                    
            71B9  _cars                            
            71C5  _track01                         
            7243  _menus                           
            72EC  _MainLoop                        
            72EC  _MainLoop_start                  
            7305  _MainLoop_end                    
            7305  _StateInitialize                 
            7305  _StateInitialize_start           
            748E  _StateInitialize_end             
            748E  _StateTitle                      
            748E  _StateTitle_start                
            75AF  _StateMainMenu                   
            75AF  _StateMainMenu_start             
            75AF  _StateTitle_end                  
            775E  _StateMainMenu_end               
            7760  _StateStartGame                  
            7760  _StateStartGame_start            
            7996  _StateStartGame_end              
            79B2  _StateUpdateGame                 
            79B2  _StateUpdateGame_start           
            807C  _InitializePlayer                
            807C  _InitializePlayer_start          
            807C  _StateUpdateGame_end             
            8156  _CheckCollision                  
            8156  _CheckCollision_start            
            8156  _InitializePlayer_end            
            82A9  _CheckCollision_end              
            82A9  _StateBuildTrack                 
            82A9  _StateBuildTrack_start           
            85DA  _StateBuildTrack_end             
            85E6  _StateShadeTrack                 
            85E6  _StateShadeTrack_start           
            87B1  _StateShadeTrack_end             
            87BD  _DarkenColor                     
            87BD  _DarkenColor_start               
            89B4  _DarkenColor_end                 
            89B4  _GrayGradiant                    
            89B4  _GrayGradiant_start              
ASxxxx Linker V02.00 + NoICE + sdld,  page 3.
Hexadecimal

Area                               Addr   Size   Decimal Bytes (Attributes)
--------------------------------   ----   ----   ------- ----- ------------
_CODE                              4010   5419 =  21529. bytes (REL,CON)

      Value  Global                              Global Defined In Module
      -----  ---------------------------------   ------------------------
            89E3  _DrawCharacter                   
            89E3  _DrawCharacter_start             
            89E3  _GrayGradiant_end                
            8AAD  _DrawCharacter_end               
            8AAD  _DrawText                        
            8AAD  _DrawText_start                  
            8B34  _DrawText_end                    
            8B34  _Joystick                        
            8B34  _Joystick_start                  
            8B46  _Joystick_end                    
            8B46  _Joytrig                         
            8B46  _Joytrig_start                   
            8B5A  _GetKeyMatrixLine                
            8B5A  _GetKeyMatrixLine_start          
            8B5A  _Joytrig_end                     
            8B6C  _GetKeyMatrixLine_end            
            8B6C  _SetScreen8                      
            8B6C  _SetScreen8_start                
            8BAF  _SetScreen8_end                  
            8BAF  _SetSpriteMode                   
            8BAF  _SetSpriteMode_start             
            8BFC  _SetPage8                        
            8BFC  _SetPage8_start                  
            8BFC  _SetSpriteMode_end               
            8C1A  _DrawPoint8                      
            8C1A  _DrawPoint8_start                
            8C1A  _SetPage8_end                    
            8C85  _DrawLine8                       
            8C85  _DrawLine8_start                 
            8C85  _DrawPoint8_end                  
            8C93  _DrawLine8_end                   
            8C93  _waitRetrace                     
            8C93  _waitRetrace_start               
            8C9E  _WaitForVDP                      
            8C9E  _WaitForVDP_start                
            8C9E  _waitRetrace_end                 
            8CB6  _WaitForVDP_end                  
            8CB6  _WriteVRAM                       
            8CB6  _WriteVRAM_start                 
            8CE7  _ReadVRAM                        
            8CE7  _ReadVRAM_start                  
            8CE7  _WriteVRAM_end                   
            8D14  _ReadVRAM_end                    
            8D14  _VPDCommandLoop                  
            8D14  _VPDCommandLoop_start            
            8D4C  _RAMtoVRAM                       
            8D4C  _RAMtoVRAM_start                 
            8D4C  _VPDCommandLoop_end              
            8DC2  _RAMtoVRAMTrans                  
            8DC2  _RAMtoVRAMTrans_start            
            8DC2  _RAMtoVRAM_end                   
ASxxxx Linker V02.00 + NoICE + sdld,  page 4.
Hexadecimal

Area                               Addr   Size   Decimal Bytes (Attributes)
--------------------------------   ----   ----   ------- ----- ------------
_CODE                              4010   5419 =  21529. bytes (REL,CON)

      Value  Global                              Global Defined In Module
      -----  ---------------------------------   ------------------------
            8E38  _FillVRAM                        
            8E38  _FillVRAM_start                  
            8E38  _RAMtoVRAMTrans_end              
            8E9F  _FillVRAM_end                    
            8E9F  _VRAMtoVRAM                      
            8E9F  _VRAMtoVRAM_start                
            8F1F  _VRAMtoVRAMTrans                 
            8F1F  _VRAMtoVRAMTrans_start           
            8F1F  _VRAMtoVRAM_end                  
            8F9F  _VPDCommand32                    
            8F9F  _VPDCommand32_start              
            8F9F  _VRAMtoVRAMTrans_end             
            8FDD  _VPDCommand32_end                
            8FDD  _VPDCommand36                    
            8FDD  _VPDCommand36_start              
            9013  _PrintSprite                     
            9013  _PrintSprite_start               
            9013  _VPDCommand36_end                
            9091  _ClearSprite                     
            9091  _ClearSprite_start               
            9091  _PrintSprite_end                 
            90A3  _ClearSprite_end                 
            90A3  _SetSpriteMultiColor             
            90A3  _SetSpriteMultiColor_start       
            9176  _SetSpriteMultiColor_end         
            9176  _SetSpriteUniColor               
            9176  _SetSpriteUniColor_start         
            9247  _SetSpriteUniColor_end           
            9247  _last_error                      
            9248  _open                            
            926F  _creat                           
            9299  _close                           
            92B0  _dup                             
            92D1  _read                            
            92FC  _write                           
            9327  _lseek                           
            9355  _exit                            
            9368  __modschar_rrx_s                 
            936F  __modschar_rrx_hds               
            9375  __modsint_rrx_s                  
            937B  __modsint_rrx_hds                
            9381  __divsint_rrx_s                  
            938A  __divschar_rrx_s                 
            9391  __div8                           
            9391  __divschar_rrx_hds               
            9395  __div_signexte                   
            9399  __div16                          
            9399  __divsint_rrx_hds                
            93BF  __get_remainder                  
            93C9  __divuint_rrx_s                  
            93D1  __divuchar_rrx_s                 
ASxxxx Linker V02.00 + NoICE + sdld,  page 5.
Hexadecimal

Area                               Addr   Size   Decimal Bytes (Attributes)
--------------------------------   ----   ----   ------- ----- ------------
_CODE                              4010   5419 =  21529. bytes (REL,CON)

      Value  Global                              Global Defined In Module
      -----  ---------------------------------   ------------------------
            93D8  __divu8                          
            93D8  __divuchar_rrx_hds               
            93DB  __divu16                         
            93DB  __divuint_rrx_hds                
            940D  __mulint_rrx_s                   
            9413  __mulint_rrx_hds                 
            9413  __muluchar_rrx_hds               
            9415  __mul16                          
ASxxxx Linker V02.00 + NoICE + sdld,  page 6.
Hexadecimal

Area                               Addr   Size   Decimal Bytes (Attributes)
--------------------------------   ----   ----   ------- ----- ------------
_DATA                              C000   0000 =      0. bytes (REL,CON)

      Value  Global                              Global Defined In Module
      -----  ---------------------------------   ------------------------
ASxxxx Linker V02.00 + NoICE + sdld,  page 7.
Hexadecimal

Area                               Addr   Size   Decimal Bytes (Attributes)
--------------------------------   ----   ----   ------- ----- ------------
_OVERLAY                           C000   0000 =      0. bytes (REL,CON)

      Value  Global                              Global Defined In Module
      -----  ---------------------------------   ------------------------
ASxxxx Linker V02.00 + NoICE + sdld,  page 8.
Hexadecimal

Area                               Addr   Size   Decimal Bytes (Attributes)
--------------------------------   ----   ----   ------- ----- ------------
_HOME                              C000   0000 =      0. bytes (REL,CON)

      Value  Global                              Global Defined In Module
      -----  ---------------------------------   ------------------------
ASxxxx Linker V02.00 + NoICE + sdld,  page 9.
Hexadecimal

Area                               Addr   Size   Decimal Bytes (Attributes)
--------------------------------   ----   ----   ------- ----- ------------
_GSINIT                            C000   0000 =      0. bytes (REL,CON)

      Value  Global                              Global Defined In Module
      -----  ---------------------------------   ------------------------
ASxxxx Linker V02.00 + NoICE + sdld,  page 10.
Hexadecimal

Area                               Addr   Size   Decimal Bytes (Attributes)
--------------------------------   ----   ----   ------- ----- ------------
_GSFINAL                           C000   0000 =      0. bytes (REL,CON)

      Value  Global                              Global Defined In Module
      -----  ---------------------------------   ------------------------
ASxxxx Linker V02.00 + NoICE + sdld,  page 11.
Hexadecimal

Area                               Addr   Size   Decimal Bytes (Attributes)
--------------------------------   ----   ----   ------- ----- ------------
_CABS                              C000   0000 =      0. bytes (REL,CON)

      Value  Global                              Global Defined In Module
      -----  ---------------------------------   ------------------------
ASxxxx Linker V02.00 + NoICE + sdld,  page 12.

Files Linked                              [ module(s) ]

carwar.rel                                [ carwar ]
bios.rel                                  [ bios ]
video.rel                                 [ video ]
files.rel                                 [  ]


Libraries Linked                          [ object file ]

E:\dev\Private\MSX\tools\SDCC\bin\..\lib  [ modsigned.rel ]
E:\dev\Private\MSX\tools\SDCC\bin\..\lib  [ divsigned.rel ]
E:\dev\Private\MSX\tools\SDCC\bin\..\lib  [ divunsigned.rel ]
E:\dev\Private\MSX\tools\SDCC\bin\..\lib  [ mul.rel ]

ASxxxx Linker V02.00 + NoICE + sdld,  page 13.

User Base Address Definitions

_CODE = 0x4010
_DATA = 0xc000

