ASxxxx Linker V02.00 + NoICE + sdld,  page 1.
Hexadecimal

Area                               Addr   Size   Decimal Bytes (Attributes)
--------------------------------   ----   ----   ------- ----- ------------
.	.ABS.                            0000   0000 =      0. bytes (ABS,CON)

      Value  Global                              Global Defined In Module
      -----  ---------------------------------   ------------------------
            0000  .__.ABS.                         
            0000  l__CABS                          
            0000  l__DATA                          
            0000  l__GSFINAL                       
            0000  l__GSINIT                        
            0000  l__HOME                          
            0000  l__OVERLAY                       
            4010  s__CODE                          
            4B53  l__CODE                          
            C000  _players                         
            C000  s__CABS                          
            C000  s__DATA                          
            C000  s__GSFINAL                       
            C000  s__GSINIT                        
            C000  s__HOME                          
            C000  s__OVERLAY                       
            C100  _buffer36                        
            C200  _buffer32                        
            C300  _colorCode                       

ASxxxx Linker V02.00 + NoICE + sdld,  page 2.
Hexadecimal

Area                               Addr   Size   Decimal Bytes (Attributes)
--------------------------------   ----   ----   ------- ----- ------------
_CODE                              4010   4B53 =  19283. bytes (REL,CON)

      Value  Global                              Global Defined In Module
      -----  ---------------------------------   ------------------------
            4010  _main                            
            4010  _main_start                      
            402A  _car1                            
            402A  _main_end                        
            491A  _car2                            
            520A  _car3                            
            5AFA  _car4                            
            63EA  _shadow                          
            6479  _charTable                       
            65F9  _trackTiles                      
            6EF9  _defaultColor                    
            6F01  _cars                            
            6F0D  _track01                         
            6F8B  _MainLoop                        
            6F8B  _MainLoop_start                  
            7957  _MainLoop_end                    
            798B  _InitializePlayer                
            798B  _InitializePlayer_start          
            7A65  _CheckCollision                  
            7A65  _CheckCollision_start            
            7A65  _InitializePlayer_end            
            7BB8  _BuildTrack                      
            7BB8  _BuildTrack_start                
            7BB8  _CheckCollision_end              
            7EAD  _BuildTrack_end                  
            7EAD  _ShadeTrack                      
            7EAD  _ShadeTrack_start                
            805B  _DarkenColor                     
            805B  _DarkenColor_start               
            805B  _ShadeTrack_end                  
            8252  _DarkenColor_end                 
            8252  _Joystick                        
            8252  _Joystick_start                  
            8264  _Joystick_end                    
            8264  _Joytrig                         
            8264  _Joytrig_start                   
            8278  _GetKeyMatrixLine                
            8278  _GetKeyMatrixLine_start          
            8278  _Joytrig_end                     
            828A  _GetKeyMatrixLine_end            
            828A  _SetScreen8                      
            828A  _SetScreen8_start                
            82D5  _SetScreen8_end                  
            82D5  _SetSpriteMode                   
            82D5  _SetSpriteMode_start             
            8322  _SetFreq                         
            8322  _SetFreq_start                   
            8322  _SetSpriteMode_end               
            8343  _SetFreq_end                     
            8343  _SetPage8                        
ASxxxx Linker V02.00 + NoICE + sdld,  page 3.
Hexadecimal

Area                               Addr   Size   Decimal Bytes (Attributes)
--------------------------------   ----   ----   ------- ----- ------------
_CODE                              4010   4B53 =  19283. bytes (REL,CON)

      Value  Global                              Global Defined In Module
      -----  ---------------------------------   ------------------------
            8343  _SetPage8_start                  
            8361  _DrawPoint8                      
            8361  _DrawPoint8_start                
            8361  _SetPage8_end                    
            83CC  _DrawLine8                       
            83CC  _DrawLine8_start                 
            83CC  _DrawPoint8_end                  
            83DA  _DrawLine8_end                   
            83DA  _waitRetrace                     
            83DA  _waitRetrace_start               
            83E5  _WaitForVDP                      
            83E5  _WaitForVDP_start                
            83E5  _waitRetrace_end                 
            83FD  _WaitForVDP_end                  
            83FD  _WriteVRAM                       
            83FD  _WriteVRAM_start                 
            842E  _ReadVRAM                        
            842E  _ReadVRAM_start                  
            842E  _WriteVRAM_end                   
            845B  _ReadVRAM_end                    
            845B  _VPDCommandLoop                  
            845B  _VPDCommandLoop_start            
            8493  _RAMtoVRAM                       
            8493  _RAMtoVRAM_start                 
            8493  _VPDCommandLoop_end              
            8509  _RAMtoVRAMTrans                  
            8509  _RAMtoVRAMTrans_start            
            8509  _RAMtoVRAM_end                   
            857F  _FillVRAM                        
            857F  _FillVRAM_start                  
            857F  _RAMtoVRAMTrans_end              
            85E6  _FillVRAM_end                    
            85E6  _VRAMtoVRAM                      
            85E6  _VRAMtoVRAM_start                
            8666  _VRAMtoVRAMTrans                 
            8666  _VRAMtoVRAMTrans_start           
            8666  _VRAMtoVRAM_end                  
            86E6  _VPDCommand32                    
            86E6  _VPDCommand32_start              
            86E6  _VRAMtoVRAMTrans_end             
            8724  _VPDCommand32_end                
            8724  _VPDCommand36                    
            8724  _VPDCommand36_start              
            875A  _PrintSprite                     
            875A  _PrintSprite_start               
            875A  _VPDCommand36_end                
            87CB  _ClearSprite                     
            87CB  _ClearSprite_start               
            87CB  _PrintSprite_end                 
            87DD  _ClearSprite_end                 
            87DD  _SetSpriteMultiColor             
ASxxxx Linker V02.00 + NoICE + sdld,  page 4.
Hexadecimal

Area                               Addr   Size   Decimal Bytes (Attributes)
--------------------------------   ----   ----   ------- ----- ------------
_CODE                              4010   4B53 =  19283. bytes (REL,CON)

      Value  Global                              Global Defined In Module
      -----  ---------------------------------   ------------------------
            87DD  _SetSpriteMultiColor_start       
            88B0  _SetSpriteMultiColor_end         
            88B0  _SetSpriteUniColor               
            88B0  _SetSpriteUniColor_start         
            8981  _SetSpriteUniColor_end           
            8981  _last_error                      
            8982  _open                            
            89A9  _creat                           
            89D3  _close                           
            89EA  _dup                             
            8A0B  _read                            
            8A36  _write                           
            8A61  _lseek                           
            8A8F  _exit                            
            8AA2  __modschar_rrx_s                 
            8AA9  __modschar_rrx_hds               
            8AAF  __modsint_rrx_s                  
            8AB5  __modsint_rrx_hds                
            8ABB  __divsint_rrx_s                  
            8AC4  __divschar_rrx_s                 
            8ACB  __div8                           
            8ACB  __divschar_rrx_hds               
            8ACF  __div_signexte                   
            8AD3  __div16                          
            8AD3  __divsint_rrx_hds                
            8AF9  __get_remainder                  
            8B03  __divuint_rrx_s                  
            8B0B  __divuchar_rrx_s                 
            8B12  __divu8                          
            8B12  __divuchar_rrx_hds               
            8B15  __divu16                         
            8B15  __divuint_rrx_hds                
            8B47  __mulint_rrx_s                   
            8B4D  __mulint_rrx_hds                 
            8B4D  __muluchar_rrx_hds               
            8B4F  __mul16                          

ASxxxx Linker V02.00 + NoICE + sdld,  page 5.
Hexadecimal

Area                               Addr   Size   Decimal Bytes (Attributes)
--------------------------------   ----   ----   ------- ----- ------------
_DATA                              C000   0000 =      0. bytes (REL,CON)

      Value  Global                              Global Defined In Module
      -----  ---------------------------------   ------------------------
ASxxxx Linker V02.00 + NoICE + sdld,  page 6.
Hexadecimal

Area                               Addr   Size   Decimal Bytes (Attributes)
--------------------------------   ----   ----   ------- ----- ------------
_OVERLAY                           C000   0000 =      0. bytes (REL,CON)

      Value  Global                              Global Defined In Module
      -----  ---------------------------------   ------------------------
ASxxxx Linker V02.00 + NoICE + sdld,  page 7.
Hexadecimal

Area                               Addr   Size   Decimal Bytes (Attributes)
--------------------------------   ----   ----   ------- ----- ------------
_HOME                              C000   0000 =      0. bytes (REL,CON)

      Value  Global                              Global Defined In Module
      -----  ---------------------------------   ------------------------
ASxxxx Linker V02.00 + NoICE + sdld,  page 8.
Hexadecimal

Area                               Addr   Size   Decimal Bytes (Attributes)
--------------------------------   ----   ----   ------- ----- ------------
_GSINIT                            C000   0000 =      0. bytes (REL,CON)

      Value  Global                              Global Defined In Module
      -----  ---------------------------------   ------------------------
ASxxxx Linker V02.00 + NoICE + sdld,  page 9.
Hexadecimal

Area                               Addr   Size   Decimal Bytes (Attributes)
--------------------------------   ----   ----   ------- ----- ------------
_GSFINAL                           C000   0000 =      0. bytes (REL,CON)

      Value  Global                              Global Defined In Module
      -----  ---------------------------------   ------------------------
ASxxxx Linker V02.00 + NoICE + sdld,  page 10.
Hexadecimal

Area                               Addr   Size   Decimal Bytes (Attributes)
--------------------------------   ----   ----   ------- ----- ------------
_CABS                              C000   0000 =      0. bytes (REL,CON)

      Value  Global                              Global Defined In Module
      -----  ---------------------------------   ------------------------
ASxxxx Linker V02.00 + NoICE + sdld,  page 11.

Files Linked                              [ module(s) ]

carwar.rel                                [ carwar ]
bios.rel                                  [ bios ]
video.rel                                 [ video ]
files.rel                                 [  ]


Libraries Linked                          [ object file ]

E:\dev\Private\MSX\tools\SDCC\bin\..\lib  [ modsigned.rel ]
E:\dev\Private\MSX\tools\SDCC\bin\..\lib  [ divsigned.rel ]
E:\dev\Private\MSX\tools\SDCC\bin\..\lib  [ divunsigned.rel ]
E:\dev\Private\MSX\tools\SDCC\bin\..\lib  [ mul.rel ]

ASxxxx Linker V02.00 + NoICE + sdld,  page 12.

User Base Address Definitions

_CODE = 0x4010
_DATA = 0xc000

