ASxxxx Linker V02.00 + NoICE + sdld,  page 1.
Hexadecimal

Area                               Addr   Size   Decimal Bytes (Attributes)
--------------------------------   ----   ----   ------- ----- ------------
.	.ABS.                            0000   0000 =      0. bytes (ABS,CON)

      Value  Global                              Global Defined In Module
      -----  ---------------------------------   ------------------------
            0000  .__.ABS.                         
            0000  l__CABS                          
            0000  l__DATA                          
            0000  l__GSFINAL                       
            0000  l__GSINIT                        
            0000  l__HOME                          
            0000  l__OVERLAY                       
            4010  s__CODE                          
            6D2B  l__CODE                          
            C000  _game                            
            C000  s__CABS                          
            C000  s__DATA                          
            C000  s__GSFINAL                       
            C000  s__GSINIT                        
            C000  s__HOME                          
            C000  s__OVERLAY                       
ASxxxx Linker V02.00 + NoICE + sdld,  page 2.
Hexadecimal

Area                               Addr   Size   Decimal Bytes (Attributes)
--------------------------------   ----   ----   ------- ----- ------------
_CODE                              4010   6D2B =  27947. bytes (REL,CON)

      Value  Global                              Global Defined In Module
      -----  ---------------------------------   ------------------------
            4010  _main                            
            4010  _main_start                      
            402A  _car1                            
            402A  _main_end                        
            491A  _car2                            
            520A  _car3                            
            5AFA  _car4                            
            63EA  _shadow                          
            6479  _charTable                       
            65F9  _trackTiles                      
            6DF9  _title                           
            7972  _defaultColor                    
            797A  _cars                            
            7986  _trackTiles01                    
            7A04  _track01                         
            7A10  _menuMain                        
            7A24  _menuMode                        
            7A3D  _menuTrack                       
            7A4C  _menuPlayer                      
            7A60  _menus                           
            7B3D  _MainLoop                        
            7B3D  _MainLoop_start                  
            7B56  _MainLoop_end                    
            7B56  _StateInitialize                 
            7B56  _StateInitialize_start           
            7D8F  _InitializeMenu                  
            7D8F  _InitializeMenu_start            
            7D8F  _StateInitialize_end             
            7F29  _InitializeMenu_end              
            7F29  _StateTitle                      
            7F29  _StateTitle_start                
            806A  _StartGame                       
            806A  _StartGame_start                 
            806A  _StateTitle_end                  
            8073  _StartGame_end                   
            8073  _StateMainMenu                   
            8073  _StateMainMenu_start             
            82D6  _StateMainMenu_end               
            82D8  _StateStartGame                  
            82D8  _StateStartGame_start            
            8528  _StateStartGame_end              
            8544  _StateUpdateGame                 
            8544  _StateUpdateGame_start           
            8E98  _InitializePlayer                
            8E98  _InitializePlayer_start          
            8E98  _StateUpdateGame_end             
            8F26  _AngleDifferent64                
            8F26  _AngleDifferent64_start          
            8F26  _InitializePlayer_end            
            8F56  _AngleDifferent64_end            
ASxxxx Linker V02.00 + NoICE + sdld,  page 3.
Hexadecimal

Area                               Addr   Size   Decimal Bytes (Attributes)
--------------------------------   ----   ----   ------- ----- ------------
_CODE                              4010   6D2B =  27947. bytes (REL,CON)

      Value  Global                              Global Defined In Module
      -----  ---------------------------------   ------------------------
            8F56  _VectorToAngle64                 
            8F56  _VectorToAngle64_start           
            9013  _CheckCollision                  
            9013  _CheckCollision_start            
            9013  _VectorToAngle64_end             
            91EA  _CheckCollision_end              
            91EA  _StateBuildTrack                 
            91EA  _StateBuildTrack_start           
            957C  _StateBuildTrack_end             
            9588  _StateShadeTrack                 
            9588  _StateShadeTrack_start           
            975B  _StateShadeTrack_end             
            9767  _DarkenColor                     
            9767  _DarkenColor_start               
            995E  _DarkenColor_end                 
            995E  _GrayGradiant                    
            995E  _GrayGradiant_start              
            998D  _DrawCharacter                   
            998D  _DrawCharacter_start             
            998D  _GrayGradiant_end                
            9A73  _DrawCharacter_end               
            9A73  _DrawText                        
            9A73  _DrawText_start                  
            9AFA  _DebugPrintInt                   
            9AFA  _DebugPrintInt_start             
            9AFA  _DrawText_end                    
            9C72  _DebugPrintInt_end               
            9C72  _Joystick                        
            9C72  _Joystick_start                  
            9C84  _Joystick_end                    
            9C84  _Joytrig                         
            9C84  _Joytrig_start                   
            9C98  _GetKeyMatrixLine                
            9C98  _GetKeyMatrixLine_start          
            9C98  _Joytrig_end                     
            9CAA  _GetKeyMatrixLine_end            
            9CAA  _SetScreen8                      
            9CAA  _SetScreen8_start                
            9CFC  _SetScreen8_end                  
            9CFC  _SetSpriteMode                   
            9CFC  _SetSpriteMode_start             
            9D49  _SetFreq                         
            9D49  _SetFreq_start                   
            9D49  _SetSpriteMode_end               
            9D6A  _SetFreq_end                     
            9D6A  _SetPage8                        
            9D6A  _SetPage8_start                  
            9D88  _DrawPoint8                      
            9D88  _DrawPoint8_start                
            9D88  _SetPage8_end                    
            9DF3  _DrawLine8                       
ASxxxx Linker V02.00 + NoICE + sdld,  page 4.
Hexadecimal

Area                               Addr   Size   Decimal Bytes (Attributes)
--------------------------------   ----   ----   ------- ----- ------------
_CODE                              4010   6D2B =  27947. bytes (REL,CON)

      Value  Global                              Global Defined In Module
      -----  ---------------------------------   ------------------------
            9DF3  _DrawLine8_start                 
            9DF3  _DrawPoint8_end                  
            9E01  _DrawLine8_end                   
            9E01  _waitRetrace                     
            9E01  _waitRetrace_start               
            9E0C  _WaitForVDP                      
            9E0C  _WaitForVDP_start                
            9E0C  _waitRetrace_end                 
            9E24  _WaitForVDP_end                  
            9E24  _WriteVRAM                       
            9E24  _WriteVRAM_start                 
            9E5C  _ReadVRAM                        
            9E5C  _ReadVRAM_start                  
            9E5C  _WriteVRAM_end                   
            9E89  _ReadVRAM_end                    
            9E89  _VPDCommandLoop                  
            9E89  _VPDCommandLoop_start            
            9EC1  _RAMtoVRAM                       
            9EC1  _RAMtoVRAM_start                 
            9EC1  _VPDCommandLoop_end              
            9F37  _RAMtoVRAMTrans                  
            9F37  _RAMtoVRAMTrans_start            
            9F37  _RAMtoVRAM_end                   
            9FAD  _FillVRAM                        
            9FAD  _FillVRAM_start                  
            9FAD  _RAMtoVRAMTrans_end              
            A014  _FillVRAM_end                    
            A014  _VRAMtoVRAM                      
            A014  _VRAMtoVRAM_start                
            A094  _VRAMtoVRAMTrans                 
            A094  _VRAMtoVRAMTrans_start           
            A094  _VRAMtoVRAM_end                  
            A114  _VPDCommand32                    
            A114  _VPDCommand32_start              
            A114  _VRAMtoVRAMTrans_end             
            A152  _VPDCommand32_end                
            A152  _VPDCommand36                    
            A152  _VPDCommand36_start              
            A188  _PrintSprite                     
            A188  _PrintSprite_start               
            A188  _VPDCommand36_end                
            A206  _ClearSprite                     
            A206  _ClearSprite_start               
            A206  _PrintSprite_end                 
            A218  _ClearSprite_end                 
            A218  _SetSpriteMultiColor             
            A218  _SetSpriteMultiColor_start       
            A2EB  _SetSpriteMultiColor_end         
            A2EB  _SetSpriteUniColor               
            A2EB  _SetSpriteUniColor_start         
            A3BC  _SetSpriteUniColor_end           
ASxxxx Linker V02.00 + NoICE + sdld,  page 5.
Hexadecimal

Area                               Addr   Size   Decimal Bytes (Attributes)
--------------------------------   ----   ----   ------- ----- ------------
_CODE                              4010   6D2B =  27947. bytes (REL,CON)

      Value  Global                              Global Defined In Module
      -----  ---------------------------------   ------------------------
            A3BC  _last_error                      
            A3BD  _open                            
            A3E4  _creat                           
            A40E  _close                           
            A425  _dup                             
            A446  _read                            
            A471  _write                           
            A49C  _lseek                           
            A4CA  _exit                            
            A4DD  __modschar_rrx_s                 
            A4E4  __modschar_rrx_hds               
            A4EA  __modsint_rrx_s                  
            A4F0  __modsint_rrx_hds                
            A4F6  __divsint_rrx_s                  
            A4FF  __divschar_rrx_s                 
            A506  __div8                           
            A506  __divschar_rrx_hds               
            A50A  __div_signexte                   
            A50E  __div16                          
            A50E  __divsint_rrx_hds                
            A534  __get_remainder                  
            A53E  __divuint_rrx_s                  
            A546  __divuchar_rrx_s                 
            A54D  __divu8                          
            A54D  __divuchar_rrx_hds               
            A550  __divu16                         
            A550  __divuint_rrx_hds                
            A582  __mulint_rrx_s                   
            A588  __mulint_rrx_hds                 
            A588  __muluchar_rrx_hds               
            A58A  __mul16                          
            A59E  __mullong_rrf_s                  
            A59E  __mullong_rrx_s                  
            A5A1  __modslong_rrf_s                 
            A5A1  __modslong_rrx_s                 
            A5A4  __modulong_rrf_s                 
            A5A4  __modulong_rrx_s                 
            A5A7  __divslong_rrf_s                 
            A5A7  __divslong_rrx_s                 
            A5AA  __divulong_rrf_s                 
            A5AA  __divulong_rrx_s                 
            A5AD  __mulint_rrf_s                   
            A5B3  __divsint_rrf_s                  
            A5B9  __divuint_rrf_s                  
            A5BF  __mulschar_rrf_s                 
            A5C5  __divschar_rrf_s                 
            A5CB  __modschar_rrf_s                 
            A5D1  __muluchar_rrf_s                 
            A5D7  __divuchar_rrf_s                 
            A5DD  __moduchar_rrf_s                 
            A5E3  __mulsuchar_rrf_s                
ASxxxx Linker V02.00 + NoICE + sdld,  page 6.
Hexadecimal

Area                               Addr   Size   Decimal Bytes (Attributes)
--------------------------------   ----   ----   ------- ----- ------------
_CODE                              4010   6D2B =  27947. bytes (REL,CON)

      Value  Global                              Global Defined In Module
      -----  ---------------------------------   ------------------------
            A5E9  __divsuchar_rrf_s                
            A5EF  __modsuchar_rrf_s                
            A5F5  __muluschar_rrf_s                
            A5FB  __divuschar_rrf_s                
            A601  __moduschar_rrf_s                
            A607  __modsint_rrf_s                  
            A60D  __moduint_rrf_s                  
            A613  __rrulong_rrf_s                  
            A619  __rrslong_rrf_s                  
            A61F  __rlulong_rrf_s                  
            A625  __rlslong_rrf_s                  
            A62B  __mullong                        
            A62B  __mullong_start                  
            A8D3  __moduchar_rrx_s                 
            A8D3  __mullong_end                    
            A8DA  __moduchar_rrx_hds               
            A8DF  __moduint_rrx_s                  
            A8E5  __moduint_rrx_hds                
            A8EA  __rrulong_rrx_s                  
            A904  __rrslong_rrx_s                  
            A91E  __rlslong_rrx_s                  
            A91E  __rlulong_rrx_s                  
            A935  __modsuchar_rrx_s                
            A944  __moduschar_rrx_s                
            A956  __divsuchar_rrx_s                
            A962  __divuschar_rrx_s                
            A971  __muluchar_rrx_s                 
            A983  __mulsuchar_rrx_s                
            A98D  __muluschar_rrx_s                
            A997  __mulschar_rrx_s                 
            A99E  __mulschar_rrx_hds               
            A9AA  __modslong                       
            A9AA  __modslong_start                 
            AA7F  __modslong_end                   
            AA7F  __modulong                       
            AA7F  __modulong_start                 
            AB86  __divslong                       
            AB86  __divslong_start                 
            AB86  __modulong_end                   
            AC68  __divslong_end                   
            AC68  __divulong                       
            AC68  __divulong_start                 
            AD3B  __divulong_end                   

ASxxxx Linker V02.00 + NoICE + sdld,  page 7.
Hexadecimal

Area                               Addr   Size   Decimal Bytes (Attributes)
--------------------------------   ----   ----   ------- ----- ------------
_DATA                              C000   0000 =      0. bytes (REL,CON)

      Value  Global                              Global Defined In Module
      -----  ---------------------------------   ------------------------
ASxxxx Linker V02.00 + NoICE + sdld,  page 8.
Hexadecimal

Area                               Addr   Size   Decimal Bytes (Attributes)
--------------------------------   ----   ----   ------- ----- ------------
_OVERLAY                           C000   0000 =      0. bytes (REL,CON)

      Value  Global                              Global Defined In Module
      -----  ---------------------------------   ------------------------
ASxxxx Linker V02.00 + NoICE + sdld,  page 9.
Hexadecimal

Area                               Addr   Size   Decimal Bytes (Attributes)
--------------------------------   ----   ----   ------- ----- ------------
_HOME                              C000   0000 =      0. bytes (REL,CON)

      Value  Global                              Global Defined In Module
      -----  ---------------------------------   ------------------------
ASxxxx Linker V02.00 + NoICE + sdld,  page 10.
Hexadecimal

Area                               Addr   Size   Decimal Bytes (Attributes)
--------------------------------   ----   ----   ------- ----- ------------
_GSINIT                            C000   0000 =      0. bytes (REL,CON)

      Value  Global                              Global Defined In Module
      -----  ---------------------------------   ------------------------
ASxxxx Linker V02.00 + NoICE + sdld,  page 11.
Hexadecimal

Area                               Addr   Size   Decimal Bytes (Attributes)
--------------------------------   ----   ----   ------- ----- ------------
_GSFINAL                           C000   0000 =      0. bytes (REL,CON)

      Value  Global                              Global Defined In Module
      -----  ---------------------------------   ------------------------
ASxxxx Linker V02.00 + NoICE + sdld,  page 12.
Hexadecimal

Area                               Addr   Size   Decimal Bytes (Attributes)
--------------------------------   ----   ----   ------- ----- ------------
_CABS                              C000   0000 =      0. bytes (REL,CON)

      Value  Global                              Global Defined In Module
      -----  ---------------------------------   ------------------------
ASxxxx Linker V02.00 + NoICE + sdld,  page 13.

Files Linked                              [ module(s) ]

carwar.rel                                [ carwar ]
bios.rel                                  [ bios ]
video.rel                                 [ video ]
files.rel                                 [  ]


Libraries Linked                          [ object file ]

C:\Dev\program\msx\tools\SDCC\bin\..\lib  [ modsigned.rel ]
C:\Dev\program\msx\tools\SDCC\bin\..\lib  [ divsigned.rel ]
C:\Dev\program\msx\tools\SDCC\bin\..\lib  [ divunsigned.rel ]
C:\Dev\program\msx\tools\SDCC\bin\..\lib  [ mul.rel ]
C:\Dev\program\msx\tools\SDCC\bin\..\lib  [ stubs.rel ]
C:\Dev\program\msx\tools\SDCC\bin\..\lib  [ _mullong.rel ]
C:\Dev\program\msx\tools\SDCC\bin\..\lib  [ modunsigned.rel ]
C:\Dev\program\msx\tools\SDCC\bin\..\lib  [ shift.rel ]
C:\Dev\program\msx\tools\SDCC\bin\..\lib  [ modmixed.rel ]
C:\Dev\program\msx\tools\SDCC\bin\..\lib  [ divmixed.rel ]
C:\Dev\program\msx\tools\SDCC\bin\..\lib  [ mulchar.rel ]
C:\Dev\program\msx\tools\SDCC\bin\..\lib  [ _modslong.rel ]
C:\Dev\program\msx\tools\SDCC\bin\..\lib  [ _modulong.rel ]
C:\Dev\program\msx\tools\SDCC\bin\..\lib  [ _divslong.rel ]
C:\Dev\program\msx\tools\SDCC\bin\..\lib  [ _divulong.rel ]

ASxxxx Linker V02.00 + NoICE + sdld,  page 14.

User Base Address Definitions

_CODE = 0x4010
_DATA = 0xc000

