ASxxxx Linker V02.00 + NoICE + sdld,  page 1.
Hexadecimal

Area                               Addr   Size   Decimal Bytes (Attributes)
--------------------------------   ----   ----   ------- ----- ------------
.	.ABS.                            0000   0000 =      0. bytes (ABS,CON)

      Value  Global                              Global Defined In Module
      -----  ---------------------------------   ------------------------
            0000  .__.ABS.                         
            0000  l__CABS                          
            0000  l__DATA                          
            0000  l__GSFINAL                       
            0000  l__GSINIT                        
            0000  l__HOME                          
            0000  l__OVERLAY                       
            4010  s__CODE                          
            5BAD  l__CODE                          
            C000  _game                            
            C000  s__CABS                          
            C000  s__DATA                          
            C000  s__GSFINAL                       
            C000  s__GSINIT                        
            C000  s__HOME                          
            C000  s__OVERLAY                       
ASxxxx Linker V02.00 + NoICE + sdld,  page 2.
Hexadecimal

Area                               Addr   Size   Decimal Bytes (Attributes)
--------------------------------   ----   ----   ------- ----- ------------
_CODE                              4010   5BAD =  23469. bytes (REL,CON)

      Value  Global                              Global Defined In Module
      -----  ---------------------------------   ------------------------
            4010  _main                            
            4010  _main_start                      
            402A  _car1                            
            402A  _main_end                        
            491A  _car2                            
            520A  _car3                            
            5AFA  _car4                            
            63EA  _shadow                          
            6479  _charTable                       
            65F9  _trackTiles                      
            6DF9  _title                           
            7572  _defaultColor                    
            757A  _cars                            
            7586  _track01                         
            7604  _menuMain                        
            7618  _menuMode                        
            7631  _menuTrack                       
            7640  _menuPlayer                      
            7654  _menus                           
            7731  _MainLoop                        
            7731  _MainLoop_start                  
            774A  _MainLoop_end                    
            774A  _StateInitialize                 
            774A  _StateInitialize_start           
            797B  _InitializeMenu                  
            797B  _InitializeMenu_start            
            797B  _StateInitialize_end             
            7B15  _InitializeMenu_end              
            7B15  _StateTitle                      
            7B15  _StateTitle_start                
            7C56  _StartGame                       
            7C56  _StartGame_start                 
            7C56  _StateTitle_end                  
            7C5F  _StartGame_end                   
            7C5F  _StateMainMenu                   
            7C5F  _StateMainMenu_start             
            7EC2  _StateMainMenu_end               
            7EC4  _StateStartGame                  
            7EC4  _StateStartGame_start            
            80F7  _StateStartGame_end              
            8113  _StateUpdateGame                 
            8113  _StateUpdateGame_start           
            87DD  _InitializePlayer                
            87DD  _InitializePlayer_start          
            87DD  _StateUpdateGame_end             
            88B7  _CheckCollision                  
            88B7  _CheckCollision_start            
            88B7  _InitializePlayer_end            
            8A0A  _CheckCollision_end              
            8A0A  _StateBuildTrack                 
ASxxxx Linker V02.00 + NoICE + sdld,  page 3.
Hexadecimal

Area                               Addr   Size   Decimal Bytes (Attributes)
--------------------------------   ----   ----   ------- ----- ------------
_CODE                              4010   5BAD =  23469. bytes (REL,CON)

      Value  Global                              Global Defined In Module
      -----  ---------------------------------   ------------------------
            8A0A  _StateBuildTrack_start           
            8D43  _StateBuildTrack_end             
            8D4F  _StateShadeTrack                 
            8D4F  _StateShadeTrack_start           
            8F22  _StateShadeTrack_end             
            8F2E  _DarkenColor                     
            8F2E  _DarkenColor_start               
            9125  _DarkenColor_end                 
            9125  _GrayGradiant                    
            9125  _GrayGradiant_start              
            9154  _DrawCharacter                   
            9154  _DrawCharacter_start             
            9154  _GrayGradiant_end                
            923A  _DrawCharacter_end               
            923A  _DrawText                        
            923A  _DrawText_start                  
            92C1  _DrawText_end                    
            92C1  _Joystick                        
            92C1  _Joystick_start                  
            92D3  _Joystick_end                    
            92D3  _Joytrig                         
            92D3  _Joytrig_start                   
            92E7  _GetKeyMatrixLine                
            92E7  _GetKeyMatrixLine_start          
            92E7  _Joytrig_end                     
            92F9  _GetKeyMatrixLine_end            
            92F9  _SetScreen8                      
            92F9  _SetScreen8_start                
            933C  _SetScreen8_end                  
            933C  _SetSpriteMode                   
            933C  _SetSpriteMode_start             
            9389  _SetPage8                        
            9389  _SetPage8_start                  
            9389  _SetSpriteMode_end               
            93A7  _DrawPoint8                      
            93A7  _DrawPoint8_start                
            93A7  _SetPage8_end                    
            9412  _DrawLine8                       
            9412  _DrawLine8_start                 
            9412  _DrawPoint8_end                  
            9420  _DrawLine8_end                   
            9420  _waitRetrace                     
            9420  _waitRetrace_start               
            942B  _WaitForVDP                      
            942B  _WaitForVDP_start                
            942B  _waitRetrace_end                 
            9443  _WaitForVDP_end                  
            9443  _WriteVRAM                       
            9443  _WriteVRAM_start                 
            947B  _ReadVRAM                        
            947B  _ReadVRAM_start                  
ASxxxx Linker V02.00 + NoICE + sdld,  page 4.
Hexadecimal

Area                               Addr   Size   Decimal Bytes (Attributes)
--------------------------------   ----   ----   ------- ----- ------------
_CODE                              4010   5BAD =  23469. bytes (REL,CON)

      Value  Global                              Global Defined In Module
      -----  ---------------------------------   ------------------------
            947B  _WriteVRAM_end                   
            94A8  _ReadVRAM_end                    
            94A8  _VPDCommandLoop                  
            94A8  _VPDCommandLoop_start            
            94E0  _RAMtoVRAM                       
            94E0  _RAMtoVRAM_start                 
            94E0  _VPDCommandLoop_end              
            9556  _RAMtoVRAMTrans                  
            9556  _RAMtoVRAMTrans_start            
            9556  _RAMtoVRAM_end                   
            95CC  _FillVRAM                        
            95CC  _FillVRAM_start                  
            95CC  _RAMtoVRAMTrans_end              
            9633  _FillVRAM_end                    
            9633  _VRAMtoVRAM                      
            9633  _VRAMtoVRAM_start                
            96B3  _VRAMtoVRAMTrans                 
            96B3  _VRAMtoVRAMTrans_start           
            96B3  _VRAMtoVRAM_end                  
            9733  _VPDCommand32                    
            9733  _VPDCommand32_start              
            9733  _VRAMtoVRAMTrans_end             
            9771  _VPDCommand32_end                
            9771  _VPDCommand36                    
            9771  _VPDCommand36_start              
            97A7  _PrintSprite                     
            97A7  _PrintSprite_start               
            97A7  _VPDCommand36_end                
            9825  _ClearSprite                     
            9825  _ClearSprite_start               
            9825  _PrintSprite_end                 
            9837  _ClearSprite_end                 
            9837  _SetSpriteMultiColor             
            9837  _SetSpriteMultiColor_start       
            990A  _SetSpriteMultiColor_end         
            990A  _SetSpriteUniColor               
            990A  _SetSpriteUniColor_start         
            99DB  _SetSpriteUniColor_end           
            99DB  _last_error                      
            99DC  _open                            
            9A03  _creat                           
            9A2D  _close                           
            9A44  _dup                             
            9A65  _read                            
            9A90  _write                           
            9ABB  _lseek                           
            9AE9  _exit                            
            9AFC  __modschar_rrx_s                 
            9B03  __modschar_rrx_hds               
            9B09  __modsint_rrx_s                  
            9B0F  __modsint_rrx_hds                
ASxxxx Linker V02.00 + NoICE + sdld,  page 5.
Hexadecimal

Area                               Addr   Size   Decimal Bytes (Attributes)
--------------------------------   ----   ----   ------- ----- ------------
_CODE                              4010   5BAD =  23469. bytes (REL,CON)

      Value  Global                              Global Defined In Module
      -----  ---------------------------------   ------------------------
            9B15  __divsint_rrx_s                  
            9B1E  __divschar_rrx_s                 
            9B25  __div8                           
            9B25  __divschar_rrx_hds               
            9B29  __div_signexte                   
            9B2D  __div16                          
            9B2D  __divsint_rrx_hds                
            9B53  __get_remainder                  
            9B5D  __divuint_rrx_s                  
            9B65  __divuchar_rrx_s                 
            9B6C  __divu8                          
            9B6C  __divuchar_rrx_hds               
            9B6F  __divu16                         
            9B6F  __divuint_rrx_hds                
            9BA1  __mulint_rrx_s                   
            9BA7  __mulint_rrx_hds                 
            9BA7  __muluchar_rrx_hds               
            9BA9  __mul16                          

ASxxxx Linker V02.00 + NoICE + sdld,  page 6.
Hexadecimal

Area                               Addr   Size   Decimal Bytes (Attributes)
--------------------------------   ----   ----   ------- ----- ------------
_DATA                              C000   0000 =      0. bytes (REL,CON)

      Value  Global                              Global Defined In Module
      -----  ---------------------------------   ------------------------
ASxxxx Linker V02.00 + NoICE + sdld,  page 7.
Hexadecimal

Area                               Addr   Size   Decimal Bytes (Attributes)
--------------------------------   ----   ----   ------- ----- ------------
_OVERLAY                           C000   0000 =      0. bytes (REL,CON)

      Value  Global                              Global Defined In Module
      -----  ---------------------------------   ------------------------
ASxxxx Linker V02.00 + NoICE + sdld,  page 8.
Hexadecimal

Area                               Addr   Size   Decimal Bytes (Attributes)
--------------------------------   ----   ----   ------- ----- ------------
_HOME                              C000   0000 =      0. bytes (REL,CON)

      Value  Global                              Global Defined In Module
      -----  ---------------------------------   ------------------------
ASxxxx Linker V02.00 + NoICE + sdld,  page 9.
Hexadecimal

Area                               Addr   Size   Decimal Bytes (Attributes)
--------------------------------   ----   ----   ------- ----- ------------
_GSINIT                            C000   0000 =      0. bytes (REL,CON)

      Value  Global                              Global Defined In Module
      -----  ---------------------------------   ------------------------
ASxxxx Linker V02.00 + NoICE + sdld,  page 10.
Hexadecimal

Area                               Addr   Size   Decimal Bytes (Attributes)
--------------------------------   ----   ----   ------- ----- ------------
_GSFINAL                           C000   0000 =      0. bytes (REL,CON)

      Value  Global                              Global Defined In Module
      -----  ---------------------------------   ------------------------
ASxxxx Linker V02.00 + NoICE + sdld,  page 11.
Hexadecimal

Area                               Addr   Size   Decimal Bytes (Attributes)
--------------------------------   ----   ----   ------- ----- ------------
_CABS                              C000   0000 =      0. bytes (REL,CON)

      Value  Global                              Global Defined In Module
      -----  ---------------------------------   ------------------------
ASxxxx Linker V02.00 + NoICE + sdld,  page 12.

Files Linked                              [ module(s) ]

carwar.rel                                [ carwar ]
bios.rel                                  [ bios ]
video.rel                                 [ video ]
files.rel                                 [  ]


Libraries Linked                          [ object file ]

C:\Dev\program\msx\tools\SDCC\bin\..\lib  [ modsigned.rel ]
C:\Dev\program\msx\tools\SDCC\bin\..\lib  [ divsigned.rel ]
C:\Dev\program\msx\tools\SDCC\bin\..\lib  [ divunsigned.rel ]
C:\Dev\program\msx\tools\SDCC\bin\..\lib  [ mul.rel ]

ASxxxx Linker V02.00 + NoICE + sdld,  page 13.

User Base Address Definitions

_CODE = 0x4010
_DATA = 0xc000

