ASxxxx Linker V02.00 + NoICE + sdld,  page 1.
Hexadecimal

Area                               Addr   Size   Decimal Bytes (Attributes)
--------------------------------   ----   ----   ------- ----- ------------
.	.ABS.                            0000   0000 =      0. bytes (ABS,CON)

      Value  Global                              Global Defined In Module
      -----  ---------------------------------   ------------------------
            0000  .__.ABS.                         
            0000  l__CABS                          
            0000  l__DATA                          
            0000  l__GSFINAL                       
            0000  l__GSINIT                        
            0000  l__HOME                          
            0000  l__OVERLAY                       
            4010  s__CODE                          
            54FC  l__CODE                          
            C000  _game                            
            C000  s__CABS                          
            C000  s__DATA                          
            C000  s__GSFINAL                       
            C000  s__GSINIT                        
            C000  s__HOME                          
            C000  s__OVERLAY                       
ASxxxx Linker V02.00 + NoICE + sdld,  page 2.
Hexadecimal

Area                               Addr   Size   Decimal Bytes (Attributes)
--------------------------------   ----   ----   ------- ----- ------------
_CODE                              4010   54FC =  21756. bytes (REL,CON)

      Value  Global                              Global Defined In Module
      -----  ---------------------------------   ------------------------
            4010  _main                            
            4010  _main_start                      
            402A  _car1                            
            402A  _main_end                        
            491A  _car2                            
            520A  _car3                            
            5AFA  _car4                            
            63EA  _shadow                          
            6479  _charTable                       
            65F9  _trackTiles                      
            6DF9  _title                           
            71B1  _defaultColor                    
            71B9  _cars                            
            71C5  _track01                         
            7243  _menus                           
            72EC  _MainLoop                        
            72EC  _MainLoop_start                  
            7305  _MainLoop_end                    
            7305  _StateInitialize                 
            7305  _StateInitialize_start           
            7536  _InitializeMenu                  
            7536  _InitializeMenu_start            
            7536  _StateInitialize_end             
            7576  _InitializeMenu_end              
            7576  _StateTitle                      
            7576  _StateTitle_start                
            7699  _StateMainMenu                   
            7699  _StateMainMenu_start             
            7699  _StateTitle_end                  
            7884  _StateMainMenu_end               
            7886  _StateStartGame                  
            7886  _StateStartGame_start            
            7ABC  _StateStartGame_end              
            7AD8  _StateUpdateGame                 
            7AD8  _StateUpdateGame_start           
            81A2  _InitializePlayer                
            81A2  _InitializePlayer_start          
            81A2  _StateUpdateGame_end             
            827C  _CheckCollision                  
            827C  _CheckCollision_start            
            827C  _InitializePlayer_end            
            83CF  _CheckCollision_end              
            83CF  _StateBuildTrack                 
            83CF  _StateBuildTrack_start           
            8708  _StateBuildTrack_end             
            8714  _StateShadeTrack                 
            8714  _StateShadeTrack_start           
            88E7  _StateShadeTrack_end             
            88F3  _DarkenColor                     
            88F3  _DarkenColor_start               
ASxxxx Linker V02.00 + NoICE + sdld,  page 3.
Hexadecimal

Area                               Addr   Size   Decimal Bytes (Attributes)
--------------------------------   ----   ----   ------- ----- ------------
_CODE                              4010   54FC =  21756. bytes (REL,CON)

      Value  Global                              Global Defined In Module
      -----  ---------------------------------   ------------------------
            8AEA  _DarkenColor_end                 
            8AEA  _GrayGradiant                    
            8AEA  _GrayGradiant_start              
            8B19  _DrawCharacter                   
            8B19  _DrawCharacter_start             
            8B19  _GrayGradiant_end                
            8B83  _DrawCharacter_end               
            8B83  _DrawText                        
            8B83  _DrawText_start                  
            8C10  _DrawText_end                    
            8C10  _Joystick                        
            8C10  _Joystick_start                  
            8C22  _Joystick_end                    
            8C22  _Joytrig                         
            8C22  _Joytrig_start                   
            8C36  _GetKeyMatrixLine                
            8C36  _GetKeyMatrixLine_start          
            8C36  _Joytrig_end                     
            8C48  _GetKeyMatrixLine_end            
            8C48  _SetScreen8                      
            8C48  _SetScreen8_start                
            8C8B  _SetScreen8_end                  
            8C8B  _SetSpriteMode                   
            8C8B  _SetSpriteMode_start             
            8CD8  _SetPage8                        
            8CD8  _SetPage8_start                  
            8CD8  _SetSpriteMode_end               
            8CF6  _DrawPoint8                      
            8CF6  _DrawPoint8_start                
            8CF6  _SetPage8_end                    
            8D61  _DrawLine8                       
            8D61  _DrawLine8_start                 
            8D61  _DrawPoint8_end                  
            8D6F  _DrawLine8_end                   
            8D6F  _waitRetrace                     
            8D6F  _waitRetrace_start               
            8D7A  _WaitForVDP                      
            8D7A  _WaitForVDP_start                
            8D7A  _waitRetrace_end                 
            8D92  _WaitForVDP_end                  
            8D92  _WriteVRAM                       
            8D92  _WriteVRAM_start                 
            8DCA  _ReadVRAM                        
            8DCA  _ReadVRAM_start                  
            8DCA  _WriteVRAM_end                   
            8DF7  _ReadVRAM_end                    
            8DF7  _VPDCommandLoop                  
            8DF7  _VPDCommandLoop_start            
            8E2F  _RAMtoVRAM                       
            8E2F  _RAMtoVRAM_start                 
            8E2F  _VPDCommandLoop_end              
ASxxxx Linker V02.00 + NoICE + sdld,  page 4.
Hexadecimal

Area                               Addr   Size   Decimal Bytes (Attributes)
--------------------------------   ----   ----   ------- ----- ------------
_CODE                              4010   54FC =  21756. bytes (REL,CON)

      Value  Global                              Global Defined In Module
      -----  ---------------------------------   ------------------------
            8EA5  _RAMtoVRAMTrans                  
            8EA5  _RAMtoVRAMTrans_start            
            8EA5  _RAMtoVRAM_end                   
            8F1B  _FillVRAM                        
            8F1B  _FillVRAM_start                  
            8F1B  _RAMtoVRAMTrans_end              
            8F82  _FillVRAM_end                    
            8F82  _VRAMtoVRAM                      
            8F82  _VRAMtoVRAM_start                
            9002  _VRAMtoVRAMTrans                 
            9002  _VRAMtoVRAMTrans_start           
            9002  _VRAMtoVRAM_end                  
            9082  _VPDCommand32                    
            9082  _VPDCommand32_start              
            9082  _VRAMtoVRAMTrans_end             
            90C0  _VPDCommand32_end                
            90C0  _VPDCommand36                    
            90C0  _VPDCommand36_start              
            90F6  _PrintSprite                     
            90F6  _PrintSprite_start               
            90F6  _VPDCommand36_end                
            9174  _ClearSprite                     
            9174  _ClearSprite_start               
            9174  _PrintSprite_end                 
            9186  _ClearSprite_end                 
            9186  _SetSpriteMultiColor             
            9186  _SetSpriteMultiColor_start       
            9259  _SetSpriteMultiColor_end         
            9259  _SetSpriteUniColor               
            9259  _SetSpriteUniColor_start         
            932A  _SetSpriteUniColor_end           
            932A  _last_error                      
            932B  _open                            
            9352  _creat                           
            937C  _close                           
            9393  _dup                             
            93B4  _read                            
            93DF  _write                           
            940A  _lseek                           
            9438  _exit                            
            944B  __modschar_rrx_s                 
            9452  __modschar_rrx_hds               
            9458  __modsint_rrx_s                  
            945E  __modsint_rrx_hds                
            9464  __divsint_rrx_s                  
            946D  __divschar_rrx_s                 
            9474  __div8                           
            9474  __divschar_rrx_hds               
            9478  __div_signexte                   
            947C  __div16                          
            947C  __divsint_rrx_hds                
ASxxxx Linker V02.00 + NoICE + sdld,  page 5.
Hexadecimal

Area                               Addr   Size   Decimal Bytes (Attributes)
--------------------------------   ----   ----   ------- ----- ------------
_CODE                              4010   54FC =  21756. bytes (REL,CON)

      Value  Global                              Global Defined In Module
      -----  ---------------------------------   ------------------------
            94A2  __get_remainder                  
            94AC  __divuint_rrx_s                  
            94B4  __divuchar_rrx_s                 
            94BB  __divu8                          
            94BB  __divuchar_rrx_hds               
            94BE  __divu16                         
            94BE  __divuint_rrx_hds                
            94F0  __mulint_rrx_s                   
            94F6  __mulint_rrx_hds                 
            94F6  __muluchar_rrx_hds               
            94F8  __mul16                          

ASxxxx Linker V02.00 + NoICE + sdld,  page 6.
Hexadecimal

Area                               Addr   Size   Decimal Bytes (Attributes)
--------------------------------   ----   ----   ------- ----- ------------
_DATA                              C000   0000 =      0. bytes (REL,CON)

      Value  Global                              Global Defined In Module
      -----  ---------------------------------   ------------------------
ASxxxx Linker V02.00 + NoICE + sdld,  page 7.
Hexadecimal

Area                               Addr   Size   Decimal Bytes (Attributes)
--------------------------------   ----   ----   ------- ----- ------------
_OVERLAY                           C000   0000 =      0. bytes (REL,CON)

      Value  Global                              Global Defined In Module
      -----  ---------------------------------   ------------------------
ASxxxx Linker V02.00 + NoICE + sdld,  page 8.
Hexadecimal

Area                               Addr   Size   Decimal Bytes (Attributes)
--------------------------------   ----   ----   ------- ----- ------------
_HOME                              C000   0000 =      0. bytes (REL,CON)

      Value  Global                              Global Defined In Module
      -----  ---------------------------------   ------------------------
ASxxxx Linker V02.00 + NoICE + sdld,  page 9.
Hexadecimal

Area                               Addr   Size   Decimal Bytes (Attributes)
--------------------------------   ----   ----   ------- ----- ------------
_GSINIT                            C000   0000 =      0. bytes (REL,CON)

      Value  Global                              Global Defined In Module
      -----  ---------------------------------   ------------------------
ASxxxx Linker V02.00 + NoICE + sdld,  page 10.
Hexadecimal

Area                               Addr   Size   Decimal Bytes (Attributes)
--------------------------------   ----   ----   ------- ----- ------------
_GSFINAL                           C000   0000 =      0. bytes (REL,CON)

      Value  Global                              Global Defined In Module
      -----  ---------------------------------   ------------------------
ASxxxx Linker V02.00 + NoICE + sdld,  page 11.
Hexadecimal

Area                               Addr   Size   Decimal Bytes (Attributes)
--------------------------------   ----   ----   ------- ----- ------------
_CABS                              C000   0000 =      0. bytes (REL,CON)

      Value  Global                              Global Defined In Module
      -----  ---------------------------------   ------------------------
ASxxxx Linker V02.00 + NoICE + sdld,  page 12.

Files Linked                              [ module(s) ]

carwar.rel                                [ carwar ]
bios.rel                                  [ bios ]
video.rel                                 [ video ]
files.rel                                 [  ]


Libraries Linked                          [ object file ]

E:\dev\Private\MSX\tools\SDCC\bin\..\lib  [ modsigned.rel ]
E:\dev\Private\MSX\tools\SDCC\bin\..\lib  [ divsigned.rel ]
E:\dev\Private\MSX\tools\SDCC\bin\..\lib  [ divunsigned.rel ]
E:\dev\Private\MSX\tools\SDCC\bin\..\lib  [ mul.rel ]

ASxxxx Linker V02.00 + NoICE + sdld,  page 13.

User Base Address Definitions

_CODE = 0x4010
_DATA = 0xc000

