ASxxxx Linker V02.00 + NoICE + sdld,  page 1.
Hexadecimal

Area                               Addr   Size   Decimal Bytes (Attributes)
--------------------------------   ----   ----   ------- ----- ------------
.	.ABS.                            0000   0000 =      0. bytes (ABS,CON)

      Value  Global                              Global Defined In Module
      -----  ---------------------------------   ------------------------
            0000  .__.ABS.                         
            0000  l__CABS                          
            0000  l__DATA                          
            0000  l__GSFINAL                       
            0000  l__GSINIT                        
            0000  l__HOME                          
            0000  l__OVERLAY                       
            381C  l__CODE                          
            4010  s__CODE                          
            C000  _ply                             
            C000  s__CABS                          
            C000  s__DATA                          
            C000  s__GSFINAL                       
            C000  s__GSINIT                        
            C000  s__HOME                          
            C000  s__OVERLAY                       
            C100  _buffer36                        
            C200  _buffer32                        

ASxxxx Linker V02.00 + NoICE + sdld,  page 2.
Hexadecimal

Area                               Addr   Size   Decimal Bytes (Attributes)
--------------------------------   ----   ----   ------- ----- ------------
_CODE                              4010   381C =  14364. bytes (REL,CON)

      Value  Global                              Global Defined In Module
      -----  ---------------------------------   ------------------------
            4010  _main                            
            4010  _main_start                      
            402A  _car1                            
            402A  _main_end                        
            491A  _car2                            
            520A  _car3                            
            5AFA  _car4                            
            63EA  _shadow                          
            6479  _charTable                       
            6639  _backgound                       
            66C8  _defaultColor                    
            66D0  _MainLoop                        
            66D0  _MainLoop_start                  
            6EF0  _MainLoop_end                    
            6F15  _InitializePlayer                
            6F15  _InitializePlayer_start          
            6F9A  _InitializePlayer_end            
            6F9A  _SetScreen8                      
            6F9A  _SetScreen8_start                
            6FE2  _SetScreen8_end                  
            6FE2  _SetSpriteMode                   
            6FE2  _SetSpriteMode_start             
            702C  _SetFreq                         
            702C  _SetFreq_start                   
            702C  _SetSpriteMode_end               
            704D  _SetFreq_end                     
            704D  _SetPage8                        
            704D  _SetPage8_start                  
            7068  _DrawPoint8                      
            7068  _DrawPoint8_start                
            7068  _SetPage8_end                    
            70B0  _DrawLine8                       
            70B0  _DrawLine8_start                 
            70B0  _DrawPoint8_end                  
            70BE  _DrawLine8_end                   
            70BE  _waitRetrace                     
            70BE  _waitRetrace_start               
            70C9  _WaitForVDP                      
            70C9  _WaitForVDP_start                
            70C9  _waitRetrace_end                 
            70E1  _WaitForVDP_end                  
            70E1  _WriteToVRAM8                    
            70E1  _WriteToVRAM8_start              
            7111  _VPDCommandLoop                  
            7111  _VPDCommandLoop_start            
            7111  _WriteToVRAM8_end                
            7149  _RAMtoVRAM16                     
            7149  _RAMtoVRAM16_start               
            7149  _VPDCommandLoop_end              
            71BF  _RAMtoVRAM                       
ASxxxx Linker V02.00 + NoICE + sdld,  page 3.
Hexadecimal

Area                               Addr   Size   Decimal Bytes (Attributes)
--------------------------------   ----   ----   ------- ----- ------------
_CODE                              4010   381C =  14364. bytes (REL,CON)

      Value  Global                              Global Defined In Module
      -----  ---------------------------------   ------------------------
            71BF  _RAMtoVRAM16_end                 
            71BF  _RAMtoVRAM_start                 
            725E  _RAMtoVRAMTrans                  
            725E  _RAMtoVRAMTrans_start            
            725E  _RAMtoVRAM_end                   
            72FD  _FillVRAM                        
            72FD  _FillVRAM_start                  
            72FD  _RAMtoVRAMTrans_end              
            7364  _FillVRAM_end                    
            7364  _VRAMtoVRAM                      
            7364  _VRAMtoVRAM_start                
            742A  _VRAMtoVRAM16                    
            742A  _VRAMtoVRAM16_start              
            742A  _VRAMtoVRAM_end                  
            74AA  _VRAMtoVRAM16_end                
            74AA  _VRAMtoVRAMTrans                 
            74AA  _VRAMtoVRAMTrans_start           
            7570  _VPDCommand32                    
            7570  _VPDCommand32_start              
            7570  _VRAMtoVRAMTrans_end             
            75AE  _VPDCommand32_end                
            75AE  _VPDCommand36                    
            75AE  _VPDCommand36_start              
            75E4  _PrintSprite                     
            75E4  _PrintSprite_start               
            75E4  _VPDCommand36_end                
            764B  _ClearSprite                     
            764B  _ClearSprite_start               
            764B  _PrintSprite_end                 
            7658  _ClearSprite_end                 
            7658  _SetSprite                       
            7658  _SetSprite_start                 
            7733  _Joystick                        
            7733  _Joystick_start                  
            7733  _SetSprite_end                   
            7745  _Joystick_end                    
            7745  _Joytrig                         
            7745  _Joytrig_start                   
            7759  _GetKeyMatrixLine                
            7759  _GetKeyMatrixLine_start          
            7759  _Joytrig_end                     
            776B  _GetKeyMatrixLine_end            
            776B  __modschar_rrx_s                 
            7772  __modschar_rrx_hds               
            7778  __modsint_rrx_s                  
            777E  __modsint_rrx_hds                
            7784  __divsint_rrx_s                  
            778D  __divschar_rrx_s                 
            7794  __div8                           
            7794  __divschar_rrx_hds               
            7798  __div_signexte                   
ASxxxx Linker V02.00 + NoICE + sdld,  page 4.
Hexadecimal

Area                               Addr   Size   Decimal Bytes (Attributes)
--------------------------------   ----   ----   ------- ----- ------------
_CODE                              4010   381C =  14364. bytes (REL,CON)

      Value  Global                              Global Defined In Module
      -----  ---------------------------------   ------------------------
            779C  __div16                          
            779C  __divsint_rrx_hds                
            77C2  __get_remainder                  
            77CC  __divuint_rrx_s                  
            77D4  __divuchar_rrx_s                 
            77DB  __divu8                          
            77DB  __divuchar_rrx_hds               
            77DE  __divu16                         
            77DE  __divuint_rrx_hds                
            7810  __mulint_rrx_s                   
            7816  __mulint_rrx_hds                 
            7816  __muluchar_rrx_hds               
            7818  __mul16                          

ASxxxx Linker V02.00 + NoICE + sdld,  page 5.
Hexadecimal

Area                               Addr   Size   Decimal Bytes (Attributes)
--------------------------------   ----   ----   ------- ----- ------------
_DATA                              C000   0000 =      0. bytes (REL,CON)

      Value  Global                              Global Defined In Module
      -----  ---------------------------------   ------------------------
ASxxxx Linker V02.00 + NoICE + sdld,  page 6.
Hexadecimal

Area                               Addr   Size   Decimal Bytes (Attributes)
--------------------------------   ----   ----   ------- ----- ------------
_OVERLAY                           C000   0000 =      0. bytes (REL,CON)

      Value  Global                              Global Defined In Module
      -----  ---------------------------------   ------------------------
ASxxxx Linker V02.00 + NoICE + sdld,  page 7.
Hexadecimal

Area                               Addr   Size   Decimal Bytes (Attributes)
--------------------------------   ----   ----   ------- ----- ------------
_HOME                              C000   0000 =      0. bytes (REL,CON)

      Value  Global                              Global Defined In Module
      -----  ---------------------------------   ------------------------
ASxxxx Linker V02.00 + NoICE + sdld,  page 8.
Hexadecimal

Area                               Addr   Size   Decimal Bytes (Attributes)
--------------------------------   ----   ----   ------- ----- ------------
_GSINIT                            C000   0000 =      0. bytes (REL,CON)

      Value  Global                              Global Defined In Module
      -----  ---------------------------------   ------------------------
ASxxxx Linker V02.00 + NoICE + sdld,  page 9.
Hexadecimal

Area                               Addr   Size   Decimal Bytes (Attributes)
--------------------------------   ----   ----   ------- ----- ------------
_GSFINAL                           C000   0000 =      0. bytes (REL,CON)

      Value  Global                              Global Defined In Module
      -----  ---------------------------------   ------------------------
ASxxxx Linker V02.00 + NoICE + sdld,  page 10.
Hexadecimal

Area                               Addr   Size   Decimal Bytes (Attributes)
--------------------------------   ----   ----   ------- ----- ------------
_CABS                              C000   0000 =      0. bytes (REL,CON)

      Value  Global                              Global Defined In Module
      -----  ---------------------------------   ------------------------
ASxxxx Linker V02.00 + NoICE + sdld,  page 11.

Files Linked                              [ module(s) ]

carwar.rel                                [ carwar ]
bios.rel                                  [ bios ]


Libraries Linked                          [ object file ]

C:\Dev\program\msx\tools\SDCC\bin\..\lib  [ modsigned.rel ]
C:\Dev\program\msx\tools\SDCC\bin\..\lib  [ divsigned.rel ]
C:\Dev\program\msx\tools\SDCC\bin\..\lib  [ divunsigned.rel ]
C:\Dev\program\msx\tools\SDCC\bin\..\lib  [ mul.rel ]

ASxxxx Linker V02.00 + NoICE + sdld,  page 12.

User Base Address Definitions

_CODE = 0x4010
_DATA = 0xc000

