ASxxxx Linker V02.00 + NoICE + sdld,  page 1.
Hexadecimal

Area                               Addr   Size   Decimal Bytes (Attributes)
--------------------------------   ----   ----   ------- ----- ------------
.	.ABS.                            0000   0000 =      0. bytes (ABS,CON)

      Value  Global                              Global Defined In Module
      -----  ---------------------------------   ------------------------
            0000  .__.ABS.                         
            0000  l__CABS                          
            0000  l__DATA                          
            0000  l__GSFINAL                       
            0000  l__GSINIT                        
            0000  l__HOME                          
            0000  l__OVERLAY                       
            4010  s__CODE                          
            7753  l__CODE                          
            C000  _game                            
            C000  s__CABS                          
            C000  s__DATA                          
            C000  s__GSFINAL                       
            C000  s__GSINIT                        
            C000  s__HOME                          
            C000  s__OVERLAY                       
ASxxxx Linker V02.00 + NoICE + sdld,  page 2.
Hexadecimal

Area                               Addr   Size   Decimal Bytes (Attributes)
--------------------------------   ----   ----   ------- ----- ------------
_CODE                              4010   7753 =  30547. bytes (REL,CON)

      Value  Global                              Global Defined In Module
      -----  ---------------------------------   ------------------------
            4010  _main                            
            4010  _main_start                      
            402A  _g_Car1                          
            402A  _main_end                        
            491A  _g_Car2                          
            520A  _g_Car3                          
            5AFA  _g_Car4                          
            63EA  _g_Shadow                        
            6452  _g_CharTable                     
            6652  _g_TrackTiles                    
            6E52  _g_Title                         
            710A  _g_Pilots                        
            7B4B  _g_Cars                          
            7B64  _g_BG                            
            7BB9  _g_TrackTiles01                  
            7C37  _g_TrackTiles02                  
            7CB5  _g_TrackTiles03                  
            7D33  _g_Tracks                        
            7D66  _g_MenuMain                      
            7D7E  _g_MenuMode                      
            7D9C  _g_MenuTrack                     
            7DAE  _g_MenuPlayer                    
            7DC6  _g_MenuTrackList                 
            7DDE  _g_Menus                         
            7E01  _g_HeightTab                     
            7E16  _g_DefaultColor                  
            7E1E  _g_AnimIndex                     
            7E22  _g_SmokeFrq                      
            7F13  _MainLoop                        
            7F13  _MainLoop_start                  
            7F2C  _MainLoop_end                    
            7F2C  _StateInitialize                 
            7F2C  _StateInitialize_start           
            8197  _InitializeMenu                  
            8197  _InitializeMenu_start            
            8197  _StateInitialize_end             
            8329  _InitializeMenu_end              
            8329  _StateTitle                      
            8329  _StateTitle_start                
            8495  _StateMainMenu                   
            8495  _StateMainMenu_start             
            8495  _StateTitle_end                  
            874B  _StateMainMenu_end               
            874D  _StateStartGame                  
            874D  _StateStartGame_start            
            8B2E  _StateStartGame_end              
            8B4A  _StateUpdateGame                 
            8B4A  _StateUpdateGame_start           
            9C32  _InitializePlayer                
            9C32  _InitializePlayer_start          
ASxxxx Linker V02.00 + NoICE + sdld,  page 3.
Hexadecimal

Area                               Addr   Size   Decimal Bytes (Attributes)
--------------------------------   ----   ----   ------- ----- ------------
_CODE                              4010   7753 =  30547. bytes (REL,CON)

      Value  Global                              Global Defined In Module
      -----  ---------------------------------   ------------------------
            9C32  _StateUpdateGame_end             
            9D1B  _CheckJoy                        
            9D1B  _CheckJoy_start                  
            9D1B  _InitializePlayer_end            
            9DA5  _CheckJoy_end                    
            9DA5  _DamageCar                       
            9DA5  _DamageCar_start                 
            9DCF  _AngleDifferent64                
            9DCF  _AngleDifferent64_start          
            9DCF  _DamageCar_end                   
            9DFF  _AngleDifferent64_end            
            9DFF  _VectorToAngle256                
            9DFF  _VectorToAngle256_start          
            9EB0  _GetVectorLenght256              
            9EB0  _GetVectorLenght256_start        
            9EB0  _VectorToAngle256_end            
            9F31  _CarToCarCollision               
            9F31  _CarToCarCollision_start         
            9F31  _GetVectorLenght256_end          
            A13B  _CarToCarCollision_end           
            A13B  _CarToWallCollision              
            A13B  _CarToWallCollision_start        
            A452  _CarToWallCollision_end          
            A452  _StateBuildTrack                 
            A452  _StateBuildTrack_start           
            A860  _StateBuildTrack_end             
            A86C  _StateShadeTrack                 
            A86C  _StateShadeTrack_start           
            AA5A  _StateShadeTrack_end             
            AA66  _DarkenColor                     
            AA66  _DarkenColor_start               
            AC5D  _DarkenColor_end                 
            AC5D  _GrayGradiant                    
            AC5D  _GrayGradiant_start              
            AC8C  _DrawCharacter                   
            AC8C  _DrawCharacter_start             
            AC8C  _GrayGradiant_end                
            AD6E  _DrawCharacter_end               
            AD6E  _DrawText                        
            AD6E  _DrawText_start                  
            ADF5  _DrawText_end                    
            ADF5  _StartGame                       
            ADF5  _StartGame_start                 
            AE0E  _SelectPlayer                    
            AE0E  _SelectPlayer_start              
            AE0E  _StartGame_end                   
            AE1F  _SelectPlayer_end                
            AE1F  _SelectRule                      
            AE1F  _SelectRule_start                
            AE30  _Joystick                        
            AE30  _Joystick_start                  
ASxxxx Linker V02.00 + NoICE + sdld,  page 4.
Hexadecimal

Area                               Addr   Size   Decimal Bytes (Attributes)
--------------------------------   ----   ----   ------- ----- ------------
_CODE                              4010   7753 =  30547. bytes (REL,CON)

      Value  Global                              Global Defined In Module
      -----  ---------------------------------   ------------------------
            AE30  _SelectRule_end                  
            AE42  _Joystick_end                    
            AE42  _Joytrig                         
            AE42  _Joytrig_start                   
            AE56  _GetKeyMatrixLine                
            AE56  _GetKeyMatrixLine_start          
            AE56  _Joytrig_end                     
            AE68  _GetKeyMatrixLine_end            
            AE68  _SetScreen8                      
            AE68  _SetScreen8_start                
            AEBA  _SetScreen8_end                  
            AEBA  _SetSpriteMode                   
            AEBA  _SetSpriteMode_start             
            AF07  _SetFreq                         
            AF07  _SetFreq_start                   
            AF07  _SetSpriteMode_end               
            AF28  _SetFreq_end                     
            AF28  _SetPage8                        
            AF28  _SetPage8_start                  
            AF46  _DrawPoint8                      
            AF46  _DrawPoint8_start                
            AF46  _SetPage8_end                    
            AFB1  _DrawLine8                       
            AFB1  _DrawLine8_start                 
            AFB1  _DrawPoint8_end                  
            AFBF  _DrawLine8_end                   
            AFBF  _waitRetrace                     
            AFBF  _waitRetrace_start               
            AFCA  _WaitForVDP                      
            AFCA  _WaitForVDP_start                
            AFCA  _waitRetrace_end                 
            AFE2  _WaitForVDP_end                  
            AFE2  _WriteVRAM                       
            AFE2  _WriteVRAM_start                 
            B01A  _ReadVRAM                        
            B01A  _ReadVRAM_start                  
            B01A  _WriteVRAM_end                   
            B04E  _ReadVRAM_end                    
            B04E  _VPDCommandLoop                  
            B04E  _VPDCommandLoop_start            
            B086  _RAMtoVRAM                       
            B086  _RAMtoVRAM_start                 
            B086  _VPDCommandLoop_end              
            B0FC  _RAMtoVRAMTrans                  
            B0FC  _RAMtoVRAMTrans_start            
            B0FC  _RAMtoVRAM_end                   
            B172  _FillVRAM                        
            B172  _FillVRAM_start                  
            B172  _RAMtoVRAMTrans_end              
            B1D9  _FillVRAM_end                    
            B1D9  _VRAMtoVRAM                      
ASxxxx Linker V02.00 + NoICE + sdld,  page 5.
Hexadecimal

Area                               Addr   Size   Decimal Bytes (Attributes)
--------------------------------   ----   ----   ------- ----- ------------
_CODE                              4010   7753 =  30547. bytes (REL,CON)

      Value  Global                              Global Defined In Module
      -----  ---------------------------------   ------------------------
            B1D9  _VRAMtoVRAM_start                
            B259  _VRAMtoVRAMTrans                 
            B259  _VRAMtoVRAMTrans_start           
            B259  _VRAMtoVRAM_end                  
            B2D9  _VPDCommand32                    
            B2D9  _VPDCommand32_start              
            B2D9  _VRAMtoVRAMTrans_end             
            B317  _VPDCommand32_end                
            B317  _VPDCommand36                    
            B317  _VPDCommand36_start              
            B34D  _PrintSprite                     
            B34D  _PrintSprite_start               
            B34D  _VPDCommand36_end                
            B3CB  _ClearSprite                     
            B3CB  _ClearSprite_start               
            B3CB  _PrintSprite_end                 
            B3DD  _ClearSprite_end                 
            B3DD  _SetSpriteMultiColor             
            B3DD  _SetSpriteMultiColor_start       
            B4B0  _SetSpriteMultiColor_end         
            B4B0  _SetSpriteUniColor               
            B4B0  _SetSpriteUniColor_start         
            B581  _SetSpriteUniColor_end           
            B581  _last_error                      
            B582  _open                            
            B5A9  _creat                           
            B5D3  _close                           
            B5EA  _dup                             
            B60B  _read                            
            B636  _write                           
            B661  _lseek                           
            B68F  _exit                            
            B6A2  __modschar_rrx_s                 
            B6A9  __modschar_rrx_hds               
            B6AF  __modsint_rrx_s                  
            B6B5  __modsint_rrx_hds                
            B6BB  __divsint_rrx_s                  
            B6C4  __divschar_rrx_s                 
            B6CB  __div8                           
            B6CB  __divschar_rrx_hds               
            B6CF  __div_signexte                   
            B6D3  __div16                          
            B6D3  __divsint_rrx_hds                
            B6F9  __get_remainder                  
            B703  __divuint_rrx_s                  
            B70B  __divuchar_rrx_s                 
            B712  __divu8                          
            B712  __divuchar_rrx_hds               
            B715  __divu16                         
            B715  __divuint_rrx_hds                
            B747  __mulint_rrx_s                   
ASxxxx Linker V02.00 + NoICE + sdld,  page 6.
Hexadecimal

Area                               Addr   Size   Decimal Bytes (Attributes)
--------------------------------   ----   ----   ------- ----- ------------
_CODE                              4010   7753 =  30547. bytes (REL,CON)

      Value  Global                              Global Defined In Module
      -----  ---------------------------------   ------------------------
            B74D  __mulint_rrx_hds                 
            B74D  __muluchar_rrx_hds               
            B74F  __mul16                          

ASxxxx Linker V02.00 + NoICE + sdld,  page 7.
Hexadecimal

Area                               Addr   Size   Decimal Bytes (Attributes)
--------------------------------   ----   ----   ------- ----- ------------
_DATA                              C000   0000 =      0. bytes (REL,CON)

      Value  Global                              Global Defined In Module
      -----  ---------------------------------   ------------------------
ASxxxx Linker V02.00 + NoICE + sdld,  page 8.
Hexadecimal

Area                               Addr   Size   Decimal Bytes (Attributes)
--------------------------------   ----   ----   ------- ----- ------------
_OVERLAY                           C000   0000 =      0. bytes (REL,CON)

      Value  Global                              Global Defined In Module
      -----  ---------------------------------   ------------------------
ASxxxx Linker V02.00 + NoICE + sdld,  page 9.
Hexadecimal

Area                               Addr   Size   Decimal Bytes (Attributes)
--------------------------------   ----   ----   ------- ----- ------------
_HOME                              C000   0000 =      0. bytes (REL,CON)

      Value  Global                              Global Defined In Module
      -----  ---------------------------------   ------------------------
ASxxxx Linker V02.00 + NoICE + sdld,  page 10.
Hexadecimal

Area                               Addr   Size   Decimal Bytes (Attributes)
--------------------------------   ----   ----   ------- ----- ------------
_GSINIT                            C000   0000 =      0. bytes (REL,CON)

      Value  Global                              Global Defined In Module
      -----  ---------------------------------   ------------------------
ASxxxx Linker V02.00 + NoICE + sdld,  page 11.
Hexadecimal

Area                               Addr   Size   Decimal Bytes (Attributes)
--------------------------------   ----   ----   ------- ----- ------------
_GSFINAL                           C000   0000 =      0. bytes (REL,CON)

      Value  Global                              Global Defined In Module
      -----  ---------------------------------   ------------------------
ASxxxx Linker V02.00 + NoICE + sdld,  page 12.
Hexadecimal

Area                               Addr   Size   Decimal Bytes (Attributes)
--------------------------------   ----   ----   ------- ----- ------------
_CABS                              C000   0000 =      0. bytes (REL,CON)

      Value  Global                              Global Defined In Module
      -----  ---------------------------------   ------------------------
ASxxxx Linker V02.00 + NoICE + sdld,  page 13.

Files Linked                              [ module(s) ]

carwar.rel                                [ carwar ]
bios.rel                                  [ bios ]
video.rel                                 [ video ]
files.rel                                 [  ]


Libraries Linked                          [ object file ]

C:\Dev\program\msx\tools\SDCC\bin\..\lib  [ modsigned.rel ]
C:\Dev\program\msx\tools\SDCC\bin\..\lib  [ divsigned.rel ]
C:\Dev\program\msx\tools\SDCC\bin\..\lib  [ divunsigned.rel ]
C:\Dev\program\msx\tools\SDCC\bin\..\lib  [ mul.rel ]

ASxxxx Linker V02.00 + NoICE + sdld,  page 14.

User Base Address Definitions

_CODE = 0x4010
_DATA = 0xc000

