
Hexadecimal

Area                               Addr   Size   Decimal Bytes (Attributes)
--------------------------------   ----   ----   ------- ----- ------------
.  .ABS.                           0000   0000 =      0. bytes (ABS,CON)

      Value  Global
   --------  --------------------------------
     0000    l__CABS
     0000    l__DATA
     0000    l__GSFINAL
     0000    l__GSINIT
     0000    l__HOME
     0000    l__OVERLAY
     3969    l__CODE
     4010    s__CODE
     C000    s__CABS
     C000    s__DATA
     C000    s__GSFINAL
     C000    s__GSINIT
     C000    s__HOME
     C000    s__OVERLAY

Hexadecimal

Area                               Addr   Size   Decimal Bytes (Attributes)
--------------------------------   ----   ----   ------- ----- ------------
_CODE                              4010   3969 =  14697. bytes (REL,CON)

      Value  Global
   --------  --------------------------------
     4010    _main
     4010    _main_start
     402B    _car1
     402B    _main_end
     491B    _car2
     520B    _car3
     5AFB    _car4
     63EB    _shadow
     647A    _charTable
     663A    _backgound
     66C9    _defaultColor
     66D1    _MainLoop
     66D1    _MainLoop_start
     7167    _MainLoop_end
     7171    _InitializePlayer
     7171    _InitializePlayer_start
     7239    _InitializePlayer_end
     7239    _SetScreen8
     7239    _SetScreen8_start
     7299    _SetScreen8_end
     7299    _SetSpriteMode
     7299    _SetSpriteMode_start
     72C8    _SetFreq
     72C8    _SetFreq_start
     72C8    _SetSpriteMode_end
     72E9    _SetFreq_end
     72E9    _SetPage8
     72E9    _SetPage8_start
     7304    _DrawPoint8
     7304    _DrawPoint8_start
     7304    _SetPage8_end
     734C    _DrawLine8
     734C    _DrawLine8_start
     734C    _DrawPoint8_end
     7359    _DrawLine8_end
     7359    _waitRetrace
     7359    _waitRetrace_start
     7364    _WaitForVDP
     7364    _WaitForVDP_start
     7364    _waitRetrace_end
     737C    _Joystick
     737C    _Joystick_start
     737C    _WaitForVDP_end
     738E    _Joystick_end
     738E    _Joytrig
     738E    _Joytrig_start
     73A2    _GetKeyMatrixLine
     73A2    _GetKeyMatrixLine_start
     73A2    _Joytrig_end
     73B4    _GetKeyMatrixLine_end
     73B4    _WriteToVRAM8
     73B4    _WriteToVRAM8_start
     73E4    _VPDCommandLoop
     73E4    _VPDCommandLoop_start
     73E4    _WriteToVRAM8_end
     741C    _RAMtoVRAM
     741C    _RAMtoVRAM_start
     741C    _VPDCommandLoop_end
     74E7    _RAMtoVRAMTrans
     74E7    _RAMtoVRAMTrans_start
     74E7    _RAMtoVRAM_end
     75B2    _Fill8
     75B2    _Fill8_start
     75B2    _RAMtoVRAMTrans_end
     7664    _Fill8_end
     7664    _VRAMtoVRAM
     7664    _VRAMtoVRAM_start
     775E    _VRAMtoVRAMTrans
     775E    _VRAMtoVRAMTrans_start
     775E    _VRAMtoVRAM_end
     7858    _VPDCommand32
     7858    _VPDCommand32_start
     7858    _VRAMtoVRAMTrans_end
     7896    _VPDCommand32_end
     7896    _VPDCommand36
     7896    _VPDCommand36_start
     78CC    _PrintSprite
     78CC    _PrintSprite_start
     78CC    _VPDCommand36_end
     78D7    _PrintSprite_end
     78D7    _SetSprite
     78D7    _SetSprite_start
     792E    _SetSprite_end
     792E    __muluchar_rrx_s
     7941    __mulschar_rrx_s
     7948    __mulschar_rrx_hds
     7954    __mulint_rrx_s
     7960    __mulint_rrx_hds
     7960    __muluchar_rrx_hds






MODULES
	FILE carwar.o
		NAME carwar
LIBRARIES
	LIBRARY C:\Dev\program\msx\tools\SDCC\bin\..\lib\z80/z80.lib
		MODULE mul.o
USERBASEDEF
	_CODE = 0x4010
	_DATA = 0xc000
