ASxxxx Linker V02.00 + NoICE + sdld,  page 1.
Hexadecimal

Area                               Addr   Size   Decimal Bytes (Attributes)
--------------------------------   ----   ----   ------- ----- ------------
.	.ABS.                            0000   0000 =      0. bytes (ABS,CON)

      Value  Global                              Global Defined In Module
      -----  ---------------------------------   ------------------------
            0000  .__.ABS.                         
            0000  l__CABS                          
            0000  l__DATA                          
            0000  l__GSFINAL                       
            0000  l__GSINIT                        
            0000  l__HOME                          
            0000  l__OVERLAY                       
            4010  s__CODE                          
            7770  l__CODE                          
            C000  _game                            
            C000  s__CABS                          
            C000  s__DATA                          
            C000  s__GSFINAL                       
            C000  s__GSINIT                        
            C000  s__HOME                          
            C000  s__OVERLAY                       
ASxxxx Linker V02.00 + NoICE + sdld,  page 2.
Hexadecimal

Area                               Addr   Size   Decimal Bytes (Attributes)
--------------------------------   ----   ----   ------- ----- ------------
_CODE                              4010   7770 =  30576. bytes (REL,CON)

      Value  Global                              Global Defined In Module
      -----  ---------------------------------   ------------------------
            4010  _main                            
            4010  _main_start                      
            402A  _g_Car1                          
            402A  _main_end                        
            4646  _g_Car2                          
            4CFA  _g_Car3                          
            5318  _g_Car4                          
            5A62  _g_Shadow                        
            5ACA  _g_CharTable                     
            5CCA  _g_TrackTiles                    
            6CCA  _g_Title                         
            6F82  _g_Pilots                        
            7813  _g_Cars                          
            782C  _g_BG                            
            787C  _testTrack                       
            78E4  _g_TrackTiles01                  
            794A  _g_TrackTiles02                  
            79B5  _g_TrackTiles03                  
            7A26  _g_Tracks                        
            7A59  _g_MenuMain                      
            7A71  _g_MenuMode                      
            7A8F  _g_MenuTrack                     
            7AA1  _g_MenuPlayer                    
            7AB9  _g_MenuTrackList                 
            7AD1  _g_Menus                         
            7AF4  _g_HeightTab                     
            7B09  _g_DefaultColor                  
            7B11  _g_AnimIndex                     
            7B15  _g_SmokeFrq                      
            7C06  _MainLoop                        
            7C06  _MainLoop_start                  
            7C1F  _MainLoop_end                    
            7C1F  _StateInitialize                 
            7C1F  _StateInitialize_start           
            7E94  _InitializeMenu                  
            7E94  _InitializeMenu_start            
            7E94  _StateInitialize_end             
            8026  _InitializeMenu_end              
            8026  _StateTitle                      
            8026  _StateTitle_start                
            81C2  _StateMainMenu                   
            81C2  _StateMainMenu_start             
            81C2  _StateTitle_end                  
            8478  _StateMainMenu_end               
            847A  _StateStartGame                  
            847A  _StateStartGame_start            
            874B  _StateStartGame_end              
            8767  _StateUpdateGame                 
            8767  _StateUpdateGame_start           
            98CE  _InitializePlayer                
ASxxxx Linker V02.00 + NoICE + sdld,  page 3.
Hexadecimal

Area                               Addr   Size   Decimal Bytes (Attributes)
--------------------------------   ----   ----   ------- ----- ------------
_CODE                              4010   7770 =  30576. bytes (REL,CON)

      Value  Global                              Global Defined In Module
      -----  ---------------------------------   ------------------------
            98CE  _InitializePlayer_start          
            98CE  _StateUpdateGame_end             
            99B7  _CheckJoy                        
            99B7  _CheckJoy_start                  
            99B7  _InitializePlayer_end            
            9A41  _CheckJoy_end                    
            9A41  _DamageCar                       
            9A41  _DamageCar_start                 
            9A6B  _AngleDifferent64                
            9A6B  _AngleDifferent64_start          
            9A6B  _DamageCar_end                   
            9A9B  _AngleDifferent64_end            
            9A9B  _VectorToAngle256                
            9A9B  _VectorToAngle256_start          
            9B4C  _GetVectorLenght256              
            9B4C  _GetVectorLenght256_start        
            9B4C  _VectorToAngle256_end            
            9BCD  _CarToCarCollision               
            9BCD  _CarToCarCollision_start         
            9BCD  _GetVectorLenght256_end          
            9DD7  _CarToCarCollision_end           
            9DD7  _CarToWallCollision              
            9DD7  _CarToWallCollision_start        
            A11D  _CarToWallCollision_end          
            A11D  _UpackTiles                      
            A11D  _UpackTiles_start                
            A267  _UpackTiles_end                  
            A274  _BuildTile                       
            A274  _BuildTile_start                 
            A43C  _BuildTile_end                   
            A43C  _BuildTrack                      
            A43C  _BuildTrack_start                
            A6DB  _BuildTrack_end                  
            A6E7  _ShadeTrack                      
            A6E7  _ShadeTrack_start                
            A8D5  _ShadeTrack_end                  
            A8E1  _DarkenColor                     
            A8E1  _DarkenColor_start               
            AAD8  _DarkenColor_end                 
            AAD8  _GrayGradiant                    
            AAD8  _GrayGradiant_start              
            AB07  _DrawCharacter                   
            AB07  _DrawCharacter_start             
            AB07  _GrayGradiant_end                
            ABE9  _DrawCharacter_end               
            ABE9  _DrawText                        
            ABE9  _DrawText_start                  
            AC70  _CopyCropped16                   
            AC70  _CopyCropped16_start             
            AC70  _DrawText_end                    
            AE12  _CopyCropped16_end               
ASxxxx Linker V02.00 + NoICE + sdld,  page 4.
Hexadecimal

Area                               Addr   Size   Decimal Bytes (Attributes)
--------------------------------   ----   ----   ------- ----- ------------
_CODE                              4010   7770 =  30576. bytes (REL,CON)

      Value  Global                              Global Defined In Module
      -----  ---------------------------------   ------------------------
            AE12  _StartGame                       
            AE12  _StartGame_start                 
            AE2B  _SelectPlayer                    
            AE2B  _SelectPlayer_start              
            AE2B  _StartGame_end                   
            AE3C  _SelectPlayer_end                
            AE3C  _SelectRule                      
            AE3C  _SelectRule_start                
            AE4D  _Joystick                        
            AE4D  _Joystick_start                  
            AE4D  _SelectRule_end                  
            AE5F  _Joystick_end                    
            AE5F  _Joytrig                         
            AE5F  _Joytrig_start                   
            AE73  _GetKeyMatrixLine                
            AE73  _GetKeyMatrixLine_start          
            AE73  _Joytrig_end                     
            AE85  _GetKeyMatrixLine_end            
            AE85  _SetScreen8                      
            AE85  _SetScreen8_start                
            AED7  _SetScreen8_end                  
            AED7  _SetSpriteMode                   
            AED7  _SetSpriteMode_start             
            AF24  _SetFreq                         
            AF24  _SetFreq_start                   
            AF24  _SetSpriteMode_end               
            AF45  _SetFreq_end                     
            AF45  _SetPage8                        
            AF45  _SetPage8_start                  
            AF63  _DrawPoint8                      
            AF63  _DrawPoint8_start                
            AF63  _SetPage8_end                    
            AFCE  _DrawLine8                       
            AFCE  _DrawLine8_start                 
            AFCE  _DrawPoint8_end                  
            AFDC  _DrawLine8_end                   
            AFDC  _waitRetrace                     
            AFDC  _waitRetrace_start               
            AFE7  _WaitForVDP                      
            AFE7  _WaitForVDP_start                
            AFE7  _waitRetrace_end                 
            AFFF  _WaitForVDP_end                  
            AFFF  _WriteVRAM                       
            AFFF  _WriteVRAM_start                 
            B037  _ReadVRAM                        
            B037  _ReadVRAM_start                  
            B037  _WriteVRAM_end                   
            B06B  _ReadVRAM_end                    
            B06B  _VPDCommandLoop                  
            B06B  _VPDCommandLoop_start            
            B0A3  _RAMtoVRAM                       
ASxxxx Linker V02.00 + NoICE + sdld,  page 5.
Hexadecimal

Area                               Addr   Size   Decimal Bytes (Attributes)
--------------------------------   ----   ----   ------- ----- ------------
_CODE                              4010   7770 =  30576. bytes (REL,CON)

      Value  Global                              Global Defined In Module
      -----  ---------------------------------   ------------------------
            B0A3  _RAMtoVRAM_start                 
            B0A3  _VPDCommandLoop_end              
            B119  _RAMtoVRAMTrans                  
            B119  _RAMtoVRAMTrans_start            
            B119  _RAMtoVRAM_end                   
            B18F  _FillVRAM                        
            B18F  _FillVRAM_start                  
            B18F  _RAMtoVRAMTrans_end              
            B1F6  _FillVRAM_end                    
            B1F6  _VRAMtoVRAM                      
            B1F6  _VRAMtoVRAM_start                
            B276  _VRAMtoVRAMTrans                 
            B276  _VRAMtoVRAMTrans_start           
            B276  _VRAMtoVRAM_end                  
            B2F6  _VPDCommand32                    
            B2F6  _VPDCommand32_start              
            B2F6  _VRAMtoVRAMTrans_end             
            B334  _VPDCommand32_end                
            B334  _VPDCommand36                    
            B334  _VPDCommand36_start              
            B36A  _PrintSprite                     
            B36A  _PrintSprite_start               
            B36A  _VPDCommand36_end                
            B3E8  _ClearSprite                     
            B3E8  _ClearSprite_start               
            B3E8  _PrintSprite_end                 
            B3FA  _ClearSprite_end                 
            B3FA  _SetSpriteMultiColor             
            B3FA  _SetSpriteMultiColor_start       
            B4CD  _SetSpriteMultiColor_end         
            B4CD  _SetSpriteUniColor               
            B4CD  _SetSpriteUniColor_start         
            B59E  _SetSpriteUniColor_end           
            B59E  _last_error                      
            B59F  _open                            
            B5C6  _creat                           
            B5F0  _close                           
            B607  _dup                             
            B628  _read                            
            B653  _write                           
            B67E  _lseek                           
            B6AC  _exit                            
            B6BF  __modschar_rrx_s                 
            B6C6  __modschar_rrx_hds               
            B6CC  __modsint_rrx_s                  
            B6D2  __modsint_rrx_hds                
            B6D8  __divsint_rrx_s                  
            B6E1  __divschar_rrx_s                 
            B6E8  __div8                           
            B6E8  __divschar_rrx_hds               
            B6EC  __div_signexte                   
ASxxxx Linker V02.00 + NoICE + sdld,  page 6.
Hexadecimal

Area                               Addr   Size   Decimal Bytes (Attributes)
--------------------------------   ----   ----   ------- ----- ------------
_CODE                              4010   7770 =  30576. bytes (REL,CON)

      Value  Global                              Global Defined In Module
      -----  ---------------------------------   ------------------------
            B6F0  __div16                          
            B6F0  __divsint_rrx_hds                
            B716  __get_remainder                  
            B720  __divuint_rrx_s                  
            B728  __divuchar_rrx_s                 
            B72F  __divu8                          
            B72F  __divuchar_rrx_hds               
            B732  __divu16                         
            B732  __divuint_rrx_hds                
            B764  __mulint_rrx_s                   
            B76A  __mulint_rrx_hds                 
            B76A  __muluchar_rrx_hds               
            B76C  __mul16                          
ASxxxx Linker V02.00 + NoICE + sdld,  page 7.
Hexadecimal

Area                               Addr   Size   Decimal Bytes (Attributes)
--------------------------------   ----   ----   ------- ----- ------------
_DATA                              C000   0000 =      0. bytes (REL,CON)

      Value  Global                              Global Defined In Module
      -----  ---------------------------------   ------------------------
ASxxxx Linker V02.00 + NoICE + sdld,  page 8.
Hexadecimal

Area                               Addr   Size   Decimal Bytes (Attributes)
--------------------------------   ----   ----   ------- ----- ------------
_OVERLAY                           C000   0000 =      0. bytes (REL,CON)

      Value  Global                              Global Defined In Module
      -----  ---------------------------------   ------------------------
ASxxxx Linker V02.00 + NoICE + sdld,  page 9.
Hexadecimal

Area                               Addr   Size   Decimal Bytes (Attributes)
--------------------------------   ----   ----   ------- ----- ------------
_HOME                              C000   0000 =      0. bytes (REL,CON)

      Value  Global                              Global Defined In Module
      -----  ---------------------------------   ------------------------
ASxxxx Linker V02.00 + NoICE + sdld,  page 10.
Hexadecimal

Area                               Addr   Size   Decimal Bytes (Attributes)
--------------------------------   ----   ----   ------- ----- ------------
_GSINIT                            C000   0000 =      0. bytes (REL,CON)

      Value  Global                              Global Defined In Module
      -----  ---------------------------------   ------------------------
ASxxxx Linker V02.00 + NoICE + sdld,  page 11.
Hexadecimal

Area                               Addr   Size   Decimal Bytes (Attributes)
--------------------------------   ----   ----   ------- ----- ------------
_GSFINAL                           C000   0000 =      0. bytes (REL,CON)

      Value  Global                              Global Defined In Module
      -----  ---------------------------------   ------------------------
ASxxxx Linker V02.00 + NoICE + sdld,  page 12.
Hexadecimal

Area                               Addr   Size   Decimal Bytes (Attributes)
--------------------------------   ----   ----   ------- ----- ------------
_CABS                              C000   0000 =      0. bytes (REL,CON)

      Value  Global                              Global Defined In Module
      -----  ---------------------------------   ------------------------
ASxxxx Linker V02.00 + NoICE + sdld,  page 13.

Files Linked                              [ module(s) ]

carwar.rel                                [ carwar ]
bios.rel                                  [ bios ]
video.rel                                 [ video ]
files.rel                                 [  ]


Libraries Linked                          [ object file ]

C:\Dev\program\msx\tools\SDCC\bin\..\lib  [ modsigned.rel ]
C:\Dev\program\msx\tools\SDCC\bin\..\lib  [ divsigned.rel ]
C:\Dev\program\msx\tools\SDCC\bin\..\lib  [ divunsigned.rel ]
C:\Dev\program\msx\tools\SDCC\bin\..\lib  [ mul.rel ]

ASxxxx Linker V02.00 + NoICE + sdld,  page 14.

User Base Address Definitions

_CODE = 0x4010
_DATA = 0xc000

