ASxxxx Linker V02.00 + NoICE + sdld,  page 1.
Hexadecimal

Area                               Addr   Size   Decimal Bytes (Attributes)
--------------------------------   ----   ----   ------- ----- ------------
.	.ABS.                            0000   0000 =      0. bytes (ABS,CON)

      Value  Global                              Global Defined In Module
      -----  ---------------------------------   ------------------------
            0000  .__.ABS.                         
            0000  l__CABS                          
            0000  l__DATA                          
            0000  l__GSFINAL                       
            0000  l__GSINIT                        
            0000  l__HOME                          
            0000  l__OVERLAY                       
            4010  s__CODE                          
            77C9  l__CODE                          
            C000  _game                            
            C000  s__CABS                          
            C000  s__DATA                          
            C000  s__GSFINAL                       
            C000  s__GSINIT                        
            C000  s__HOME                          
            C000  s__OVERLAY                       
ASxxxx Linker V02.00 + NoICE + sdld,  page 2.
Hexadecimal

Area                               Addr   Size   Decimal Bytes (Attributes)
--------------------------------   ----   ----   ------- ----- ------------
_CODE                              4010   77C9 =  30665. bytes (REL,CON)

      Value  Global                              Global Defined In Module
      -----  ---------------------------------   ------------------------
            4010  _main                            
            4010  _main_start                      
            402A  _g_Car1                          
            402A  _main_end                        
            4646  _g_Car2                          
            4CFA  _g_Car3                          
            5318  _g_Car4                          
            5A62  _g_Shadow                        
            5ACA  _g_CharTable                     
            5CCA  _g_TrackTiles                    
            6CCA  _g_Title                         
            6F82  _g_Pilots                        
            7813  _g_Cars                          
            782C  _g_BG                            
            787C  _testTrack                       
            78E4  _g_TrackTiles01                  
            794A  _g_TrackTiles02                  
            79B5  _g_TrackTiles03                  
            7A26  _g_Tracks                        
            7A59  _g_MenuMain                      
            7A71  _g_MenuMode                      
            7A8F  _g_MenuTrack                     
            7AA1  _g_MenuPlayer                    
            7AB9  _g_MenuTrackList                 
            7AD1  _g_Menus                         
            7AF4  _g_HeightTab                     
            7B09  _g_DefaultColor                  
            7B11  _g_AnimIndex                     
            7B15  _g_SmokeFrq                      
            7C06  _MainLoop                        
            7C06  _MainLoop_start                  
            7C1F  _MainLoop_end                    
            7C1F  _StateInitialize                 
            7C1F  _StateInitialize_start           
            7EB8  _InitializeMenu                  
            7EB8  _InitializeMenu_start            
            7EB8  _StateInitialize_end             
            804A  _InitializeMenu_end              
            804A  _StateTitle                      
            804A  _StateTitle_start                
            81E6  _StateMainMenu                   
            81E6  _StateMainMenu_start             
            81E6  _StateTitle_end                  
            849C  _StateMainMenu_end               
            849E  _StateStartGame                  
            849E  _StateStartGame_start            
            876F  _StateStartGame_end              
            878B  _StateUpdateGame                 
            878B  _StateUpdateGame_start           
            98F2  _InitializePlayer                
ASxxxx Linker V02.00 + NoICE + sdld,  page 3.
Hexadecimal

Area                               Addr   Size   Decimal Bytes (Attributes)
--------------------------------   ----   ----   ------- ----- ------------
_CODE                              4010   77C9 =  30665. bytes (REL,CON)

      Value  Global                              Global Defined In Module
      -----  ---------------------------------   ------------------------
            98F2  _InitializePlayer_start          
            98F2  _StateUpdateGame_end             
            99DB  _CheckJoy                        
            99DB  _CheckJoy_start                  
            99DB  _InitializePlayer_end            
            9A65  _CheckJoy_end                    
            9A65  _DamageCar                       
            9A65  _DamageCar_start                 
            9A8F  _AngleDifferent64                
            9A8F  _AngleDifferent64_start          
            9A8F  _DamageCar_end                   
            9ABF  _AngleDifferent64_end            
            9ABF  _VectorToAngle256                
            9ABF  _VectorToAngle256_start          
            9B70  _GetVectorLenght256              
            9B70  _GetVectorLenght256_start        
            9B70  _VectorToAngle256_end            
            9BF1  _CarToCarCollision               
            9BF1  _CarToCarCollision_start         
            9BF1  _GetVectorLenght256_end          
            9DFB  _CarToCarCollision_end           
            9DFB  _CarToWallCollision              
            9DFB  _CarToWallCollision_start        
            A141  _CarToWallCollision_end          
            A141  _UpackTiles                      
            A141  _UpackTiles_start                
            A28B  _UpackTiles_end                  
            A298  _BuildTile                       
            A298  _BuildTile_start                 
            A460  _BuildTile_end                   
            A460  _BuildTrack                      
            A460  _BuildTrack_start                
            A6FF  _BuildTrack_end                  
            A70B  _ShadeTrack                      
            A70B  _ShadeTrack_start                
            A8F9  _ShadeTrack_end                  
            A905  _DarkenColor                     
            A905  _DarkenColor_start               
            AAFC  _DarkenColor_end                 
            AAFC  _GrayGradiant                    
            AAFC  _GrayGradiant_start              
            AB2B  _DrawCharacter                   
            AB2B  _DrawCharacter_start             
            AB2B  _GrayGradiant_end                
            AC0D  _DrawCharacter_end               
            AC0D  _DrawText                        
            AC0D  _DrawText_start                  
            AC94  _CopyCropped16                   
            AC94  _CopyCropped16_start             
            AC94  _DrawText_end                    
            AE36  _CopyCropped16_end               
ASxxxx Linker V02.00 + NoICE + sdld,  page 4.
Hexadecimal

Area                               Addr   Size   Decimal Bytes (Attributes)
--------------------------------   ----   ----   ------- ----- ------------
_CODE                              4010   77C9 =  30665. bytes (REL,CON)

      Value  Global                              Global Defined In Module
      -----  ---------------------------------   ------------------------
            AE36  _VBlankInterrupt                 
            AE36  _VBlankInterrupt_start           
            AE37  _StartGame                       
            AE37  _StartGame_start                 
            AE37  _VBlankInterrupt_end             
            AE50  _SelectPlayer                    
            AE50  _SelectPlayer_start              
            AE50  _StartGame_end                   
            AE61  _SelectPlayer_end                
            AE61  _SelectRule                      
            AE61  _SelectRule_start                
            AE72  _Joystick                        
            AE72  _Joystick_start                  
            AE72  _SelectRule_end                  
            AE84  _Joystick_end                    
            AE84  _Joytrig                         
            AE84  _Joytrig_start                   
            AE98  _GetKeyMatrixLine                
            AE98  _GetKeyMatrixLine_start          
            AE98  _Joytrig_end                     
            AEAA  _GetKeyMatrixLine_end            
            AEAA  _SetHook                         
            AEAA  _SetHook_start                   
            AEDE  _SetHook_end                     
            AEDE  _SetScreen8                      
            AEDE  _SetScreen8_start                
            AF30  _SetScreen8_end                  
            AF30  _SetSpriteMode                   
            AF30  _SetSpriteMode_start             
            AF7D  _SetFreq                         
            AF7D  _SetFreq_start                   
            AF7D  _SetSpriteMode_end               
            AF9E  _SetFreq_end                     
            AF9E  _SetPage8                        
            AF9E  _SetPage8_start                  
            AFBC  _DrawPoint8                      
            AFBC  _DrawPoint8_start                
            AFBC  _SetPage8_end                    
            B027  _DrawLine8                       
            B027  _DrawLine8_start                 
            B027  _DrawPoint8_end                  
            B035  _DrawLine8_end                   
            B035  _waitRetrace                     
            B035  _waitRetrace_start               
            B040  _WaitForVDP                      
            B040  _WaitForVDP_start                
            B040  _waitRetrace_end                 
            B058  _WaitForVDP_end                  
            B058  _WriteVRAM                       
            B058  _WriteVRAM_start                 
            B090  _ReadVRAM                        
ASxxxx Linker V02.00 + NoICE + sdld,  page 5.
Hexadecimal

Area                               Addr   Size   Decimal Bytes (Attributes)
--------------------------------   ----   ----   ------- ----- ------------
_CODE                              4010   77C9 =  30665. bytes (REL,CON)

      Value  Global                              Global Defined In Module
      -----  ---------------------------------   ------------------------
            B090  _ReadVRAM_start                  
            B090  _WriteVRAM_end                   
            B0C4  _ReadVRAM_end                    
            B0C4  _VPDCommandLoop                  
            B0C4  _VPDCommandLoop_start            
            B0FC  _RAMtoVRAM                       
            B0FC  _RAMtoVRAM_start                 
            B0FC  _VPDCommandLoop_end              
            B172  _RAMtoVRAMTrans                  
            B172  _RAMtoVRAMTrans_start            
            B172  _RAMtoVRAM_end                   
            B1E8  _FillVRAM                        
            B1E8  _FillVRAM_start                  
            B1E8  _RAMtoVRAMTrans_end              
            B24F  _FillVRAM_end                    
            B24F  _VRAMtoVRAM                      
            B24F  _VRAMtoVRAM_start                
            B2CF  _VRAMtoVRAMTrans                 
            B2CF  _VRAMtoVRAMTrans_start           
            B2CF  _VRAMtoVRAM_end                  
            B34F  _VPDCommand32                    
            B34F  _VPDCommand32_start              
            B34F  _VRAMtoVRAMTrans_end             
            B38D  _VPDCommand32_end                
            B38D  _VPDCommand36                    
            B38D  _VPDCommand36_start              
            B3C3  _PrintSprite                     
            B3C3  _PrintSprite_start               
            B3C3  _VPDCommand36_end                
            B441  _ClearSprite                     
            B441  _ClearSprite_start               
            B441  _PrintSprite_end                 
            B453  _ClearSprite_end                 
            B453  _SetSpriteMultiColor             
            B453  _SetSpriteMultiColor_start       
            B526  _SetSpriteMultiColor_end         
            B526  _SetSpriteUniColor               
            B526  _SetSpriteUniColor_start         
            B5F7  _SetSpriteUniColor_end           
            B5F7  _last_error                      
            B5F8  _open                            
            B61F  _creat                           
            B649  _close                           
            B660  _dup                             
            B681  _read                            
            B6AC  _write                           
            B6D7  _lseek                           
            B705  _exit                            
            B718  __modschar_rrx_s                 
            B71F  __modschar_rrx_hds               
            B725  __modsint_rrx_s                  
ASxxxx Linker V02.00 + NoICE + sdld,  page 6.
Hexadecimal

Area                               Addr   Size   Decimal Bytes (Attributes)
--------------------------------   ----   ----   ------- ----- ------------
_CODE                              4010   77C9 =  30665. bytes (REL,CON)

      Value  Global                              Global Defined In Module
      -----  ---------------------------------   ------------------------
            B72B  __modsint_rrx_hds                
            B731  __divsint_rrx_s                  
            B73A  __divschar_rrx_s                 
            B741  __div8                           
            B741  __divschar_rrx_hds               
            B745  __div_signexte                   
            B749  __div16                          
            B749  __divsint_rrx_hds                
            B76F  __get_remainder                  
            B779  __divuint_rrx_s                  
            B781  __divuchar_rrx_s                 
            B788  __divu8                          
            B788  __divuchar_rrx_hds               
            B78B  __divu16                         
            B78B  __divuint_rrx_hds                
            B7BD  __mulint_rrx_s                   
            B7C3  __mulint_rrx_hds                 
            B7C3  __muluchar_rrx_hds               
            B7C5  __mul16                          

ASxxxx Linker V02.00 + NoICE + sdld,  page 7.
Hexadecimal

Area                               Addr   Size   Decimal Bytes (Attributes)
--------------------------------   ----   ----   ------- ----- ------------
_DATA                              C000   0000 =      0. bytes (REL,CON)

      Value  Global                              Global Defined In Module
      -----  ---------------------------------   ------------------------
ASxxxx Linker V02.00 + NoICE + sdld,  page 8.
Hexadecimal

Area                               Addr   Size   Decimal Bytes (Attributes)
--------------------------------   ----   ----   ------- ----- ------------
_OVERLAY                           C000   0000 =      0. bytes (REL,CON)

      Value  Global                              Global Defined In Module
      -----  ---------------------------------   ------------------------
ASxxxx Linker V02.00 + NoICE + sdld,  page 9.
Hexadecimal

Area                               Addr   Size   Decimal Bytes (Attributes)
--------------------------------   ----   ----   ------- ----- ------------
_HOME                              C000   0000 =      0. bytes (REL,CON)

      Value  Global                              Global Defined In Module
      -----  ---------------------------------   ------------------------
ASxxxx Linker V02.00 + NoICE + sdld,  page 10.
Hexadecimal

Area                               Addr   Size   Decimal Bytes (Attributes)
--------------------------------   ----   ----   ------- ----- ------------
_GSINIT                            C000   0000 =      0. bytes (REL,CON)

      Value  Global                              Global Defined In Module
      -----  ---------------------------------   ------------------------
ASxxxx Linker V02.00 + NoICE + sdld,  page 11.
Hexadecimal

Area                               Addr   Size   Decimal Bytes (Attributes)
--------------------------------   ----   ----   ------- ----- ------------
_GSFINAL                           C000   0000 =      0. bytes (REL,CON)

      Value  Global                              Global Defined In Module
      -----  ---------------------------------   ------------------------
ASxxxx Linker V02.00 + NoICE + sdld,  page 12.
Hexadecimal

Area                               Addr   Size   Decimal Bytes (Attributes)
--------------------------------   ----   ----   ------- ----- ------------
_CABS                              C000   0000 =      0. bytes (REL,CON)

      Value  Global                              Global Defined In Module
      -----  ---------------------------------   ------------------------
ASxxxx Linker V02.00 + NoICE + sdld,  page 13.

Files Linked                              [ module(s) ]

carwar.rel                                [ carwar ]
bios.rel                                  [ bios ]
video.rel                                 [ video ]
files.rel                                 [  ]


Libraries Linked                          [ object file ]

C:\Dev\program\msx\tools\SDCC\bin\..\lib  [ modsigned.rel ]
C:\Dev\program\msx\tools\SDCC\bin\..\lib  [ divsigned.rel ]
C:\Dev\program\msx\tools\SDCC\bin\..\lib  [ divunsigned.rel ]
C:\Dev\program\msx\tools\SDCC\bin\..\lib  [ mul.rel ]

ASxxxx Linker V02.00 + NoICE + sdld,  page 14.

User Base Address Definitions

_CODE = 0x4010
_DATA = 0xc000

