ASxxxx Linker V02.00 + NoICE + sdld,  page 1.
Hexadecimal

Area                               Addr   Size   Decimal Bytes (Attributes)
--------------------------------   ----   ----   ------- ----- ------------
.	.ABS.                            0000   0000 =      0. bytes (ABS,CON)

      Value  Global                              Global Defined In Module
      -----  ---------------------------------   ------------------------
            0000  .__.ABS.                         
            0000  l__CABS                          
            0000  l__DATA                          
            0000  l__GSFINAL                       
            0000  l__GSINIT                        
            0000  l__HOME                          
            0000  l__OVERLAY                       
            4010  s__CODE                          
            77EB  l__CODE                          
            C000  _game                            
            C000  s__CABS                          
            C000  s__DATA                          
            C000  s__GSFINAL                       
            C000  s__GSINIT                        
            C000  s__HOME                          
            C000  s__OVERLAY                       
ASxxxx Linker V02.00 + NoICE + sdld,  page 2.
Hexadecimal

Area                               Addr   Size   Decimal Bytes (Attributes)
--------------------------------   ----   ----   ------- ----- ------------
_CODE                              4010   77EB =  30699. bytes (REL,CON)

      Value  Global                              Global Defined In Module
      -----  ---------------------------------   ------------------------
            4010  _main                            
            4010  _main_start                      
            402A  _g_Car1                          
            402A  _main_end                        
            4646  _g_Car2                          
            4CFA  _g_Car3                          
            5318  _g_Car4                          
            5A62  _g_Shadow                        
            5ACA  _g_CharTable                     
            5CCA  _g_TrackTiles                    
            6CCA  _g_Title                         
            6F82  _g_Pilots                        
            7813  _g_Cars                          
            782C  _g_BG                            
            787C  _testTrack                       
            78E4  _g_TrackTiles01                  
            794A  _g_TrackTiles02                  
            79B5  _g_TrackTiles03                  
            7A26  _g_Tracks                        
            7A59  _g_MenuMain                      
            7A71  _g_MenuMode                      
            7A8F  _g_MenuTrack                     
            7AA1  _g_MenuPlayer                    
            7AB9  _g_MenuTrackList                 
            7AD1  _g_Menus                         
            7AF4  _g_HeightTab                     
            7B09  _g_DefaultColor                  
            7B11  _g_AnimIndex                     
            7B15  _g_SmokeFrq                      
            7C06  _MainLoop                        
            7C06  _MainLoop_start                  
            7C1F  _MainLoop_end                    
            7C1F  _StateInitialize                 
            7C1F  _StateInitialize_start           
            7EAD  _InitializeMenu                  
            7EAD  _InitializeMenu_start            
            7EAD  _StateInitialize_end             
            803F  _InitializeMenu_end              
            803F  _StateTitle                      
            803F  _StateTitle_start                
            81DB  _StateMainMenu                   
            81DB  _StateMainMenu_start             
            81DB  _StateTitle_end                  
            8491  _StateMainMenu_end               
            8493  _StateStartGame                  
            8493  _StateStartGame_start            
            8764  _StateStartGame_end              
            8780  _StateUpdateGame                 
            8780  _StateUpdateGame_start           
            990C  _InitializePlayer                
ASxxxx Linker V02.00 + NoICE + sdld,  page 3.
Hexadecimal

Area                               Addr   Size   Decimal Bytes (Attributes)
--------------------------------   ----   ----   ------- ----- ------------
_CODE                              4010   77EB =  30699. bytes (REL,CON)

      Value  Global                              Global Defined In Module
      -----  ---------------------------------   ------------------------
            990C  _InitializePlayer_start          
            990C  _StateUpdateGame_end             
            99F5  _CheckJoy                        
            99F5  _CheckJoy_start                  
            99F5  _InitializePlayer_end            
            9A7F  _CheckJoy_end                    
            9A7F  _DamageCar                       
            9A7F  _DamageCar_start                 
            9AA9  _AngleDifferent64                
            9AA9  _AngleDifferent64_start          
            9AA9  _DamageCar_end                   
            9AD9  _AngleDifferent64_end            
            9AD9  _VectorToAngle256                
            9AD9  _VectorToAngle256_start          
            9B8A  _GetVectorLenght256              
            9B8A  _GetVectorLenght256_start        
            9B8A  _VectorToAngle256_end            
            9C0B  _CarToCarCollision               
            9C0B  _CarToCarCollision_start         
            9C0B  _GetVectorLenght256_end          
            9E15  _CarToCarCollision_end           
            9E15  _CarToWallCollision              
            9E15  _CarToWallCollision_start        
            A15B  _CarToWallCollision_end          
            A15B  _UpackTiles                      
            A15B  _UpackTiles_start                
            A2A5  _UpackTiles_end                  
            A2B2  _BuildTile                       
            A2B2  _BuildTile_start                 
            A47A  _BuildTile_end                   
            A47A  _BuildTrack                      
            A47A  _BuildTrack_start                
            A719  _BuildTrack_end                  
            A725  _ShadeTrack                      
            A725  _ShadeTrack_start                
            A913  _ShadeTrack_end                  
            A91F  _DarkenColor                     
            A91F  _DarkenColor_start               
            AB16  _DarkenColor_end                 
            AB16  _GrayGradiant                    
            AB16  _GrayGradiant_start              
            AB45  _DrawCharacter                   
            AB45  _DrawCharacter_start             
            AB45  _GrayGradiant_end                
            AC27  _DrawCharacter_end               
            AC27  _DrawText                        
            AC27  _DrawText_start                  
            ACAE  _CopyCropped16                   
            ACAE  _CopyCropped16_start             
            ACAE  _DrawText_end                    
            AE50  _CopyCropped16_end               
ASxxxx Linker V02.00 + NoICE + sdld,  page 4.
Hexadecimal

Area                               Addr   Size   Decimal Bytes (Attributes)
--------------------------------   ----   ----   ------- ----- ------------
_CODE                              4010   77EB =  30699. bytes (REL,CON)

      Value  Global                              Global Defined In Module
      -----  ---------------------------------   ------------------------
            AE50  _VBlankInterrupt                 
            AE50  _VBlankInterrupt_start           
            AE51  _StartGame                       
            AE51  _StartGame_start                 
            AE51  _VBlankInterrupt_end             
            AE6A  _SelectPlayer                    
            AE6A  _SelectPlayer_start              
            AE6A  _StartGame_end                   
            AE7B  _SelectPlayer_end                
            AE7B  _SelectRule                      
            AE7B  _SelectRule_start                
            AE8C  _Joystick                        
            AE8C  _Joystick_start                  
            AE8C  _SelectRule_end                  
            AE9E  _Joystick_end                    
            AE9E  _Joytrig                         
            AE9E  _Joytrig_start                   
            AEB2  _GetKeyMatrixLine                
            AEB2  _GetKeyMatrixLine_start          
            AEB2  _Joytrig_end                     
            AEC4  _GetKeyMatrixLine_end            
            AEC4  _SetHook                         
            AEC4  _SetHook_start                   
            AF00  _SetHook_end                     
            AF00  _SetScreen8                      
            AF00  _SetScreen8_start                
            AF52  _SetScreen8_end                  
            AF52  _SetSpriteMode                   
            AF52  _SetSpriteMode_start             
            AF9F  _SetFreq                         
            AF9F  _SetFreq_start                   
            AF9F  _SetSpriteMode_end               
            AFC0  _SetFreq_end                     
            AFC0  _SetPage8                        
            AFC0  _SetPage8_start                  
            AFDE  _DrawPoint8                      
            AFDE  _DrawPoint8_start                
            AFDE  _SetPage8_end                    
            B049  _DrawLine8                       
            B049  _DrawLine8_start                 
            B049  _DrawPoint8_end                  
            B057  _DrawLine8_end                   
            B057  _waitRetrace                     
            B057  _waitRetrace_start               
            B062  _WaitForVDP                      
            B062  _WaitForVDP_start                
            B062  _waitRetrace_end                 
            B07A  _WaitForVDP_end                  
            B07A  _WriteVRAM                       
            B07A  _WriteVRAM_start                 
            B0B2  _ReadVRAM                        
ASxxxx Linker V02.00 + NoICE + sdld,  page 5.
Hexadecimal

Area                               Addr   Size   Decimal Bytes (Attributes)
--------------------------------   ----   ----   ------- ----- ------------
_CODE                              4010   77EB =  30699. bytes (REL,CON)

      Value  Global                              Global Defined In Module
      -----  ---------------------------------   ------------------------
            B0B2  _ReadVRAM_start                  
            B0B2  _WriteVRAM_end                   
            B0E6  _ReadVRAM_end                    
            B0E6  _VPDCommandLoop                  
            B0E6  _VPDCommandLoop_start            
            B11E  _RAMtoVRAM                       
            B11E  _RAMtoVRAM_start                 
            B11E  _VPDCommandLoop_end              
            B194  _RAMtoVRAMTrans                  
            B194  _RAMtoVRAMTrans_start            
            B194  _RAMtoVRAM_end                   
            B20A  _FillVRAM                        
            B20A  _FillVRAM_start                  
            B20A  _RAMtoVRAMTrans_end              
            B271  _FillVRAM_end                    
            B271  _VRAMtoVRAM                      
            B271  _VRAMtoVRAM_start                
            B2F1  _VRAMtoVRAMTrans                 
            B2F1  _VRAMtoVRAMTrans_start           
            B2F1  _VRAMtoVRAM_end                  
            B371  _VPDCommand32                    
            B371  _VPDCommand32_start              
            B371  _VRAMtoVRAMTrans_end             
            B3AF  _VPDCommand32_end                
            B3AF  _VPDCommand36                    
            B3AF  _VPDCommand36_start              
            B3E5  _PrintSprite                     
            B3E5  _PrintSprite_start               
            B3E5  _VPDCommand36_end                
            B463  _ClearSprite                     
            B463  _ClearSprite_start               
            B463  _PrintSprite_end                 
            B475  _ClearSprite_end                 
            B475  _SetSpriteMultiColor             
            B475  _SetSpriteMultiColor_start       
            B548  _SetSpriteMultiColor_end         
            B548  _SetSpriteUniColor               
            B548  _SetSpriteUniColor_start         
            B619  _SetSpriteUniColor_end           
            B619  _last_error                      
            B61A  _open                            
            B641  _creat                           
            B66B  _close                           
            B682  _dup                             
            B6A3  _read                            
            B6CE  _write                           
            B6F9  _lseek                           
            B727  _exit                            
            B73A  __modschar_rrx_s                 
            B741  __modschar_rrx_hds               
            B747  __modsint_rrx_s                  
ASxxxx Linker V02.00 + NoICE + sdld,  page 6.
Hexadecimal

Area                               Addr   Size   Decimal Bytes (Attributes)
--------------------------------   ----   ----   ------- ----- ------------
_CODE                              4010   77EB =  30699. bytes (REL,CON)

      Value  Global                              Global Defined In Module
      -----  ---------------------------------   ------------------------
            B74D  __modsint_rrx_hds                
            B753  __divsint_rrx_s                  
            B75C  __divschar_rrx_s                 
            B763  __div8                           
            B763  __divschar_rrx_hds               
            B767  __div_signexte                   
            B76B  __div16                          
            B76B  __divsint_rrx_hds                
            B791  __get_remainder                  
            B79B  __divuint_rrx_s                  
            B7A3  __divuchar_rrx_s                 
            B7AA  __divu8                          
            B7AA  __divuchar_rrx_hds               
            B7AD  __divu16                         
            B7AD  __divuint_rrx_hds                
            B7DF  __mulint_rrx_s                   
            B7E5  __mulint_rrx_hds                 
            B7E5  __muluchar_rrx_hds               
            B7E7  __mul16                          

ASxxxx Linker V02.00 + NoICE + sdld,  page 7.
Hexadecimal

Area                               Addr   Size   Decimal Bytes (Attributes)
--------------------------------   ----   ----   ------- ----- ------------
_DATA                              C000   0000 =      0. bytes (REL,CON)

      Value  Global                              Global Defined In Module
      -----  ---------------------------------   ------------------------
ASxxxx Linker V02.00 + NoICE + sdld,  page 8.
Hexadecimal

Area                               Addr   Size   Decimal Bytes (Attributes)
--------------------------------   ----   ----   ------- ----- ------------
_OVERLAY                           C000   0000 =      0. bytes (REL,CON)

      Value  Global                              Global Defined In Module
      -----  ---------------------------------   ------------------------
ASxxxx Linker V02.00 + NoICE + sdld,  page 9.
Hexadecimal

Area                               Addr   Size   Decimal Bytes (Attributes)
--------------------------------   ----   ----   ------- ----- ------------
_HOME                              C000   0000 =      0. bytes (REL,CON)

      Value  Global                              Global Defined In Module
      -----  ---------------------------------   ------------------------
ASxxxx Linker V02.00 + NoICE + sdld,  page 10.
Hexadecimal

Area                               Addr   Size   Decimal Bytes (Attributes)
--------------------------------   ----   ----   ------- ----- ------------
_GSINIT                            C000   0000 =      0. bytes (REL,CON)

      Value  Global                              Global Defined In Module
      -----  ---------------------------------   ------------------------
ASxxxx Linker V02.00 + NoICE + sdld,  page 11.
Hexadecimal

Area                               Addr   Size   Decimal Bytes (Attributes)
--------------------------------   ----   ----   ------- ----- ------------
_GSFINAL                           C000   0000 =      0. bytes (REL,CON)

      Value  Global                              Global Defined In Module
      -----  ---------------------------------   ------------------------
ASxxxx Linker V02.00 + NoICE + sdld,  page 12.
Hexadecimal

Area                               Addr   Size   Decimal Bytes (Attributes)
--------------------------------   ----   ----   ------- ----- ------------
_CABS                              C000   0000 =      0. bytes (REL,CON)

      Value  Global                              Global Defined In Module
      -----  ---------------------------------   ------------------------
ASxxxx Linker V02.00 + NoICE + sdld,  page 13.

Files Linked                              [ module(s) ]

carwar.rel                                [ carwar ]
bios.rel                                  [ bios ]
video.rel                                 [ video ]
files.rel                                 [  ]


Libraries Linked                          [ object file ]

C:\Dev\program\msx\tools\SDCC\bin\..\lib  [ modsigned.rel ]
C:\Dev\program\msx\tools\SDCC\bin\..\lib  [ divsigned.rel ]
C:\Dev\program\msx\tools\SDCC\bin\..\lib  [ divunsigned.rel ]
C:\Dev\program\msx\tools\SDCC\bin\..\lib  [ mul.rel ]

ASxxxx Linker V02.00 + NoICE + sdld,  page 14.

User Base Address Definitions

_CODE = 0x4010
_DATA = 0xc000

