ASxxxx Linker V02.00 + NoICE + sdld,  page 1.
Hexadecimal

Area                               Addr   Size   Decimal Bytes (Attributes)
--------------------------------   ----   ----   ------- ----- ------------
.	.ABS.                            0000   0000 =      0. bytes (ABS,CON)

      Value  Global                              Global Defined In Module
      -----  ---------------------------------   ------------------------
            0000  .__.ABS.                         
            0000  l__CABS                          
            0000  l__DATA                          
            0000  l__GSFINAL                       
            0000  l__GSINIT                        
            0000  l__HOME                          
            0000  l__OVERLAY                       
            3592  l__CODE                          
            4010  s__CODE                          
            C000  s__CABS                          
            C000  s__DATA                          
            C000  s__GSFINAL                       
            C000  s__GSINIT                        
            C000  s__HOME                          
            C000  s__OVERLAY                       

ASxxxx Linker V02.00 + NoICE + sdld,  page 2.
Hexadecimal

Area                               Addr   Size   Decimal Bytes (Attributes)
--------------------------------   ----   ----   ------- ----- ------------
_CODE                              4010   3592 =  13714. bytes (REL,CON)

      Value  Global                              Global Defined In Module
      -----  ---------------------------------   ------------------------
            4010  _main                            
            4010  _main_start                      
            402A  _car1                            
            402A  _main_end                        
            491A  _car2                            
            520A  _car3                            
            5AFA  _car4                            
            63EA  _shadow                          
            6479  _charTable                       
            6639  _backgound                       
            66C8  _defaultColor                    
            66D0  _MainLoop                        
            66D0  _MainLoop_start                  
            6F4C  _InitializePlayer                
            6F4C  _InitializePlayer_start          
            6F4C  _MainLoop_end                    
            6FD1  _InitializePlayer_end            
            6FD1  _SetScreen8                      
            6FD1  _SetScreen8_start                
            7019  _SetScreen8_end                  
            7019  _SetSpriteMode                   
            7019  _SetSpriteMode_start             
            7063  _SetFreq                         
            7063  _SetFreq_start                   
            7063  _SetSpriteMode_end               
            7084  _SetFreq_end                     
            7084  _SetPage8                        
            7084  _SetPage8_start                  
            709F  _DrawPoint8                      
            709F  _DrawPoint8_start                
            709F  _SetPage8_end                    
            70E7  _DrawLine8                       
            70E7  _DrawLine8_start                 
            70E7  _DrawPoint8_end                  
            70F5  _DrawLine8_end                   
            70F5  _waitRetrace                     
            70F5  _waitRetrace_start               
            7100  _WaitForVDP                      
            7100  _WaitForVDP_start                
            7100  _waitRetrace_end                 
            7118  _WaitForVDP_end                  
            7118  _WriteToVRAM8                    
            7118  _WriteToVRAM8_start              
            7148  _VPDCommandLoop                  
            7148  _VPDCommandLoop_start            
            7148  _WriteToVRAM8_end                
            7180  _RAMtoVRAM                       
            7180  _RAMtoVRAM_start                 
            7180  _VPDCommandLoop_end              
            721F  _RAMtoVRAMTrans                  
ASxxxx Linker V02.00 + NoICE + sdld,  page 3.
Hexadecimal

Area                               Addr   Size   Decimal Bytes (Attributes)
--------------------------------   ----   ----   ------- ----- ------------
_CODE                              4010   3592 =  13714. bytes (REL,CON)

      Value  Global                              Global Defined In Module
      -----  ---------------------------------   ------------------------
            721F  _RAMtoVRAMTrans_start            
            721F  _RAMtoVRAM_end                   
            72BE  _Fill8                           
            72BE  _Fill8_start                     
            72BE  _RAMtoVRAMTrans_end              
            734E  _Fill8_end                       
            734E  _VRAMtoVRAM                      
            734E  _VRAMtoVRAM_start                
            7414  _VRAMtoVRAMTrans                 
            7414  _VRAMtoVRAMTrans_start           
            7414  _VRAMtoVRAM_end                  
            74DA  _VPDCommand32                    
            74DA  _VPDCommand32_start              
            74DA  _VRAMtoVRAMTrans_end             
            7518  _VPDCommand32_end                
            7518  _VPDCommand36                    
            7518  _VPDCommand36_start              
            754E  _Joystick                        
            754E  _Joystick_start                  
            754E  _VPDCommand36_end                
            7560  _Joystick_end                    
            7560  _Joytrig                         
            7560  _Joytrig_start                   
            7574  _GetKeyMatrixLine                
            7574  _GetKeyMatrixLine_start          
            7574  _Joytrig_end                     
            7586  _GetKeyMatrixLine_end            
            7586  __mulint_rrx_s                   
            758C  __mulint_rrx_hds                 
            758C  __muluchar_rrx_hds               
            758E  __mul16                          

ASxxxx Linker V02.00 + NoICE + sdld,  page 4.
Hexadecimal

Area                               Addr   Size   Decimal Bytes (Attributes)
--------------------------------   ----   ----   ------- ----- ------------
_DATA                              C000   0000 =      0. bytes (REL,CON)

      Value  Global                              Global Defined In Module
      -----  ---------------------------------   ------------------------
ASxxxx Linker V02.00 + NoICE + sdld,  page 5.
Hexadecimal

Area                               Addr   Size   Decimal Bytes (Attributes)
--------------------------------   ----   ----   ------- ----- ------------
_OVERLAY                           C000   0000 =      0. bytes (REL,CON)

      Value  Global                              Global Defined In Module
      -----  ---------------------------------   ------------------------
ASxxxx Linker V02.00 + NoICE + sdld,  page 6.
Hexadecimal

Area                               Addr   Size   Decimal Bytes (Attributes)
--------------------------------   ----   ----   ------- ----- ------------
_HOME                              C000   0000 =      0. bytes (REL,CON)

      Value  Global                              Global Defined In Module
      -----  ---------------------------------   ------------------------
ASxxxx Linker V02.00 + NoICE + sdld,  page 7.
Hexadecimal

Area                               Addr   Size   Decimal Bytes (Attributes)
--------------------------------   ----   ----   ------- ----- ------------
_GSINIT                            C000   0000 =      0. bytes (REL,CON)

      Value  Global                              Global Defined In Module
      -----  ---------------------------------   ------------------------
ASxxxx Linker V02.00 + NoICE + sdld,  page 8.
Hexadecimal

Area                               Addr   Size   Decimal Bytes (Attributes)
--------------------------------   ----   ----   ------- ----- ------------
_GSFINAL                           C000   0000 =      0. bytes (REL,CON)

      Value  Global                              Global Defined In Module
      -----  ---------------------------------   ------------------------
ASxxxx Linker V02.00 + NoICE + sdld,  page 9.
Hexadecimal

Area                               Addr   Size   Decimal Bytes (Attributes)
--------------------------------   ----   ----   ------- ----- ------------
_CABS                              C000   0000 =      0. bytes (REL,CON)

      Value  Global                              Global Defined In Module
      -----  ---------------------------------   ------------------------
ASxxxx Linker V02.00 + NoICE + sdld,  page 10.

Files Linked                              [ module(s) ]

carwar.rel                                [ carwar ]
bios.rel                                  [ bios ]


Libraries Linked                          [ object file ]

E:\dev\Private\MSX\tools\SDCC\bin\..\lib  [ mul.rel ]

ASxxxx Linker V02.00 + NoICE + sdld,  page 11.

User Base Address Definitions

_CODE = 0x4010
_DATA = 0xc000

