ASxxxx Linker V02.00 + NoICE + sdld,  page 1.
Hexadecimal

Area                               Addr   Size   Decimal Bytes (Attributes)
--------------------------------   ----   ----   ------- ----- ------------
.	.ABS.                            0000   0000 =      0. bytes (ABS,CON)

      Value  Global                              Global Defined In Module
      -----  ---------------------------------   ------------------------
            0000  .__.ABS.                         
            0000  l__CABS                          
            0000  l__DATA                          
            0000  l__GSFINAL                       
            0000  l__GSINIT                        
            0000  l__HOME                          
            0000  l__OVERLAY                       
            4010  s__CODE                          
            50C7  l__CODE                          
            C000  _players                         
            C000  s__CABS                          
            C000  s__DATA                          
            C000  s__GSFINAL                       
            C000  s__GSINIT                        
            C000  s__HOME                          
            C000  s__OVERLAY                       
            C100  _game                            
            C200  _buffer36                        
            C300  _buffer32                        
            C400  _colorCode                       
ASxxxx Linker V02.00 + NoICE + sdld,  page 2.
Hexadecimal

Area                               Addr   Size   Decimal Bytes (Attributes)
--------------------------------   ----   ----   ------- ----- ------------
_CODE                              4010   50C7 =  20679. bytes (REL,CON)

      Value  Global                              Global Defined In Module
      -----  ---------------------------------   ------------------------
            4010  _main                            
            4010  _main_start                      
            402A  _car1                            
            402A  _main_end                        
            491A  _car2                            
            520A  _car3                            
            5AFA  _car4                            
            63EA  _shadow                          
            6479  _charTable                       
            65F9  _trackTiles                      
            6DF9  _title                           
            71B1  _defaultColor                    
            71B9  _cars                            
            71C5  _track01                         
            7243  _MainLoop                        
            7243  _MainLoop_start                  
            725C  _MainLoop_end                    
            725C  _StateInitialize                 
            725C  _StateInitialize_start           
            73DF  _StateInitialize_end             
            73DF  _StateTitle                      
            73DF  _StateTitle_start                
            7532  _StateTitle_end                  
            7541  _StateMainMenu                   
            7541  _StateMainMenu_start             
            7585  _StateMainMenu_end               
            7585  _StateStartGame                  
            7585  _StateStartGame_start            
            77BB  _StateStartGame_end              
            77D7  _StateUpdateGame                 
            77D7  _StateUpdateGame_start           
            7EA1  _InitializePlayer                
            7EA1  _InitializePlayer_start          
            7EA1  _StateUpdateGame_end             
            7F7B  _CheckCollision                  
            7F7B  _CheckCollision_start            
            7F7B  _InitializePlayer_end            
            80CE  _CheckCollision_end              
            80CE  _StateBuildTrack                 
            80CE  _StateBuildTrack_start           
            83E7  _StateBuildTrack_end             
            83F3  _StateShadeTrack                 
            83F3  _StateShadeTrack_start           
            85B6  _StateShadeTrack_end             
            85C2  _DarkenColor                     
            85C2  _DarkenColor_start               
            87B9  _DarkenColor_end                 
            87B9  _Joystick                        
            87B9  _Joystick_start                  
            87CB  _Joystick_end                    
ASxxxx Linker V02.00 + NoICE + sdld,  page 3.
Hexadecimal

Area                               Addr   Size   Decimal Bytes (Attributes)
--------------------------------   ----   ----   ------- ----- ------------
_CODE                              4010   50C7 =  20679. bytes (REL,CON)

      Value  Global                              Global Defined In Module
      -----  ---------------------------------   ------------------------
            87CB  _Joytrig                         
            87CB  _Joytrig_start                   
            87DF  _GetKeyMatrixLine                
            87DF  _GetKeyMatrixLine_start          
            87DF  _Joytrig_end                     
            87F1  _GetKeyMatrixLine_end            
            87F1  _SetScreen8                      
            87F1  _SetScreen8_start                
            883C  _SetScreen8_end                  
            883C  _SetSpriteMode                   
            883C  _SetSpriteMode_start             
            8889  _SetFreq                         
            8889  _SetFreq_start                   
            8889  _SetSpriteMode_end               
            88AA  _SetFreq_end                     
            88AA  _SetPage8                        
            88AA  _SetPage8_start                  
            88C8  _DrawPoint8                      
            88C8  _DrawPoint8_start                
            88C8  _SetPage8_end                    
            8933  _DrawLine8                       
            8933  _DrawLine8_start                 
            8933  _DrawPoint8_end                  
            8941  _DrawLine8_end                   
            8941  _waitRetrace                     
            8941  _waitRetrace_start               
            894C  _WaitForVDP                      
            894C  _WaitForVDP_start                
            894C  _waitRetrace_end                 
            8964  _WaitForVDP_end                  
            8964  _WriteVRAM                       
            8964  _WriteVRAM_start                 
            8995  _ReadVRAM                        
            8995  _ReadVRAM_start                  
            8995  _WriteVRAM_end                   
            89C2  _ReadVRAM_end                    
            89C2  _VPDCommandLoop                  
            89C2  _VPDCommandLoop_start            
            89FA  _RAMtoVRAM                       
            89FA  _RAMtoVRAM_start                 
            89FA  _VPDCommandLoop_end              
            8A70  _RAMtoVRAMTrans                  
            8A70  _RAMtoVRAMTrans_start            
            8A70  _RAMtoVRAM_end                   
            8AE6  _FillVRAM                        
            8AE6  _FillVRAM_start                  
            8AE6  _RAMtoVRAMTrans_end              
            8B4D  _FillVRAM_end                    
            8B4D  _VRAMtoVRAM                      
            8B4D  _VRAMtoVRAM_start                
            8BCD  _VRAMtoVRAMTrans                 
ASxxxx Linker V02.00 + NoICE + sdld,  page 4.
Hexadecimal

Area                               Addr   Size   Decimal Bytes (Attributes)
--------------------------------   ----   ----   ------- ----- ------------
_CODE                              4010   50C7 =  20679. bytes (REL,CON)

      Value  Global                              Global Defined In Module
      -----  ---------------------------------   ------------------------
            8BCD  _VRAMtoVRAMTrans_start           
            8BCD  _VRAMtoVRAM_end                  
            8C4D  _VPDCommand32                    
            8C4D  _VPDCommand32_start              
            8C4D  _VRAMtoVRAMTrans_end             
            8C8B  _VPDCommand32_end                
            8C8B  _VPDCommand36                    
            8C8B  _VPDCommand36_start              
            8CC1  _PrintSprite                     
            8CC1  _PrintSprite_start               
            8CC1  _VPDCommand36_end                
            8D3F  _ClearSprite                     
            8D3F  _ClearSprite_start               
            8D3F  _PrintSprite_end                 
            8D51  _ClearSprite_end                 
            8D51  _SetSpriteMultiColor             
            8D51  _SetSpriteMultiColor_start       
            8E24  _SetSpriteMultiColor_end         
            8E24  _SetSpriteUniColor               
            8E24  _SetSpriteUniColor_start         
            8EF5  _SetSpriteUniColor_end           
            8EF5  _last_error                      
            8EF6  _open                            
            8F1D  _creat                           
            8F47  _close                           
            8F5E  _dup                             
            8F7F  _read                            
            8FAA  _write                           
            8FD5  _lseek                           
            9003  _exit                            
            9016  __modschar_rrx_s                 
            901D  __modschar_rrx_hds               
            9023  __modsint_rrx_s                  
            9029  __modsint_rrx_hds                
            902F  __divsint_rrx_s                  
            9038  __divschar_rrx_s                 
            903F  __div8                           
            903F  __divschar_rrx_hds               
            9043  __div_signexte                   
            9047  __div16                          
            9047  __divsint_rrx_hds                
            906D  __get_remainder                  
            9077  __divuint_rrx_s                  
            907F  __divuchar_rrx_s                 
            9086  __divu8                          
            9086  __divuchar_rrx_hds               
            9089  __divu16                         
            9089  __divuint_rrx_hds                
            90BB  __mulint_rrx_s                   
            90C1  __mulint_rrx_hds                 
            90C1  __muluchar_rrx_hds               
ASxxxx Linker V02.00 + NoICE + sdld,  page 5.
Hexadecimal

Area                               Addr   Size   Decimal Bytes (Attributes)
--------------------------------   ----   ----   ------- ----- ------------
_CODE                              4010   50C7 =  20679. bytes (REL,CON)

      Value  Global                              Global Defined In Module
      -----  ---------------------------------   ------------------------
            90C3  __mul16                          

ASxxxx Linker V02.00 + NoICE + sdld,  page 6.
Hexadecimal

Area                               Addr   Size   Decimal Bytes (Attributes)
--------------------------------   ----   ----   ------- ----- ------------
_DATA                              C000   0000 =      0. bytes (REL,CON)

      Value  Global                              Global Defined In Module
      -----  ---------------------------------   ------------------------
ASxxxx Linker V02.00 + NoICE + sdld,  page 7.
Hexadecimal

Area                               Addr   Size   Decimal Bytes (Attributes)
--------------------------------   ----   ----   ------- ----- ------------
_OVERLAY                           C000   0000 =      0. bytes (REL,CON)

      Value  Global                              Global Defined In Module
      -----  ---------------------------------   ------------------------
ASxxxx Linker V02.00 + NoICE + sdld,  page 8.
Hexadecimal

Area                               Addr   Size   Decimal Bytes (Attributes)
--------------------------------   ----   ----   ------- ----- ------------
_HOME                              C000   0000 =      0. bytes (REL,CON)

      Value  Global                              Global Defined In Module
      -----  ---------------------------------   ------------------------
ASxxxx Linker V02.00 + NoICE + sdld,  page 9.
Hexadecimal

Area                               Addr   Size   Decimal Bytes (Attributes)
--------------------------------   ----   ----   ------- ----- ------------
_GSINIT                            C000   0000 =      0. bytes (REL,CON)

      Value  Global                              Global Defined In Module
      -----  ---------------------------------   ------------------------
ASxxxx Linker V02.00 + NoICE + sdld,  page 10.
Hexadecimal

Area                               Addr   Size   Decimal Bytes (Attributes)
--------------------------------   ----   ----   ------- ----- ------------
_GSFINAL                           C000   0000 =      0. bytes (REL,CON)

      Value  Global                              Global Defined In Module
      -----  ---------------------------------   ------------------------
ASxxxx Linker V02.00 + NoICE + sdld,  page 11.
Hexadecimal

Area                               Addr   Size   Decimal Bytes (Attributes)
--------------------------------   ----   ----   ------- ----- ------------
_CABS                              C000   0000 =      0. bytes (REL,CON)

      Value  Global                              Global Defined In Module
      -----  ---------------------------------   ------------------------
ASxxxx Linker V02.00 + NoICE + sdld,  page 12.

Files Linked                              [ module(s) ]

carwar.rel                                [ carwar ]
bios.rel                                  [ bios ]
video.rel                                 [ video ]
files.rel                                 [  ]


Libraries Linked                          [ object file ]

C:\Dev\program\msx\tools\SDCC\bin\..\lib  [ modsigned.rel ]
C:\Dev\program\msx\tools\SDCC\bin\..\lib  [ divsigned.rel ]
C:\Dev\program\msx\tools\SDCC\bin\..\lib  [ divunsigned.rel ]
C:\Dev\program\msx\tools\SDCC\bin\..\lib  [ mul.rel ]

ASxxxx Linker V02.00 + NoICE + sdld,  page 13.

User Base Address Definitions

_CODE = 0x4010
_DATA = 0xc000

