ASxxxx Linker V02.00 + NoICE + sdld,  page 1.
Hexadecimal

Area                               Addr   Size   Decimal Bytes (Attributes)
--------------------------------   ----   ----   ------- ----- ------------
.	.ABS.                            0000   0000 =      0. bytes (ABS,CON)

      Value  Global                              Global Defined In Module
      -----  ---------------------------------   ------------------------
            0000  .__.ABS.                         
            0000  l__CABS                          
            0000  l__DATA                          
            0000  l__GSFINAL                       
            0000  l__GSINIT                        
            0000  l__HOME                          
            0000  l__OVERLAY                       
            4010  s__CODE                          
            4A81  l__CODE                          
            C000  _players                         
            C000  s__CABS                          
            C000  s__DATA                          
            C000  s__GSFINAL                       
            C000  s__GSINIT                        
            C000  s__HOME                          
            C000  s__OVERLAY                       
            C100  _buffer36                        
            C200  _buffer32                        
            C300  _colorCode                       

ASxxxx Linker V02.00 + NoICE + sdld,  page 2.
Hexadecimal

Area                               Addr   Size   Decimal Bytes (Attributes)
--------------------------------   ----   ----   ------- ----- ------------
_CODE                              4010   4A81 =  19073. bytes (REL,CON)

      Value  Global                              Global Defined In Module
      -----  ---------------------------------   ------------------------
            4010  _main                            
            4010  _main_start                      
            402A  _car1                            
            402A  _main_end                        
            491A  _car2                            
            520A  _car3                            
            5AFA  _car4                            
            63EA  _shadow                          
            6479  _charTable                       
            65F9  _trackTiles                      
            6EF9  _defaultColor                    
            6F01  _cars                            
            6F0D  _track01                         
            6F8B  _MainLoop                        
            6F8B  _MainLoop_start                  
            7957  _MainLoop_end                    
            798B  _InitializePlayer                
            798B  _InitializePlayer_start          
            7A65  _CheckCollision                  
            7A65  _CheckCollision_start            
            7A65  _InitializePlayer_end            
            7BB8  _BuildTrack                      
            7BB8  _BuildTrack_start                
            7BB8  _CheckCollision_end              
            7EAD  _BuildTrack_end                  
            7EAD  _ShadeTrack                      
            7EAD  _ShadeTrack_start                
            8065  _DarkColor                       
            8065  _DarkColor_start                 
            8065  _ShadeTrack_end                  
            8180  _DarkColor_end                   
            8180  _Joystick                        
            8180  _Joystick_start                  
            8192  _Joystick_end                    
            8192  _Joytrig                         
            8192  _Joytrig_start                   
            81A6  _GetKeyMatrixLine                
            81A6  _GetKeyMatrixLine_start          
            81A6  _Joytrig_end                     
            81B8  _GetKeyMatrixLine_end            
            81B8  _SetScreen8                      
            81B8  _SetScreen8_start                
            8203  _SetScreen8_end                  
            8203  _SetSpriteMode                   
            8203  _SetSpriteMode_start             
            8250  _SetFreq                         
            8250  _SetFreq_start                   
            8250  _SetSpriteMode_end               
            8271  _SetFreq_end                     
            8271  _SetPage8                        
ASxxxx Linker V02.00 + NoICE + sdld,  page 3.
Hexadecimal

Area                               Addr   Size   Decimal Bytes (Attributes)
--------------------------------   ----   ----   ------- ----- ------------
_CODE                              4010   4A81 =  19073. bytes (REL,CON)

      Value  Global                              Global Defined In Module
      -----  ---------------------------------   ------------------------
            8271  _SetPage8_start                  
            828F  _DrawPoint8                      
            828F  _DrawPoint8_start                
            828F  _SetPage8_end                    
            82FA  _DrawLine8                       
            82FA  _DrawLine8_start                 
            82FA  _DrawPoint8_end                  
            8308  _DrawLine8_end                   
            8308  _waitRetrace                     
            8308  _waitRetrace_start               
            8313  _WaitForVDP                      
            8313  _WaitForVDP_start                
            8313  _waitRetrace_end                 
            832B  _WaitForVDP_end                  
            832B  _WriteVRAM                       
            832B  _WriteVRAM_start                 
            835C  _ReadVRAM                        
            835C  _ReadVRAM_start                  
            835C  _WriteVRAM_end                   
            8389  _ReadVRAM_end                    
            8389  _VPDCommandLoop                  
            8389  _VPDCommandLoop_start            
            83C1  _RAMtoVRAM                       
            83C1  _RAMtoVRAM_start                 
            83C1  _VPDCommandLoop_end              
            8437  _RAMtoVRAMTrans                  
            8437  _RAMtoVRAMTrans_start            
            8437  _RAMtoVRAM_end                   
            84AD  _FillVRAM                        
            84AD  _FillVRAM_start                  
            84AD  _RAMtoVRAMTrans_end              
            8514  _FillVRAM_end                    
            8514  _VRAMtoVRAM                      
            8514  _VRAMtoVRAM_start                
            8594  _VRAMtoVRAMTrans                 
            8594  _VRAMtoVRAMTrans_start           
            8594  _VRAMtoVRAM_end                  
            8614  _VPDCommand32                    
            8614  _VPDCommand32_start              
            8614  _VRAMtoVRAMTrans_end             
            8652  _VPDCommand32_end                
            8652  _VPDCommand36                    
            8652  _VPDCommand36_start              
            8688  _PrintSprite                     
            8688  _PrintSprite_start               
            8688  _VPDCommand36_end                
            86F9  _ClearSprite                     
            86F9  _ClearSprite_start               
            86F9  _PrintSprite_end                 
            870B  _ClearSprite_end                 
            870B  _SetSpriteMultiColor             
ASxxxx Linker V02.00 + NoICE + sdld,  page 4.
Hexadecimal

Area                               Addr   Size   Decimal Bytes (Attributes)
--------------------------------   ----   ----   ------- ----- ------------
_CODE                              4010   4A81 =  19073. bytes (REL,CON)

      Value  Global                              Global Defined In Module
      -----  ---------------------------------   ------------------------
            870B  _SetSpriteMultiColor_start       
            87DE  _SetSpriteMultiColor_end         
            87DE  _SetSpriteUniColor               
            87DE  _SetSpriteUniColor_start         
            88AF  _SetSpriteUniColor_end           
            88AF  _last_error                      
            88B0  _open                            
            88D7  _creat                           
            8901  _close                           
            8918  _dup                             
            8939  _read                            
            8964  _write                           
            898F  _lseek                           
            89BD  _exit                            
            89D0  __modschar_rrx_s                 
            89D7  __modschar_rrx_hds               
            89DD  __modsint_rrx_s                  
            89E3  __modsint_rrx_hds                
            89E9  __divsint_rrx_s                  
            89F2  __divschar_rrx_s                 
            89F9  __div8                           
            89F9  __divschar_rrx_hds               
            89FD  __div_signexte                   
            8A01  __div16                          
            8A01  __divsint_rrx_hds                
            8A27  __get_remainder                  
            8A31  __divuint_rrx_s                  
            8A39  __divuchar_rrx_s                 
            8A40  __divu8                          
            8A40  __divuchar_rrx_hds               
            8A43  __divu16                         
            8A43  __divuint_rrx_hds                
            8A75  __mulint_rrx_s                   
            8A7B  __mulint_rrx_hds                 
            8A7B  __muluchar_rrx_hds               
            8A7D  __mul16                          

ASxxxx Linker V02.00 + NoICE + sdld,  page 5.
Hexadecimal

Area                               Addr   Size   Decimal Bytes (Attributes)
--------------------------------   ----   ----   ------- ----- ------------
_DATA                              C000   0000 =      0. bytes (REL,CON)

      Value  Global                              Global Defined In Module
      -----  ---------------------------------   ------------------------
ASxxxx Linker V02.00 + NoICE + sdld,  page 6.
Hexadecimal

Area                               Addr   Size   Decimal Bytes (Attributes)
--------------------------------   ----   ----   ------- ----- ------------
_OVERLAY                           C000   0000 =      0. bytes (REL,CON)

      Value  Global                              Global Defined In Module
      -----  ---------------------------------   ------------------------
ASxxxx Linker V02.00 + NoICE + sdld,  page 7.
Hexadecimal

Area                               Addr   Size   Decimal Bytes (Attributes)
--------------------------------   ----   ----   ------- ----- ------------
_HOME                              C000   0000 =      0. bytes (REL,CON)

      Value  Global                              Global Defined In Module
      -----  ---------------------------------   ------------------------
ASxxxx Linker V02.00 + NoICE + sdld,  page 8.
Hexadecimal

Area                               Addr   Size   Decimal Bytes (Attributes)
--------------------------------   ----   ----   ------- ----- ------------
_GSINIT                            C000   0000 =      0. bytes (REL,CON)

      Value  Global                              Global Defined In Module
      -----  ---------------------------------   ------------------------
ASxxxx Linker V02.00 + NoICE + sdld,  page 9.
Hexadecimal

Area                               Addr   Size   Decimal Bytes (Attributes)
--------------------------------   ----   ----   ------- ----- ------------
_GSFINAL                           C000   0000 =      0. bytes (REL,CON)

      Value  Global                              Global Defined In Module
      -----  ---------------------------------   ------------------------
ASxxxx Linker V02.00 + NoICE + sdld,  page 10.
Hexadecimal

Area                               Addr   Size   Decimal Bytes (Attributes)
--------------------------------   ----   ----   ------- ----- ------------
_CABS                              C000   0000 =      0. bytes (REL,CON)

      Value  Global                              Global Defined In Module
      -----  ---------------------------------   ------------------------
ASxxxx Linker V02.00 + NoICE + sdld,  page 11.

Files Linked                              [ module(s) ]

carwar.rel                                [ carwar ]
bios.rel                                  [ bios ]
video.rel                                 [ video ]
files.rel                                 [  ]


Libraries Linked                          [ object file ]

E:\dev\Private\MSX\tools\SDCC\bin\..\lib  [ modsigned.rel ]
E:\dev\Private\MSX\tools\SDCC\bin\..\lib  [ divsigned.rel ]
E:\dev\Private\MSX\tools\SDCC\bin\..\lib  [ divunsigned.rel ]
E:\dev\Private\MSX\tools\SDCC\bin\..\lib  [ mul.rel ]

ASxxxx Linker V02.00 + NoICE + sdld,  page 12.

User Base Address Definitions

_CODE = 0x4010
_DATA = 0xc000

