ASxxxx Linker V02.00 + NoICE + sdld,  page 1.
Hexadecimal

Area                               Addr   Size   Decimal Bytes (Attributes)
--------------------------------   ----   ----   ------- ----- ------------
.	.ABS.                            0000   0000 =      0. bytes (ABS,CON)

      Value  Global                              Global Defined In Module
      -----  ---------------------------------   ------------------------
            0000  .__.ABS.                         
            0000  l__CABS                          
            0000  l__DATA                          
            0000  l__GSFINAL                       
            0000  l__GSINIT                        
            0000  l__HOME                          
            0000  l__OVERLAY                       
            4010  s__CODE                          
            68AD  l__CODE                          
            C000  _game                            
            C000  s__CABS                          
            C000  s__DATA                          
            C000  s__GSFINAL                       
            C000  s__GSINIT                        
            C000  s__HOME                          
            C000  s__OVERLAY                       
ASxxxx Linker V02.00 + NoICE + sdld,  page 2.
Hexadecimal

Area                               Addr   Size   Decimal Bytes (Attributes)
--------------------------------   ----   ----   ------- ----- ------------
_CODE                              4010   68AD =  26797. bytes (REL,CON)

      Value  Global                              Global Defined In Module
      -----  ---------------------------------   ------------------------
            4010  _main                            
            4010  _main_start                      
            402A  _car1                            
            402A  _main_end                        
            491A  _car2                            
            520A  _car3                            
            5AFA  _car4                            
            63EA  _shadow                          
            6479  _charTable                       
            65F9  _trackTiles                      
            6DF9  _title                           
            7572  _defaultColor                    
            757A  _cars                            
            7586  _track01                         
            7604  _menuMain                        
            7618  _menuMode                        
            7631  _menuTrack                       
            7640  _menuPlayer                      
            7654  _menus                           
            7731  _MainLoop                        
            7731  _MainLoop_start                  
            774A  _MainLoop_end                    
            774A  _StateInitialize                 
            774A  _StateInitialize_start           
            7983  _InitializeMenu                  
            7983  _InitializeMenu_start            
            7983  _StateInitialize_end             
            7B1D  _InitializeMenu_end              
            7B1D  _StateTitle                      
            7B1D  _StateTitle_start                
            7C5E  _StartGame                       
            7C5E  _StartGame_start                 
            7C5E  _StateTitle_end                  
            7C67  _StartGame_end                   
            7C67  _StateMainMenu                   
            7C67  _StateMainMenu_start             
            7ECA  _StateMainMenu_end               
            7ECC  _StateStartGame                  
            7ECC  _StateStartGame_start            
            8108  _StateStartGame_end              
            8124  _StateUpdateGame                 
            8124  _StateUpdateGame_start           
            8A75  _InitializePlayer                
            8A75  _InitializePlayer_start          
            8A75  _StateUpdateGame_end             
            8B49  _AngleDifferent64                
            8B49  _AngleDifferent64_start          
            8B49  _InitializePlayer_end            
            8B79  _AngleDifferent64_end            
            8B79  _VectorToAngle64                 
ASxxxx Linker V02.00 + NoICE + sdld,  page 3.
Hexadecimal

Area                               Addr   Size   Decimal Bytes (Attributes)
--------------------------------   ----   ----   ------- ----- ------------
_CODE                              4010   68AD =  26797. bytes (REL,CON)

      Value  Global                              Global Defined In Module
      -----  ---------------------------------   ------------------------
            8B79  _VectorToAngle64_start           
            8C36  _CheckCollision                  
            8C36  _CheckCollision_start            
            8C36  _VectorToAngle64_end             
            8DC5  _CheckCollision_end              
            8DC5  _StateBuildTrack                 
            8DC5  _StateBuildTrack_start           
            90FE  _StateBuildTrack_end             
            910A  _StateShadeTrack                 
            910A  _StateShadeTrack_start           
            92DD  _StateShadeTrack_end             
            92E9  _DarkenColor                     
            92E9  _DarkenColor_start               
            94E0  _DarkenColor_end                 
            94E0  _GrayGradiant                    
            94E0  _GrayGradiant_start              
            950F  _DrawCharacter                   
            950F  _DrawCharacter_start             
            950F  _GrayGradiant_end                
            95F5  _DrawCharacter_end               
            95F5  _DrawText                        
            95F5  _DrawText_start                  
            967C  _DebugPrintInt                   
            967C  _DebugPrintInt_start             
            967C  _DrawText_end                    
            97F4  _DebugPrintInt_end               
            97F4  _Joystick                        
            97F4  _Joystick_start                  
            9806  _Joystick_end                    
            9806  _Joytrig                         
            9806  _Joytrig_start                   
            981A  _GetKeyMatrixLine                
            981A  _GetKeyMatrixLine_start          
            981A  _Joytrig_end                     
            982C  _GetKeyMatrixLine_end            
            982C  _SetScreen8                      
            982C  _SetScreen8_start                
            987E  _SetScreen8_end                  
            987E  _SetSpriteMode                   
            987E  _SetSpriteMode_start             
            98CB  _SetFreq                         
            98CB  _SetFreq_start                   
            98CB  _SetSpriteMode_end               
            98EC  _SetFreq_end                     
            98EC  _SetPage8                        
            98EC  _SetPage8_start                  
            990A  _DrawPoint8                      
            990A  _DrawPoint8_start                
            990A  _SetPage8_end                    
            9975  _DrawLine8                       
            9975  _DrawLine8_start                 
ASxxxx Linker V02.00 + NoICE + sdld,  page 4.
Hexadecimal

Area                               Addr   Size   Decimal Bytes (Attributes)
--------------------------------   ----   ----   ------- ----- ------------
_CODE                              4010   68AD =  26797. bytes (REL,CON)

      Value  Global                              Global Defined In Module
      -----  ---------------------------------   ------------------------
            9975  _DrawPoint8_end                  
            9983  _DrawLine8_end                   
            9983  _waitRetrace                     
            9983  _waitRetrace_start               
            998E  _WaitForVDP                      
            998E  _WaitForVDP_start                
            998E  _waitRetrace_end                 
            99A6  _WaitForVDP_end                  
            99A6  _WriteVRAM                       
            99A6  _WriteVRAM_start                 
            99DE  _ReadVRAM                        
            99DE  _ReadVRAM_start                  
            99DE  _WriteVRAM_end                   
            9A0B  _ReadVRAM_end                    
            9A0B  _VPDCommandLoop                  
            9A0B  _VPDCommandLoop_start            
            9A43  _RAMtoVRAM                       
            9A43  _RAMtoVRAM_start                 
            9A43  _VPDCommandLoop_end              
            9AB9  _RAMtoVRAMTrans                  
            9AB9  _RAMtoVRAMTrans_start            
            9AB9  _RAMtoVRAM_end                   
            9B2F  _FillVRAM                        
            9B2F  _FillVRAM_start                  
            9B2F  _RAMtoVRAMTrans_end              
            9B96  _FillVRAM_end                    
            9B96  _VRAMtoVRAM                      
            9B96  _VRAMtoVRAM_start                
            9C16  _VRAMtoVRAMTrans                 
            9C16  _VRAMtoVRAMTrans_start           
            9C16  _VRAMtoVRAM_end                  
            9C96  _VPDCommand32                    
            9C96  _VPDCommand32_start              
            9C96  _VRAMtoVRAMTrans_end             
            9CD4  _VPDCommand32_end                
            9CD4  _VPDCommand36                    
            9CD4  _VPDCommand36_start              
            9D0A  _PrintSprite                     
            9D0A  _PrintSprite_start               
            9D0A  _VPDCommand36_end                
            9D88  _ClearSprite                     
            9D88  _ClearSprite_start               
            9D88  _PrintSprite_end                 
            9D9A  _ClearSprite_end                 
            9D9A  _SetSpriteMultiColor             
            9D9A  _SetSpriteMultiColor_start       
            9E6D  _SetSpriteMultiColor_end         
            9E6D  _SetSpriteUniColor               
            9E6D  _SetSpriteUniColor_start         
            9F3E  _SetSpriteUniColor_end           
            9F3E  _last_error                      
ASxxxx Linker V02.00 + NoICE + sdld,  page 5.
Hexadecimal

Area                               Addr   Size   Decimal Bytes (Attributes)
--------------------------------   ----   ----   ------- ----- ------------
_CODE                              4010   68AD =  26797. bytes (REL,CON)

      Value  Global                              Global Defined In Module
      -----  ---------------------------------   ------------------------
            9F3F  _open                            
            9F66  _creat                           
            9F90  _close                           
            9FA7  _dup                             
            9FC8  _read                            
            9FF3  _write                           
            A01E  _lseek                           
            A04C  _exit                            
            A05F  __modschar_rrx_s                 
            A066  __modschar_rrx_hds               
            A06C  __modsint_rrx_s                  
            A072  __modsint_rrx_hds                
            A078  __divsint_rrx_s                  
            A081  __divschar_rrx_s                 
            A088  __div8                           
            A088  __divschar_rrx_hds               
            A08C  __div_signexte                   
            A090  __div16                          
            A090  __divsint_rrx_hds                
            A0B6  __get_remainder                  
            A0C0  __divuint_rrx_s                  
            A0C8  __divuchar_rrx_s                 
            A0CF  __divu8                          
            A0CF  __divuchar_rrx_hds               
            A0D2  __divu16                         
            A0D2  __divuint_rrx_hds                
            A104  __mulint_rrx_s                   
            A10A  __mulint_rrx_hds                 
            A10A  __muluchar_rrx_hds               
            A10C  __mul16                          
            A120  __mullong_rrf_s                  
            A120  __mullong_rrx_s                  
            A123  __modslong_rrf_s                 
            A123  __modslong_rrx_s                 
            A126  __modulong_rrf_s                 
            A126  __modulong_rrx_s                 
            A129  __divslong_rrf_s                 
            A129  __divslong_rrx_s                 
            A12C  __divulong_rrf_s                 
            A12C  __divulong_rrx_s                 
            A12F  __mulint_rrf_s                   
            A135  __divsint_rrf_s                  
            A13B  __divuint_rrf_s                  
            A141  __mulschar_rrf_s                 
            A147  __divschar_rrf_s                 
            A14D  __modschar_rrf_s                 
            A153  __muluchar_rrf_s                 
            A159  __divuchar_rrf_s                 
            A15F  __moduchar_rrf_s                 
            A165  __mulsuchar_rrf_s                
            A16B  __divsuchar_rrf_s                
ASxxxx Linker V02.00 + NoICE + sdld,  page 6.
Hexadecimal

Area                               Addr   Size   Decimal Bytes (Attributes)
--------------------------------   ----   ----   ------- ----- ------------
_CODE                              4010   68AD =  26797. bytes (REL,CON)

      Value  Global                              Global Defined In Module
      -----  ---------------------------------   ------------------------
            A171  __modsuchar_rrf_s                
            A177  __muluschar_rrf_s                
            A17D  __divuschar_rrf_s                
            A183  __moduschar_rrf_s                
            A189  __modsint_rrf_s                  
            A18F  __moduint_rrf_s                  
            A195  __rrulong_rrf_s                  
            A19B  __rrslong_rrf_s                  
            A1A1  __rlulong_rrf_s                  
            A1A7  __rlslong_rrf_s                  
            A1AD  __mullong                        
            A1AD  __mullong_start                  
            A455  __moduchar_rrx_s                 
            A455  __mullong_end                    
            A45C  __moduchar_rrx_hds               
            A461  __moduint_rrx_s                  
            A467  __moduint_rrx_hds                
            A46C  __rrulong_rrx_s                  
            A486  __rrslong_rrx_s                  
            A4A0  __rlslong_rrx_s                  
            A4A0  __rlulong_rrx_s                  
            A4B7  __modsuchar_rrx_s                
            A4C6  __moduschar_rrx_s                
            A4D8  __divsuchar_rrx_s                
            A4E4  __divuschar_rrx_s                
            A4F3  __muluchar_rrx_s                 
            A505  __mulsuchar_rrx_s                
            A50F  __muluschar_rrx_s                
            A519  __mulschar_rrx_s                 
            A520  __mulschar_rrx_hds               
            A52C  __modslong                       
            A52C  __modslong_start                 
            A601  __modslong_end                   
            A601  __modulong                       
            A601  __modulong_start                 
            A708  __divslong                       
            A708  __divslong_start                 
            A708  __modulong_end                   
            A7EA  __divslong_end                   
            A7EA  __divulong                       
            A7EA  __divulong_start                 
            A8BD  __divulong_end                   

ASxxxx Linker V02.00 + NoICE + sdld,  page 7.
Hexadecimal

Area                               Addr   Size   Decimal Bytes (Attributes)
--------------------------------   ----   ----   ------- ----- ------------
_DATA                              C000   0000 =      0. bytes (REL,CON)

      Value  Global                              Global Defined In Module
      -----  ---------------------------------   ------------------------
ASxxxx Linker V02.00 + NoICE + sdld,  page 8.
Hexadecimal

Area                               Addr   Size   Decimal Bytes (Attributes)
--------------------------------   ----   ----   ------- ----- ------------
_OVERLAY                           C000   0000 =      0. bytes (REL,CON)

      Value  Global                              Global Defined In Module
      -----  ---------------------------------   ------------------------
ASxxxx Linker V02.00 + NoICE + sdld,  page 9.
Hexadecimal

Area                               Addr   Size   Decimal Bytes (Attributes)
--------------------------------   ----   ----   ------- ----- ------------
_HOME                              C000   0000 =      0. bytes (REL,CON)

      Value  Global                              Global Defined In Module
      -----  ---------------------------------   ------------------------
ASxxxx Linker V02.00 + NoICE + sdld,  page 10.
Hexadecimal

Area                               Addr   Size   Decimal Bytes (Attributes)
--------------------------------   ----   ----   ------- ----- ------------
_GSINIT                            C000   0000 =      0. bytes (REL,CON)

      Value  Global                              Global Defined In Module
      -----  ---------------------------------   ------------------------
ASxxxx Linker V02.00 + NoICE + sdld,  page 11.
Hexadecimal

Area                               Addr   Size   Decimal Bytes (Attributes)
--------------------------------   ----   ----   ------- ----- ------------
_GSFINAL                           C000   0000 =      0. bytes (REL,CON)

      Value  Global                              Global Defined In Module
      -----  ---------------------------------   ------------------------
ASxxxx Linker V02.00 + NoICE + sdld,  page 12.
Hexadecimal

Area                               Addr   Size   Decimal Bytes (Attributes)
--------------------------------   ----   ----   ------- ----- ------------
_CABS                              C000   0000 =      0. bytes (REL,CON)

      Value  Global                              Global Defined In Module
      -----  ---------------------------------   ------------------------
ASxxxx Linker V02.00 + NoICE + sdld,  page 13.

Files Linked                              [ module(s) ]

carwar.rel                                [ carwar ]
bios.rel                                  [ bios ]
video.rel                                 [ video ]
files.rel                                 [  ]


Libraries Linked                          [ object file ]

E:\dev\Private\MSX\tools\SDCC\bin\..\lib  [ modsigned.rel ]
E:\dev\Private\MSX\tools\SDCC\bin\..\lib  [ divsigned.rel ]
E:\dev\Private\MSX\tools\SDCC\bin\..\lib  [ divunsigned.rel ]
E:\dev\Private\MSX\tools\SDCC\bin\..\lib  [ mul.rel ]
E:\dev\Private\MSX\tools\SDCC\bin\..\lib  [ stubs.rel ]
E:\dev\Private\MSX\tools\SDCC\bin\..\lib  [ _mullong.rel ]
E:\dev\Private\MSX\tools\SDCC\bin\..\lib  [ modunsigned.rel ]
E:\dev\Private\MSX\tools\SDCC\bin\..\lib  [ shift.rel ]
E:\dev\Private\MSX\tools\SDCC\bin\..\lib  [ modmixed.rel ]
E:\dev\Private\MSX\tools\SDCC\bin\..\lib  [ divmixed.rel ]
E:\dev\Private\MSX\tools\SDCC\bin\..\lib  [ mulchar.rel ]
E:\dev\Private\MSX\tools\SDCC\bin\..\lib  [ _modslong.rel ]
E:\dev\Private\MSX\tools\SDCC\bin\..\lib  [ _modulong.rel ]
E:\dev\Private\MSX\tools\SDCC\bin\..\lib  [ _divslong.rel ]
E:\dev\Private\MSX\tools\SDCC\bin\..\lib  [ _divulong.rel ]

ASxxxx Linker V02.00 + NoICE + sdld,  page 14.

User Base Address Definitions

_CODE = 0x4010
_DATA = 0xc000

