ASxxxx Linker V02.00 + NoICE + sdld,  page 1.
Hexadecimal

Area                               Addr   Size   Decimal Bytes (Attributes)
--------------------------------   ----   ----   ------- ----- ------------
.	.ABS.                            0000   0000 =      0. bytes (ABS,CON)

      Value  Global                              Global Defined In Module
      -----  ---------------------------------   ------------------------
            0000  .__.ABS.                         
            0000  l__CABS                          
            0000  l__DATA                          
            0000  l__GSFINAL                       
            0000  l__GSINIT                        
            0000  l__HOME                          
            0000  l__OVERLAY                       
            4010  s__CODE                          
            78C0  l__CODE                          
            C000  _game                            
            C000  s__CABS                          
            C000  s__DATA                          
            C000  s__GSFINAL                       
            C000  s__GSINIT                        
            C000  s__HOME                          
            C000  s__OVERLAY                       
ASxxxx Linker V02.00 + NoICE + sdld,  page 2.
Hexadecimal

Area                               Addr   Size   Decimal Bytes (Attributes)
--------------------------------   ----   ----   ------- ----- ------------
_CODE                              4010   78C0 =  30912. bytes (REL,CON)

      Value  Global                              Global Defined In Module
      -----  ---------------------------------   ------------------------
            4010  _main                            
            4010  _main_start                      
            402A  _car1                            
            402A  _main_end                        
            491A  _car2                            
            520A  _car3                            
            5AFA  _car4                            
            63EA  _shadow                          
            6452  _charTable                       
            65D2  _trackTiles                      
            6DD2  _title                           
            7C4B  _defaultColor                    
            7C53  _cars                            
            7C67  _bg                              
            7CB7  _trackTiles01                    
            7D35  _track01                         
            7D41  _menuMain                        
            7D55  _menuMode                        
            7D6E  _menuTrack                       
            7D7D  _menuPlayer                      
            7D91  _menus                           
            7DAD  _height                          
            7E83  _MainLoop                        
            7E83  _MainLoop_start                  
            7E9C  _MainLoop_end                    
            7E9C  _StateInitialize                 
            7E9C  _StateInitialize_start           
            80D0  _InitializeMenu                  
            80D0  _InitializeMenu_start            
            80D0  _StateInitialize_end             
            826A  _InitializeMenu_end              
            826A  _StateTitle                      
            826A  _StateTitle_start                
            83B7  _StartGame                       
            83B7  _StartGame_start                 
            83B7  _StateTitle_end                  
            83C0  _StartGame_end                   
            83C0  _StateMainMenu                   
            83C0  _StateMainMenu_start             
            8623  _StateMainMenu_end               
            8625  _StateStartGame                  
            8625  _StateStartGame_start            
            892E  _StateStartGame_end              
            894A  _StateUpdateGame                 
            894A  _StateUpdateGame_start           
            96F1  _InitializePlayer                
            96F1  _InitializePlayer_start          
            96F1  _StateUpdateGame_end             
            9795  _AngleDifferent64                
            9795  _AngleDifferent64_start          
ASxxxx Linker V02.00 + NoICE + sdld,  page 3.
Hexadecimal

Area                               Addr   Size   Decimal Bytes (Attributes)
--------------------------------   ----   ----   ------- ----- ------------
_CODE                              4010   78C0 =  30912. bytes (REL,CON)

      Value  Global                              Global Defined In Module
      -----  ---------------------------------   ------------------------
            9795  _InitializePlayer_end            
            97C5  _AngleDifferent64_end            
            97C5  _VectorToAngle256                
            97C5  _VectorToAngle256_start          
            9882  _GetVectorLenght                 
            9882  _GetVectorLenght_start           
            9882  _VectorToAngle256_end            
            98FF  _CarToCarCollision               
            98FF  _CarToCarCollision_start         
            98FF  _GetVectorLenght_end             
            9ADF  _CarToCarCollision_end           
            9ADF  _CarToWallCollision              
            9ADF  _CarToWallCollision_start        
            9D5D  _CarToWallCollision_end          
            9D5D  _StateBuildTrack                 
            9D5D  _StateBuildTrack_start           
            A0EF  _StateBuildTrack_end             
            A0FB  _StateShadeTrack                 
            A0FB  _StateShadeTrack_start           
            A2E9  _StateShadeTrack_end             
            A2F5  _DarkenColor                     
            A2F5  _DarkenColor_start               
            A4EC  _DarkenColor_end                 
            A4EC  _GrayGradiant                    
            A4EC  _GrayGradiant_start              
            A51B  _DrawCharacter                   
            A51B  _DrawCharacter_start             
            A51B  _GrayGradiant_end                
            A601  _DrawCharacter_end               
            A601  _DrawText                        
            A601  _DrawText_start                  
            A688  _DebugPrintInt                   
            A688  _DebugPrintInt_start             
            A688  _DrawText_end                    
            A800  _DebugPrintInt_end               
            A800  _Joystick                        
            A800  _Joystick_start                  
            A812  _Joystick_end                    
            A812  _Joytrig                         
            A812  _Joytrig_start                   
            A826  _GetKeyMatrixLine                
            A826  _GetKeyMatrixLine_start          
            A826  _Joytrig_end                     
            A838  _GetKeyMatrixLine_end            
            A838  _SetScreen8                      
            A838  _SetScreen8_start                
            A88A  _SetScreen8_end                  
            A88A  _SetSpriteMode                   
            A88A  _SetSpriteMode_start             
            A8D7  _SetFreq                         
            A8D7  _SetFreq_start                   
ASxxxx Linker V02.00 + NoICE + sdld,  page 4.
Hexadecimal

Area                               Addr   Size   Decimal Bytes (Attributes)
--------------------------------   ----   ----   ------- ----- ------------
_CODE                              4010   78C0 =  30912. bytes (REL,CON)

      Value  Global                              Global Defined In Module
      -----  ---------------------------------   ------------------------
            A8D7  _SetSpriteMode_end               
            A8F8  _SetFreq_end                     
            A8F8  _SetPage8                        
            A8F8  _SetPage8_start                  
            A916  _DrawPoint8                      
            A916  _DrawPoint8_start                
            A916  _SetPage8_end                    
            A981  _DrawLine8                       
            A981  _DrawLine8_start                 
            A981  _DrawPoint8_end                  
            A98F  _DrawLine8_end                   
            A98F  _waitRetrace                     
            A98F  _waitRetrace_start               
            A99A  _WaitForVDP                      
            A99A  _WaitForVDP_start                
            A99A  _waitRetrace_end                 
            A9B2  _WaitForVDP_end                  
            A9B2  _WriteVRAM                       
            A9B2  _WriteVRAM_start                 
            A9EA  _ReadVRAM                        
            A9EA  _ReadVRAM_start                  
            A9EA  _WriteVRAM_end                   
            AA1E  _ReadVRAM_end                    
            AA1E  _VPDCommandLoop                  
            AA1E  _VPDCommandLoop_start            
            AA56  _RAMtoVRAM                       
            AA56  _RAMtoVRAM_start                 
            AA56  _VPDCommandLoop_end              
            AACC  _RAMtoVRAMTrans                  
            AACC  _RAMtoVRAMTrans_start            
            AACC  _RAMtoVRAM_end                   
            AB42  _FillVRAM                        
            AB42  _FillVRAM_start                  
            AB42  _RAMtoVRAMTrans_end              
            ABA9  _FillVRAM_end                    
            ABA9  _VRAMtoVRAM                      
            ABA9  _VRAMtoVRAM_start                
            AC29  _VRAMtoVRAMTrans                 
            AC29  _VRAMtoVRAMTrans_start           
            AC29  _VRAMtoVRAM_end                  
            ACA9  _VPDCommand32                    
            ACA9  _VPDCommand32_start              
            ACA9  _VRAMtoVRAMTrans_end             
            ACE7  _VPDCommand32_end                
            ACE7  _VPDCommand36                    
            ACE7  _VPDCommand36_start              
            AD1D  _PrintSprite                     
            AD1D  _PrintSprite_start               
            AD1D  _VPDCommand36_end                
            AD9B  _ClearSprite                     
            AD9B  _ClearSprite_start               
ASxxxx Linker V02.00 + NoICE + sdld,  page 5.
Hexadecimal

Area                               Addr   Size   Decimal Bytes (Attributes)
--------------------------------   ----   ----   ------- ----- ------------
_CODE                              4010   78C0 =  30912. bytes (REL,CON)

      Value  Global                              Global Defined In Module
      -----  ---------------------------------   ------------------------
            AD9B  _PrintSprite_end                 
            ADAD  _ClearSprite_end                 
            ADAD  _SetSpriteMultiColor             
            ADAD  _SetSpriteMultiColor_start       
            AE80  _SetSpriteMultiColor_end         
            AE80  _SetSpriteUniColor               
            AE80  _SetSpriteUniColor_start         
            AF51  _SetSpriteUniColor_end           
            AF51  _last_error                      
            AF52  _open                            
            AF79  _creat                           
            AFA3  _close                           
            AFBA  _dup                             
            AFDB  _read                            
            B006  _write                           
            B031  _lseek                           
            B05F  _exit                            
            B072  __modschar_rrx_s                 
            B079  __modschar_rrx_hds               
            B07F  __modsint_rrx_s                  
            B085  __modsint_rrx_hds                
            B08B  __divsint_rrx_s                  
            B094  __divschar_rrx_s                 
            B09B  __div8                           
            B09B  __divschar_rrx_hds               
            B09F  __div_signexte                   
            B0A3  __div16                          
            B0A3  __divsint_rrx_hds                
            B0C9  __get_remainder                  
            B0D3  __divuint_rrx_s                  
            B0DB  __divuchar_rrx_s                 
            B0E2  __divu8                          
            B0E2  __divuchar_rrx_hds               
            B0E5  __divu16                         
            B0E5  __divuint_rrx_hds                
            B117  __mulint_rrx_s                   
            B11D  __mulint_rrx_hds                 
            B11D  __muluchar_rrx_hds               
            B11F  __mul16                          
            B133  __mullong_rrf_s                  
            B133  __mullong_rrx_s                  
            B136  __modslong_rrf_s                 
            B136  __modslong_rrx_s                 
            B139  __modulong_rrf_s                 
            B139  __modulong_rrx_s                 
            B13C  __divslong_rrf_s                 
            B13C  __divslong_rrx_s                 
            B13F  __divulong_rrf_s                 
            B13F  __divulong_rrx_s                 
            B142  __mulint_rrf_s                   
            B148  __divsint_rrf_s                  
ASxxxx Linker V02.00 + NoICE + sdld,  page 6.
Hexadecimal

Area                               Addr   Size   Decimal Bytes (Attributes)
--------------------------------   ----   ----   ------- ----- ------------
_CODE                              4010   78C0 =  30912. bytes (REL,CON)

      Value  Global                              Global Defined In Module
      -----  ---------------------------------   ------------------------
            B14E  __divuint_rrf_s                  
            B154  __mulschar_rrf_s                 
            B15A  __divschar_rrf_s                 
            B160  __modschar_rrf_s                 
            B166  __muluchar_rrf_s                 
            B16C  __divuchar_rrf_s                 
            B172  __moduchar_rrf_s                 
            B178  __mulsuchar_rrf_s                
            B17E  __divsuchar_rrf_s                
            B184  __modsuchar_rrf_s                
            B18A  __muluschar_rrf_s                
            B190  __divuschar_rrf_s                
            B196  __moduschar_rrf_s                
            B19C  __modsint_rrf_s                  
            B1A2  __moduint_rrf_s                  
            B1A8  __rrulong_rrf_s                  
            B1AE  __rrslong_rrf_s                  
            B1B4  __rlulong_rrf_s                  
            B1BA  __rlslong_rrf_s                  
            B1C0  __mullong                        
            B1C0  __mullong_start                  
            B468  __moduchar_rrx_s                 
            B468  __mullong_end                    
            B46F  __moduchar_rrx_hds               
            B474  __moduint_rrx_s                  
            B47A  __moduint_rrx_hds                
            B47F  __rrulong_rrx_s                  
            B499  __rrslong_rrx_s                  
            B4B3  __rlslong_rrx_s                  
            B4B3  __rlulong_rrx_s                  
            B4CA  __modsuchar_rrx_s                
            B4D9  __moduschar_rrx_s                
            B4EB  __divsuchar_rrx_s                
            B4F7  __divuschar_rrx_s                
            B506  __muluchar_rrx_s                 
            B518  __mulsuchar_rrx_s                
            B522  __muluschar_rrx_s                
            B52C  __mulschar_rrx_s                 
            B533  __mulschar_rrx_hds               
            B53F  __modslong                       
            B53F  __modslong_start                 
            B614  __modslong_end                   
            B614  __modulong                       
            B614  __modulong_start                 
            B71B  __divslong                       
            B71B  __divslong_start                 
            B71B  __modulong_end                   
            B7FD  __divslong_end                   
            B7FD  __divulong                       
            B7FD  __divulong_start                 
            B8D0  __divulong_end                   

ASxxxx Linker V02.00 + NoICE + sdld,  page 7.
Hexadecimal

Area                               Addr   Size   Decimal Bytes (Attributes)
--------------------------------   ----   ----   ------- ----- ------------
_DATA                              C000   0000 =      0. bytes (REL,CON)

      Value  Global                              Global Defined In Module
      -----  ---------------------------------   ------------------------
ASxxxx Linker V02.00 + NoICE + sdld,  page 8.
Hexadecimal

Area                               Addr   Size   Decimal Bytes (Attributes)
--------------------------------   ----   ----   ------- ----- ------------
_OVERLAY                           C000   0000 =      0. bytes (REL,CON)

      Value  Global                              Global Defined In Module
      -----  ---------------------------------   ------------------------
ASxxxx Linker V02.00 + NoICE + sdld,  page 9.
Hexadecimal

Area                               Addr   Size   Decimal Bytes (Attributes)
--------------------------------   ----   ----   ------- ----- ------------
_HOME                              C000   0000 =      0. bytes (REL,CON)

      Value  Global                              Global Defined In Module
      -----  ---------------------------------   ------------------------
ASxxxx Linker V02.00 + NoICE + sdld,  page 10.
Hexadecimal

Area                               Addr   Size   Decimal Bytes (Attributes)
--------------------------------   ----   ----   ------- ----- ------------
_GSINIT                            C000   0000 =      0. bytes (REL,CON)

      Value  Global                              Global Defined In Module
      -----  ---------------------------------   ------------------------
ASxxxx Linker V02.00 + NoICE + sdld,  page 11.
Hexadecimal

Area                               Addr   Size   Decimal Bytes (Attributes)
--------------------------------   ----   ----   ------- ----- ------------
_GSFINAL                           C000   0000 =      0. bytes (REL,CON)

      Value  Global                              Global Defined In Module
      -----  ---------------------------------   ------------------------
ASxxxx Linker V02.00 + NoICE + sdld,  page 12.
Hexadecimal

Area                               Addr   Size   Decimal Bytes (Attributes)
--------------------------------   ----   ----   ------- ----- ------------
_CABS                              C000   0000 =      0. bytes (REL,CON)

      Value  Global                              Global Defined In Module
      -----  ---------------------------------   ------------------------
ASxxxx Linker V02.00 + NoICE + sdld,  page 13.

Files Linked                              [ module(s) ]

carwar.rel                                [ carwar ]
bios.rel                                  [ bios ]
video.rel                                 [ video ]
files.rel                                 [  ]


Libraries Linked                          [ object file ]

C:\Dev\program\msx\tools\SDCC\bin\..\lib  [ modsigned.rel ]
C:\Dev\program\msx\tools\SDCC\bin\..\lib  [ divsigned.rel ]
C:\Dev\program\msx\tools\SDCC\bin\..\lib  [ divunsigned.rel ]
C:\Dev\program\msx\tools\SDCC\bin\..\lib  [ mul.rel ]
C:\Dev\program\msx\tools\SDCC\bin\..\lib  [ stubs.rel ]
C:\Dev\program\msx\tools\SDCC\bin\..\lib  [ _mullong.rel ]
C:\Dev\program\msx\tools\SDCC\bin\..\lib  [ modunsigned.rel ]
C:\Dev\program\msx\tools\SDCC\bin\..\lib  [ shift.rel ]
C:\Dev\program\msx\tools\SDCC\bin\..\lib  [ modmixed.rel ]
C:\Dev\program\msx\tools\SDCC\bin\..\lib  [ divmixed.rel ]
C:\Dev\program\msx\tools\SDCC\bin\..\lib  [ mulchar.rel ]
C:\Dev\program\msx\tools\SDCC\bin\..\lib  [ _modslong.rel ]
C:\Dev\program\msx\tools\SDCC\bin\..\lib  [ _modulong.rel ]
C:\Dev\program\msx\tools\SDCC\bin\..\lib  [ _divslong.rel ]
C:\Dev\program\msx\tools\SDCC\bin\..\lib  [ _divulong.rel ]

ASxxxx Linker V02.00 + NoICE + sdld,  page 14.

User Base Address Definitions

_CODE = 0x4010
_DATA = 0xc000

