ASxxxx Linker V02.00 + NoICE + sdld,  page 1.
Hexadecimal

Area                               Addr   Size   Decimal Bytes (Attributes)
--------------------------------   ----   ----   ------- ----- ------------
.	.ABS.                            0000   0000 =      0. bytes (ABS,CON)

      Value  Global                              Global Defined In Module
      -----  ---------------------------------   ------------------------
            0000  .__.ABS.                         
            0000  l__CABS                          
            0000  l__DATA                          
            0000  l__GSFINAL                       
            0000  l__GSINIT                        
            0000  l__HOME                          
            0000  l__OVERLAY                       
            4010  s__CODE                          
            77D3  l__CODE                          
            C000  _game                            
            C000  s__CABS                          
            C000  s__DATA                          
            C000  s__GSFINAL                       
            C000  s__GSINIT                        
            C000  s__HOME                          
            C000  s__OVERLAY                       
ASxxxx Linker V02.00 + NoICE + sdld,  page 2.
Hexadecimal

Area                               Addr   Size   Decimal Bytes (Attributes)
--------------------------------   ----   ----   ------- ----- ------------
_CODE                              4010   77D3 =  30675. bytes (REL,CON)

      Value  Global                              Global Defined In Module
      -----  ---------------------------------   ------------------------
            4010  _main                            
            4010  _main_start                      
            402A  _g_Car1                          
            402A  _main_end                        
            491A  _g_Car2                          
            520A  _g_Car3                          
            5AFA  _g_Car4                          
            63EA  _g_Shadow                        
            6452  _g_CharTable                     
            6652  _g_TrackTiles                    
            6E52  _g_Title                         
            710A  _g_Pilots                        
            7B4B  _g_Cars                          
            7B64  _g_BG                            
            7BB4  _g_TrackTiles01                  
            7C1A  _g_TrackTiles02                  
            7C85  _g_TrackTiles03                  
            7CF6  _g_Tracks                        
            7D29  _g_MenuMain                      
            7D41  _g_MenuMode                      
            7D5F  _g_MenuTrack                     
            7D71  _g_MenuPlayer                    
            7D89  _g_MenuTrackList                 
            7DA1  _g_Menus                         
            7DC4  _g_HeightTab                     
            7DD9  _g_DefaultColor                  
            7DE1  _g_AnimIndex                     
            7DE5  _g_SmokeFrq                      
            7ED6  _MainLoop                        
            7ED6  _MainLoop_start                  
            7EEF  _MainLoop_end                    
            7EEF  _StateInitialize                 
            7EEF  _StateInitialize_start           
            8164  _InitializeMenu                  
            8164  _InitializeMenu_start            
            8164  _StateInitialize_end             
            82F6  _InitializeMenu_end              
            82F6  _StateTitle                      
            82F6  _StateTitle_start                
            8462  _StateMainMenu                   
            8462  _StateMainMenu_start             
            8462  _StateTitle_end                  
            8718  _StateMainMenu_end               
            871A  _StateStartGame                  
            871A  _StateStartGame_start            
            8AFB  _StateStartGame_end              
            8B17  _StateUpdateGame                 
            8B17  _StateUpdateGame_start           
            9C70  _InitializePlayer                
            9C70  _InitializePlayer_start          
ASxxxx Linker V02.00 + NoICE + sdld,  page 3.
Hexadecimal

Area                               Addr   Size   Decimal Bytes (Attributes)
--------------------------------   ----   ----   ------- ----- ------------
_CODE                              4010   77D3 =  30675. bytes (REL,CON)

      Value  Global                              Global Defined In Module
      -----  ---------------------------------   ------------------------
            9C70  _StateUpdateGame_end             
            9D59  _CheckJoy                        
            9D59  _CheckJoy_start                  
            9D59  _InitializePlayer_end            
            9DE3  _CheckJoy_end                    
            9DE3  _DamageCar                       
            9DE3  _DamageCar_start                 
            9E0D  _AngleDifferent64                
            9E0D  _AngleDifferent64_start          
            9E0D  _DamageCar_end                   
            9E3D  _AngleDifferent64_end            
            9E3D  _VectorToAngle256                
            9E3D  _VectorToAngle256_start          
            9EEE  _GetVectorLenght256              
            9EEE  _GetVectorLenght256_start        
            9EEE  _VectorToAngle256_end            
            9F6F  _CarToCarCollision               
            9F6F  _CarToCarCollision_start         
            9F6F  _GetVectorLenght256_end          
            A179  _CarToCarCollision_end           
            A179  _CarToWallCollision              
            A179  _CarToWallCollision_start        
            A4BF  _CarToWallCollision_end          
            A4BF  _StateBuildTrack                 
            A4BF  _StateBuildTrack_start           
            A8E0  _StateBuildTrack_end             
            A8EC  _StateShadeTrack                 
            A8EC  _StateShadeTrack_start           
            AADA  _StateShadeTrack_end             
            AAE6  _DarkenColor                     
            AAE6  _DarkenColor_start               
            ACDD  _DarkenColor_end                 
            ACDD  _GrayGradiant                    
            ACDD  _GrayGradiant_start              
            AD0C  _DrawCharacter                   
            AD0C  _DrawCharacter_start             
            AD0C  _GrayGradiant_end                
            ADEE  _DrawCharacter_end               
            ADEE  _DrawText                        
            ADEE  _DrawText_start                  
            AE75  _DrawText_end                    
            AE75  _StartGame                       
            AE75  _StartGame_start                 
            AE8E  _SelectPlayer                    
            AE8E  _SelectPlayer_start              
            AE8E  _StartGame_end                   
            AE9F  _SelectPlayer_end                
            AE9F  _SelectRule                      
            AE9F  _SelectRule_start                
            AEB0  _Joystick                        
            AEB0  _Joystick_start                  
ASxxxx Linker V02.00 + NoICE + sdld,  page 4.
Hexadecimal

Area                               Addr   Size   Decimal Bytes (Attributes)
--------------------------------   ----   ----   ------- ----- ------------
_CODE                              4010   77D3 =  30675. bytes (REL,CON)

      Value  Global                              Global Defined In Module
      -----  ---------------------------------   ------------------------
            AEB0  _SelectRule_end                  
            AEC2  _Joystick_end                    
            AEC2  _Joytrig                         
            AEC2  _Joytrig_start                   
            AED6  _GetKeyMatrixLine                
            AED6  _GetKeyMatrixLine_start          
            AED6  _Joytrig_end                     
            AEE8  _GetKeyMatrixLine_end            
            AEE8  _SetScreen8                      
            AEE8  _SetScreen8_start                
            AF3A  _SetScreen8_end                  
            AF3A  _SetSpriteMode                   
            AF3A  _SetSpriteMode_start             
            AF87  _SetFreq                         
            AF87  _SetFreq_start                   
            AF87  _SetSpriteMode_end               
            AFA8  _SetFreq_end                     
            AFA8  _SetPage8                        
            AFA8  _SetPage8_start                  
            AFC6  _DrawPoint8                      
            AFC6  _DrawPoint8_start                
            AFC6  _SetPage8_end                    
            B031  _DrawLine8                       
            B031  _DrawLine8_start                 
            B031  _DrawPoint8_end                  
            B03F  _DrawLine8_end                   
            B03F  _waitRetrace                     
            B03F  _waitRetrace_start               
            B04A  _WaitForVDP                      
            B04A  _WaitForVDP_start                
            B04A  _waitRetrace_end                 
            B062  _WaitForVDP_end                  
            B062  _WriteVRAM                       
            B062  _WriteVRAM_start                 
            B09A  _ReadVRAM                        
            B09A  _ReadVRAM_start                  
            B09A  _WriteVRAM_end                   
            B0CE  _ReadVRAM_end                    
            B0CE  _VPDCommandLoop                  
            B0CE  _VPDCommandLoop_start            
            B106  _RAMtoVRAM                       
            B106  _RAMtoVRAM_start                 
            B106  _VPDCommandLoop_end              
            B17C  _RAMtoVRAMTrans                  
            B17C  _RAMtoVRAMTrans_start            
            B17C  _RAMtoVRAM_end                   
            B1F2  _FillVRAM                        
            B1F2  _FillVRAM_start                  
            B1F2  _RAMtoVRAMTrans_end              
            B259  _FillVRAM_end                    
            B259  _VRAMtoVRAM                      
ASxxxx Linker V02.00 + NoICE + sdld,  page 5.
Hexadecimal

Area                               Addr   Size   Decimal Bytes (Attributes)
--------------------------------   ----   ----   ------- ----- ------------
_CODE                              4010   77D3 =  30675. bytes (REL,CON)

      Value  Global                              Global Defined In Module
      -----  ---------------------------------   ------------------------
            B259  _VRAMtoVRAM_start                
            B2D9  _VRAMtoVRAMTrans                 
            B2D9  _VRAMtoVRAMTrans_start           
            B2D9  _VRAMtoVRAM_end                  
            B359  _VPDCommand32                    
            B359  _VPDCommand32_start              
            B359  _VRAMtoVRAMTrans_end             
            B397  _VPDCommand32_end                
            B397  _VPDCommand36                    
            B397  _VPDCommand36_start              
            B3CD  _PrintSprite                     
            B3CD  _PrintSprite_start               
            B3CD  _VPDCommand36_end                
            B44B  _ClearSprite                     
            B44B  _ClearSprite_start               
            B44B  _PrintSprite_end                 
            B45D  _ClearSprite_end                 
            B45D  _SetSpriteMultiColor             
            B45D  _SetSpriteMultiColor_start       
            B530  _SetSpriteMultiColor_end         
            B530  _SetSpriteUniColor               
            B530  _SetSpriteUniColor_start         
            B601  _SetSpriteUniColor_end           
            B601  _last_error                      
            B602  _open                            
            B629  _creat                           
            B653  _close                           
            B66A  _dup                             
            B68B  _read                            
            B6B6  _write                           
            B6E1  _lseek                           
            B70F  _exit                            
            B722  __modschar_rrx_s                 
            B729  __modschar_rrx_hds               
            B72F  __modsint_rrx_s                  
            B735  __modsint_rrx_hds                
            B73B  __divsint_rrx_s                  
            B744  __divschar_rrx_s                 
            B74B  __div8                           
            B74B  __divschar_rrx_hds               
            B74F  __div_signexte                   
            B753  __div16                          
            B753  __divsint_rrx_hds                
            B779  __get_remainder                  
            B783  __divuint_rrx_s                  
            B78B  __divuchar_rrx_s                 
            B792  __divu8                          
            B792  __divuchar_rrx_hds               
            B795  __divu16                         
            B795  __divuint_rrx_hds                
            B7C7  __mulint_rrx_s                   
ASxxxx Linker V02.00 + NoICE + sdld,  page 6.
Hexadecimal

Area                               Addr   Size   Decimal Bytes (Attributes)
--------------------------------   ----   ----   ------- ----- ------------
_CODE                              4010   77D3 =  30675. bytes (REL,CON)

      Value  Global                              Global Defined In Module
      -----  ---------------------------------   ------------------------
            B7CD  __mulint_rrx_hds                 
            B7CD  __muluchar_rrx_hds               
            B7CF  __mul16                          

ASxxxx Linker V02.00 + NoICE + sdld,  page 7.
Hexadecimal

Area                               Addr   Size   Decimal Bytes (Attributes)
--------------------------------   ----   ----   ------- ----- ------------
_DATA                              C000   0000 =      0. bytes (REL,CON)

      Value  Global                              Global Defined In Module
      -----  ---------------------------------   ------------------------
ASxxxx Linker V02.00 + NoICE + sdld,  page 8.
Hexadecimal

Area                               Addr   Size   Decimal Bytes (Attributes)
--------------------------------   ----   ----   ------- ----- ------------
_OVERLAY                           C000   0000 =      0. bytes (REL,CON)

      Value  Global                              Global Defined In Module
      -----  ---------------------------------   ------------------------
ASxxxx Linker V02.00 + NoICE + sdld,  page 9.
Hexadecimal

Area                               Addr   Size   Decimal Bytes (Attributes)
--------------------------------   ----   ----   ------- ----- ------------
_HOME                              C000   0000 =      0. bytes (REL,CON)

      Value  Global                              Global Defined In Module
      -----  ---------------------------------   ------------------------
ASxxxx Linker V02.00 + NoICE + sdld,  page 10.
Hexadecimal

Area                               Addr   Size   Decimal Bytes (Attributes)
--------------------------------   ----   ----   ------- ----- ------------
_GSINIT                            C000   0000 =      0. bytes (REL,CON)

      Value  Global                              Global Defined In Module
      -----  ---------------------------------   ------------------------
ASxxxx Linker V02.00 + NoICE + sdld,  page 11.
Hexadecimal

Area                               Addr   Size   Decimal Bytes (Attributes)
--------------------------------   ----   ----   ------- ----- ------------
_GSFINAL                           C000   0000 =      0. bytes (REL,CON)

      Value  Global                              Global Defined In Module
      -----  ---------------------------------   ------------------------
ASxxxx Linker V02.00 + NoICE + sdld,  page 12.
Hexadecimal

Area                               Addr   Size   Decimal Bytes (Attributes)
--------------------------------   ----   ----   ------- ----- ------------
_CABS                              C000   0000 =      0. bytes (REL,CON)

      Value  Global                              Global Defined In Module
      -----  ---------------------------------   ------------------------
ASxxxx Linker V02.00 + NoICE + sdld,  page 13.

Files Linked                              [ module(s) ]

carwar.rel                                [ carwar ]
bios.rel                                  [ bios ]
video.rel                                 [ video ]
files.rel                                 [  ]


Libraries Linked                          [ object file ]

C:\Dev\program\msx\tools\SDCC\bin\..\lib  [ modsigned.rel ]
C:\Dev\program\msx\tools\SDCC\bin\..\lib  [ divsigned.rel ]
C:\Dev\program\msx\tools\SDCC\bin\..\lib  [ divunsigned.rel ]
C:\Dev\program\msx\tools\SDCC\bin\..\lib  [ mul.rel ]

ASxxxx Linker V02.00 + NoICE + sdld,  page 14.

User Base Address Definitions

_CODE = 0x4010
_DATA = 0xc000

