ASxxxx Linker V02.00 + NoICE + sdld,  page 1.
Hexadecimal

Area                               Addr   Size   Decimal Bytes (Attributes)
--------------------------------   ----   ----   ------- ----- ------------
.	.ABS.                            0000   0000 =      0. bytes (ABS,CON)

      Value  Global                              Global Defined In Module
      -----  ---------------------------------   ------------------------
            0000  .__.ABS.                         
            0000  l__CABS                          
            0000  l__DATA                          
            0000  l__GSFINAL                       
            0000  l__GSINIT                        
            0000  l__HOME                          
            0000  l__OVERLAY                       
            4010  s__CODE                          
            77C1  l__CODE                          
            C000  _game                            
            C000  s__CABS                          
            C000  s__DATA                          
            C000  s__GSFINAL                       
            C000  s__GSINIT                        
            C000  s__HOME                          
            C000  s__OVERLAY                       
ASxxxx Linker V02.00 + NoICE + sdld,  page 2.
Hexadecimal

Area                               Addr   Size   Decimal Bytes (Attributes)
--------------------------------   ----   ----   ------- ----- ------------
_CODE                              4010   77C1 =  30657. bytes (REL,CON)

      Value  Global                              Global Defined In Module
      -----  ---------------------------------   ------------------------
            4010  _main                            
            4010  _main_start                      
            402A  _g_Car1                          
            402A  _main_end                        
            491A  _g_Car2                          
            520A  _g_Car3                          
            5AFA  _g_Car4                          
            63EA  _g_Shadow                        
            6452  _g_CharTable                     
            6652  _g_TrackTiles                    
            6E52  _g_Title                         
            710A  _g_Pilots                        
            7B4B  _g_Cars                          
            7B64  _g_BG                            
            7BB9  _g_TrackTiles01                  
            7C37  _g_TrackTiles02                  
            7CB5  _g_TrackTiles03                  
            7D33  _g_Tracks                        
            7D66  _g_MenuMain                      
            7D7E  _g_MenuMode                      
            7D9C  _g_MenuTrack                     
            7DAE  _g_MenuPlayer                    
            7DC6  _g_MenuTrackList                 
            7DDE  _g_Menus                         
            7E01  _g_HeightTab                     
            7E16  _g_DefaultColor                  
            7E1E  _g_AnimIndex                     
            7E22  _g_SmokeFrq                      
            7F13  _MainLoop                        
            7F13  _MainLoop_start                  
            7F2C  _MainLoop_end                    
            7F2C  _StateInitialize                 
            7F2C  _StateInitialize_start           
            8197  _InitializeMenu                  
            8197  _InitializeMenu_start            
            8197  _StateInitialize_end             
            8329  _InitializeMenu_end              
            8329  _StateTitle                      
            8329  _StateTitle_start                
            8495  _StateMainMenu                   
            8495  _StateMainMenu_start             
            8495  _StateTitle_end                  
            874B  _StateMainMenu_end               
            874D  _StateStartGame                  
            874D  _StateStartGame_start            
            8B2E  _StateStartGame_end              
            8B4A  _StateUpdateGame                 
            8B4A  _StateUpdateGame_start           
            9C5D  _InitializePlayer                
            9C5D  _InitializePlayer_start          
ASxxxx Linker V02.00 + NoICE + sdld,  page 3.
Hexadecimal

Area                               Addr   Size   Decimal Bytes (Attributes)
--------------------------------   ----   ----   ------- ----- ------------
_CODE                              4010   77C1 =  30657. bytes (REL,CON)

      Value  Global                              Global Defined In Module
      -----  ---------------------------------   ------------------------
            9C5D  _StateUpdateGame_end             
            9D46  _CheckJoy                        
            9D46  _CheckJoy_start                  
            9D46  _InitializePlayer_end            
            9DD0  _CheckJoy_end                    
            9DD0  _DamageCar                       
            9DD0  _DamageCar_start                 
            9DFA  _AngleDifferent64                
            9DFA  _AngleDifferent64_start          
            9DFA  _DamageCar_end                   
            9E2A  _AngleDifferent64_end            
            9E2A  _VectorToAngle256                
            9E2A  _VectorToAngle256_start          
            9EDB  _GetVectorLenght256              
            9EDB  _GetVectorLenght256_start        
            9EDB  _VectorToAngle256_end            
            9F5C  _CarToCarCollision               
            9F5C  _CarToCarCollision_start         
            9F5C  _GetVectorLenght256_end          
            A166  _CarToCarCollision_end           
            A166  _CarToWallCollision              
            A166  _CarToWallCollision_start        
            A4C0  _CarToWallCollision_end          
            A4C0  _StateBuildTrack                 
            A4C0  _StateBuildTrack_start           
            A8CE  _StateBuildTrack_end             
            A8DA  _StateShadeTrack                 
            A8DA  _StateShadeTrack_start           
            AAC8  _StateShadeTrack_end             
            AAD4  _DarkenColor                     
            AAD4  _DarkenColor_start               
            ACCB  _DarkenColor_end                 
            ACCB  _GrayGradiant                    
            ACCB  _GrayGradiant_start              
            ACFA  _DrawCharacter                   
            ACFA  _DrawCharacter_start             
            ACFA  _GrayGradiant_end                
            ADDC  _DrawCharacter_end               
            ADDC  _DrawText                        
            ADDC  _DrawText_start                  
            AE63  _DrawText_end                    
            AE63  _StartGame                       
            AE63  _StartGame_start                 
            AE7C  _SelectPlayer                    
            AE7C  _SelectPlayer_start              
            AE7C  _StartGame_end                   
            AE8D  _SelectPlayer_end                
            AE8D  _SelectRule                      
            AE8D  _SelectRule_start                
            AE9E  _Joystick                        
            AE9E  _Joystick_start                  
ASxxxx Linker V02.00 + NoICE + sdld,  page 4.
Hexadecimal

Area                               Addr   Size   Decimal Bytes (Attributes)
--------------------------------   ----   ----   ------- ----- ------------
_CODE                              4010   77C1 =  30657. bytes (REL,CON)

      Value  Global                              Global Defined In Module
      -----  ---------------------------------   ------------------------
            AE9E  _SelectRule_end                  
            AEB0  _Joystick_end                    
            AEB0  _Joytrig                         
            AEB0  _Joytrig_start                   
            AEC4  _GetKeyMatrixLine                
            AEC4  _GetKeyMatrixLine_start          
            AEC4  _Joytrig_end                     
            AED6  _GetKeyMatrixLine_end            
            AED6  _SetScreen8                      
            AED6  _SetScreen8_start                
            AF28  _SetScreen8_end                  
            AF28  _SetSpriteMode                   
            AF28  _SetSpriteMode_start             
            AF75  _SetFreq                         
            AF75  _SetFreq_start                   
            AF75  _SetSpriteMode_end               
            AF96  _SetFreq_end                     
            AF96  _SetPage8                        
            AF96  _SetPage8_start                  
            AFB4  _DrawPoint8                      
            AFB4  _DrawPoint8_start                
            AFB4  _SetPage8_end                    
            B01F  _DrawLine8                       
            B01F  _DrawLine8_start                 
            B01F  _DrawPoint8_end                  
            B02D  _DrawLine8_end                   
            B02D  _waitRetrace                     
            B02D  _waitRetrace_start               
            B038  _WaitForVDP                      
            B038  _WaitForVDP_start                
            B038  _waitRetrace_end                 
            B050  _WaitForVDP_end                  
            B050  _WriteVRAM                       
            B050  _WriteVRAM_start                 
            B088  _ReadVRAM                        
            B088  _ReadVRAM_start                  
            B088  _WriteVRAM_end                   
            B0BC  _ReadVRAM_end                    
            B0BC  _VPDCommandLoop                  
            B0BC  _VPDCommandLoop_start            
            B0F4  _RAMtoVRAM                       
            B0F4  _RAMtoVRAM_start                 
            B0F4  _VPDCommandLoop_end              
            B16A  _RAMtoVRAMTrans                  
            B16A  _RAMtoVRAMTrans_start            
            B16A  _RAMtoVRAM_end                   
            B1E0  _FillVRAM                        
            B1E0  _FillVRAM_start                  
            B1E0  _RAMtoVRAMTrans_end              
            B247  _FillVRAM_end                    
            B247  _VRAMtoVRAM                      
ASxxxx Linker V02.00 + NoICE + sdld,  page 5.
Hexadecimal

Area                               Addr   Size   Decimal Bytes (Attributes)
--------------------------------   ----   ----   ------- ----- ------------
_CODE                              4010   77C1 =  30657. bytes (REL,CON)

      Value  Global                              Global Defined In Module
      -----  ---------------------------------   ------------------------
            B247  _VRAMtoVRAM_start                
            B2C7  _VRAMtoVRAMTrans                 
            B2C7  _VRAMtoVRAMTrans_start           
            B2C7  _VRAMtoVRAM_end                  
            B347  _VPDCommand32                    
            B347  _VPDCommand32_start              
            B347  _VRAMtoVRAMTrans_end             
            B385  _VPDCommand32_end                
            B385  _VPDCommand36                    
            B385  _VPDCommand36_start              
            B3BB  _PrintSprite                     
            B3BB  _PrintSprite_start               
            B3BB  _VPDCommand36_end                
            B439  _ClearSprite                     
            B439  _ClearSprite_start               
            B439  _PrintSprite_end                 
            B44B  _ClearSprite_end                 
            B44B  _SetSpriteMultiColor             
            B44B  _SetSpriteMultiColor_start       
            B51E  _SetSpriteMultiColor_end         
            B51E  _SetSpriteUniColor               
            B51E  _SetSpriteUniColor_start         
            B5EF  _SetSpriteUniColor_end           
            B5EF  _last_error                      
            B5F0  _open                            
            B617  _creat                           
            B641  _close                           
            B658  _dup                             
            B679  _read                            
            B6A4  _write                           
            B6CF  _lseek                           
            B6FD  _exit                            
            B710  __modschar_rrx_s                 
            B717  __modschar_rrx_hds               
            B71D  __modsint_rrx_s                  
            B723  __modsint_rrx_hds                
            B729  __divsint_rrx_s                  
            B732  __divschar_rrx_s                 
            B739  __div8                           
            B739  __divschar_rrx_hds               
            B73D  __div_signexte                   
            B741  __div16                          
            B741  __divsint_rrx_hds                
            B767  __get_remainder                  
            B771  __divuint_rrx_s                  
            B779  __divuchar_rrx_s                 
            B780  __divu8                          
            B780  __divuchar_rrx_hds               
            B783  __divu16                         
            B783  __divuint_rrx_hds                
            B7B5  __mulint_rrx_s                   
ASxxxx Linker V02.00 + NoICE + sdld,  page 6.
Hexadecimal

Area                               Addr   Size   Decimal Bytes (Attributes)
--------------------------------   ----   ----   ------- ----- ------------
_CODE                              4010   77C1 =  30657. bytes (REL,CON)

      Value  Global                              Global Defined In Module
      -----  ---------------------------------   ------------------------
            B7BB  __mulint_rrx_hds                 
            B7BB  __muluchar_rrx_hds               
            B7BD  __mul16                          

ASxxxx Linker V02.00 + NoICE + sdld,  page 7.
Hexadecimal

Area                               Addr   Size   Decimal Bytes (Attributes)
--------------------------------   ----   ----   ------- ----- ------------
_DATA                              C000   0000 =      0. bytes (REL,CON)

      Value  Global                              Global Defined In Module
      -----  ---------------------------------   ------------------------
ASxxxx Linker V02.00 + NoICE + sdld,  page 8.
Hexadecimal

Area                               Addr   Size   Decimal Bytes (Attributes)
--------------------------------   ----   ----   ------- ----- ------------
_OVERLAY                           C000   0000 =      0. bytes (REL,CON)

      Value  Global                              Global Defined In Module
      -----  ---------------------------------   ------------------------
ASxxxx Linker V02.00 + NoICE + sdld,  page 9.
Hexadecimal

Area                               Addr   Size   Decimal Bytes (Attributes)
--------------------------------   ----   ----   ------- ----- ------------
_HOME                              C000   0000 =      0. bytes (REL,CON)

      Value  Global                              Global Defined In Module
      -----  ---------------------------------   ------------------------
ASxxxx Linker V02.00 + NoICE + sdld,  page 10.
Hexadecimal

Area                               Addr   Size   Decimal Bytes (Attributes)
--------------------------------   ----   ----   ------- ----- ------------
_GSINIT                            C000   0000 =      0. bytes (REL,CON)

      Value  Global                              Global Defined In Module
      -----  ---------------------------------   ------------------------
ASxxxx Linker V02.00 + NoICE + sdld,  page 11.
Hexadecimal

Area                               Addr   Size   Decimal Bytes (Attributes)
--------------------------------   ----   ----   ------- ----- ------------
_GSFINAL                           C000   0000 =      0. bytes (REL,CON)

      Value  Global                              Global Defined In Module
      -----  ---------------------------------   ------------------------
ASxxxx Linker V02.00 + NoICE + sdld,  page 12.
Hexadecimal

Area                               Addr   Size   Decimal Bytes (Attributes)
--------------------------------   ----   ----   ------- ----- ------------
_CABS                              C000   0000 =      0. bytes (REL,CON)

      Value  Global                              Global Defined In Module
      -----  ---------------------------------   ------------------------
ASxxxx Linker V02.00 + NoICE + sdld,  page 13.

Files Linked                              [ module(s) ]

carwar.rel                                [ carwar ]
bios.rel                                  [ bios ]
video.rel                                 [ video ]
files.rel                                 [  ]


Libraries Linked                          [ object file ]

E:\dev\Private\MSX\tools\SDCC\bin\..\lib  [ modsigned.rel ]
E:\dev\Private\MSX\tools\SDCC\bin\..\lib  [ divsigned.rel ]
E:\dev\Private\MSX\tools\SDCC\bin\..\lib  [ divunsigned.rel ]
E:\dev\Private\MSX\tools\SDCC\bin\..\lib  [ mul.rel ]

ASxxxx Linker V02.00 + NoICE + sdld,  page 14.

User Base Address Definitions

_CODE = 0x4010
_DATA = 0xc000

