ASxxxx Linker V02.00 + NoICE + sdld,  page 1.
Hexadecimal

Area                               Addr   Size   Decimal Bytes (Attributes)
--------------------------------   ----   ----   ------- ----- ------------
.	.ABS.                            0000   0000 =      0. bytes (ABS,CON)

      Value  Global                              Global Defined In Module
      -----  ---------------------------------   ------------------------
            0000  .__.ABS.                         
            0000  l__CABS                          
            0000  l__DATA                          
            0000  l__GSFINAL                       
            0000  l__GSINIT                        
            0000  l__HOME                          
            0000  l__OVERLAY                       
            4010  s__CODE                          
            7323  l__CODE                          
            C000  _game                            
            C000  s__CABS                          
            C000  s__DATA                          
            C000  s__GSFINAL                       
            C000  s__GSINIT                        
            C000  s__HOME                          
            C000  s__OVERLAY                       
ASxxxx Linker V02.00 + NoICE + sdld,  page 2.
Hexadecimal

Area                               Addr   Size   Decimal Bytes (Attributes)
--------------------------------   ----   ----   ------- ----- ------------
_CODE                              4010   7323 =  29475. bytes (REL,CON)

      Value  Global                              Global Defined In Module
      -----  ---------------------------------   ------------------------
            4010  _main                            
            4010  _main_start                      
            402A  _car1                            
            402A  _main_end                        
            491A  _car2                            
            520A  _car3                            
            5AFA  _car4                            
            63EA  _shadow                          
            6479  _charTable                       
            65F9  _trackTiles                      
            6DF9  _title                           
            7C72  _defaultColor                    
            7C7A  _cars                            
            7C86  _trackTiles01                    
            7D04  _track01                         
            7D10  _menuMain                        
            7D24  _menuMode                        
            7D3D  _menuTrack                       
            7D4C  _menuPlayer                      
            7D60  _menus                           
            7E3D  _MainLoop                        
            7E3D  _MainLoop_start                  
            7E56  _MainLoop_end                    
            7E56  _StateInitialize                 
            7E56  _StateInitialize_start           
            808F  _InitializeMenu                  
            808F  _InitializeMenu_start            
            808F  _StateInitialize_end             
            8229  _InitializeMenu_end              
            8229  _StateTitle                      
            8229  _StateTitle_start                
            836A  _StartGame                       
            836A  _StartGame_start                 
            836A  _StateTitle_end                  
            8373  _StartGame_end                   
            8373  _StateMainMenu                   
            8373  _StateMainMenu_start             
            85D6  _StateMainMenu_end               
            85D8  _StateStartGame                  
            85D8  _StateStartGame_start            
            8939  _StateStartGame_end              
            8955  _StateUpdateGame                 
            8955  _StateUpdateGame_start           
            9408  _InitializePlayer                
            9408  _InitializePlayer_start          
            9408  _StateUpdateGame_end             
            9496  _AngleDifferent64                
            9496  _AngleDifferent64_start          
            9496  _InitializePlayer_end            
            94C6  _AngleDifferent64_end            
ASxxxx Linker V02.00 + NoICE + sdld,  page 3.
Hexadecimal

Area                               Addr   Size   Decimal Bytes (Attributes)
--------------------------------   ----   ----   ------- ----- ------------
_CODE                              4010   7323 =  29475. bytes (REL,CON)

      Value  Global                              Global Defined In Module
      -----  ---------------------------------   ------------------------
            94C6  _VectorToAngle256                
            94C6  _VectorToAngle256_start          
            9583  _GetVectorLenght                 
            9583  _GetVectorLenght_start           
            9583  _VectorToAngle256_end            
            9600  _CheckCollision                  
            9600  _CheckCollision_start            
            9600  _GetVectorLenght_end             
            97E2  _CheckCollision_end              
            97E2  _StateBuildTrack                 
            97E2  _StateBuildTrack_start           
            9B74  _StateBuildTrack_end             
            9B80  _StateShadeTrack                 
            9B80  _StateShadeTrack_start           
            9D53  _StateShadeTrack_end             
            9D5F  _DarkenColor                     
            9D5F  _DarkenColor_start               
            9F56  _DarkenColor_end                 
            9F56  _GrayGradiant                    
            9F56  _GrayGradiant_start              
            9F85  _DrawCharacter                   
            9F85  _DrawCharacter_start             
            9F85  _GrayGradiant_end                
            A06B  _DrawCharacter_end               
            A06B  _DrawText                        
            A06B  _DrawText_start                  
            A0F2  _DebugPrintInt                   
            A0F2  _DebugPrintInt_start             
            A0F2  _DrawText_end                    
            A26A  _DebugPrintInt_end               
            A26A  _Joystick                        
            A26A  _Joystick_start                  
            A27C  _Joystick_end                    
            A27C  _Joytrig                         
            A27C  _Joytrig_start                   
            A290  _GetKeyMatrixLine                
            A290  _GetKeyMatrixLine_start          
            A290  _Joytrig_end                     
            A2A2  _GetKeyMatrixLine_end            
            A2A2  _SetScreen8                      
            A2A2  _SetScreen8_start                
            A2F4  _SetScreen8_end                  
            A2F4  _SetSpriteMode                   
            A2F4  _SetSpriteMode_start             
            A341  _SetFreq                         
            A341  _SetFreq_start                   
            A341  _SetSpriteMode_end               
            A362  _SetFreq_end                     
            A362  _SetPage8                        
            A362  _SetPage8_start                  
            A380  _DrawPoint8                      
ASxxxx Linker V02.00 + NoICE + sdld,  page 4.
Hexadecimal

Area                               Addr   Size   Decimal Bytes (Attributes)
--------------------------------   ----   ----   ------- ----- ------------
_CODE                              4010   7323 =  29475. bytes (REL,CON)

      Value  Global                              Global Defined In Module
      -----  ---------------------------------   ------------------------
            A380  _DrawPoint8_start                
            A380  _SetPage8_end                    
            A3EB  _DrawLine8                       
            A3EB  _DrawLine8_start                 
            A3EB  _DrawPoint8_end                  
            A3F9  _DrawLine8_end                   
            A3F9  _waitRetrace                     
            A3F9  _waitRetrace_start               
            A404  _WaitForVDP                      
            A404  _WaitForVDP_start                
            A404  _waitRetrace_end                 
            A41C  _WaitForVDP_end                  
            A41C  _WriteVRAM                       
            A41C  _WriteVRAM_start                 
            A454  _ReadVRAM                        
            A454  _ReadVRAM_start                  
            A454  _WriteVRAM_end                   
            A481  _ReadVRAM_end                    
            A481  _VPDCommandLoop                  
            A481  _VPDCommandLoop_start            
            A4B9  _RAMtoVRAM                       
            A4B9  _RAMtoVRAM_start                 
            A4B9  _VPDCommandLoop_end              
            A52F  _RAMtoVRAMTrans                  
            A52F  _RAMtoVRAMTrans_start            
            A52F  _RAMtoVRAM_end                   
            A5A5  _FillVRAM                        
            A5A5  _FillVRAM_start                  
            A5A5  _RAMtoVRAMTrans_end              
            A60C  _FillVRAM_end                    
            A60C  _VRAMtoVRAM                      
            A60C  _VRAMtoVRAM_start                
            A68C  _VRAMtoVRAMTrans                 
            A68C  _VRAMtoVRAMTrans_start           
            A68C  _VRAMtoVRAM_end                  
            A70C  _VPDCommand32                    
            A70C  _VPDCommand32_start              
            A70C  _VRAMtoVRAMTrans_end             
            A74A  _VPDCommand32_end                
            A74A  _VPDCommand36                    
            A74A  _VPDCommand36_start              
            A780  _PrintSprite                     
            A780  _PrintSprite_start               
            A780  _VPDCommand36_end                
            A7FE  _ClearSprite                     
            A7FE  _ClearSprite_start               
            A7FE  _PrintSprite_end                 
            A810  _ClearSprite_end                 
            A810  _SetSpriteMultiColor             
            A810  _SetSpriteMultiColor_start       
            A8E3  _SetSpriteMultiColor_end         
ASxxxx Linker V02.00 + NoICE + sdld,  page 5.
Hexadecimal

Area                               Addr   Size   Decimal Bytes (Attributes)
--------------------------------   ----   ----   ------- ----- ------------
_CODE                              4010   7323 =  29475. bytes (REL,CON)

      Value  Global                              Global Defined In Module
      -----  ---------------------------------   ------------------------
            A8E3  _SetSpriteUniColor               
            A8E3  _SetSpriteUniColor_start         
            A9B4  _SetSpriteUniColor_end           
            A9B4  _last_error                      
            A9B5  _open                            
            A9DC  _creat                           
            AA06  _close                           
            AA1D  _dup                             
            AA3E  _read                            
            AA69  _write                           
            AA94  _lseek                           
            AAC2  _exit                            
            AAD5  __modschar_rrx_s                 
            AADC  __modschar_rrx_hds               
            AAE2  __modsint_rrx_s                  
            AAE8  __modsint_rrx_hds                
            AAEE  __divsint_rrx_s                  
            AAF7  __divschar_rrx_s                 
            AAFE  __div8                           
            AAFE  __divschar_rrx_hds               
            AB02  __div_signexte                   
            AB06  __div16                          
            AB06  __divsint_rrx_hds                
            AB2C  __get_remainder                  
            AB36  __divuint_rrx_s                  
            AB3E  __divuchar_rrx_s                 
            AB45  __divu8                          
            AB45  __divuchar_rrx_hds               
            AB48  __divu16                         
            AB48  __divuint_rrx_hds                
            AB7A  __mulint_rrx_s                   
            AB80  __mulint_rrx_hds                 
            AB80  __muluchar_rrx_hds               
            AB82  __mul16                          
            AB96  __mullong_rrf_s                  
            AB96  __mullong_rrx_s                  
            AB99  __modslong_rrf_s                 
            AB99  __modslong_rrx_s                 
            AB9C  __modulong_rrf_s                 
            AB9C  __modulong_rrx_s                 
            AB9F  __divslong_rrf_s                 
            AB9F  __divslong_rrx_s                 
            ABA2  __divulong_rrf_s                 
            ABA2  __divulong_rrx_s                 
            ABA5  __mulint_rrf_s                   
            ABAB  __divsint_rrf_s                  
            ABB1  __divuint_rrf_s                  
            ABB7  __mulschar_rrf_s                 
            ABBD  __divschar_rrf_s                 
            ABC3  __modschar_rrf_s                 
            ABC9  __muluchar_rrf_s                 
ASxxxx Linker V02.00 + NoICE + sdld,  page 6.
Hexadecimal

Area                               Addr   Size   Decimal Bytes (Attributes)
--------------------------------   ----   ----   ------- ----- ------------
_CODE                              4010   7323 =  29475. bytes (REL,CON)

      Value  Global                              Global Defined In Module
      -----  ---------------------------------   ------------------------
            ABCF  __divuchar_rrf_s                 
            ABD5  __moduchar_rrf_s                 
            ABDB  __mulsuchar_rrf_s                
            ABE1  __divsuchar_rrf_s                
            ABE7  __modsuchar_rrf_s                
            ABED  __muluschar_rrf_s                
            ABF3  __divuschar_rrf_s                
            ABF9  __moduschar_rrf_s                
            ABFF  __modsint_rrf_s                  
            AC05  __moduint_rrf_s                  
            AC0B  __rrulong_rrf_s                  
            AC11  __rrslong_rrf_s                  
            AC17  __rlulong_rrf_s                  
            AC1D  __rlslong_rrf_s                  
            AC23  __mullong                        
            AC23  __mullong_start                  
            AECB  __moduchar_rrx_s                 
            AECB  __mullong_end                    
            AED2  __moduchar_rrx_hds               
            AED7  __moduint_rrx_s                  
            AEDD  __moduint_rrx_hds                
            AEE2  __rrulong_rrx_s                  
            AEFC  __rrslong_rrx_s                  
            AF16  __rlslong_rrx_s                  
            AF16  __rlulong_rrx_s                  
            AF2D  __modsuchar_rrx_s                
            AF3C  __moduschar_rrx_s                
            AF4E  __divsuchar_rrx_s                
            AF5A  __divuschar_rrx_s                
            AF69  __muluchar_rrx_s                 
            AF7B  __mulsuchar_rrx_s                
            AF85  __muluschar_rrx_s                
            AF8F  __mulschar_rrx_s                 
            AF96  __mulschar_rrx_hds               
            AFA2  __modslong                       
            AFA2  __modslong_start                 
            B077  __modslong_end                   
            B077  __modulong                       
            B077  __modulong_start                 
            B17E  __divslong                       
            B17E  __divslong_start                 
            B17E  __modulong_end                   
            B260  __divslong_end                   
            B260  __divulong                       
            B260  __divulong_start                 
            B333  __divulong_end                   

ASxxxx Linker V02.00 + NoICE + sdld,  page 7.
Hexadecimal

Area                               Addr   Size   Decimal Bytes (Attributes)
--------------------------------   ----   ----   ------- ----- ------------
_DATA                              C000   0000 =      0. bytes (REL,CON)

      Value  Global                              Global Defined In Module
      -----  ---------------------------------   ------------------------
ASxxxx Linker V02.00 + NoICE + sdld,  page 8.
Hexadecimal

Area                               Addr   Size   Decimal Bytes (Attributes)
--------------------------------   ----   ----   ------- ----- ------------
_OVERLAY                           C000   0000 =      0. bytes (REL,CON)

      Value  Global                              Global Defined In Module
      -----  ---------------------------------   ------------------------
ASxxxx Linker V02.00 + NoICE + sdld,  page 9.
Hexadecimal

Area                               Addr   Size   Decimal Bytes (Attributes)
--------------------------------   ----   ----   ------- ----- ------------
_HOME                              C000   0000 =      0. bytes (REL,CON)

      Value  Global                              Global Defined In Module
      -----  ---------------------------------   ------------------------
ASxxxx Linker V02.00 + NoICE + sdld,  page 10.
Hexadecimal

Area                               Addr   Size   Decimal Bytes (Attributes)
--------------------------------   ----   ----   ------- ----- ------------
_GSINIT                            C000   0000 =      0. bytes (REL,CON)

      Value  Global                              Global Defined In Module
      -----  ---------------------------------   ------------------------
ASxxxx Linker V02.00 + NoICE + sdld,  page 11.
Hexadecimal

Area                               Addr   Size   Decimal Bytes (Attributes)
--------------------------------   ----   ----   ------- ----- ------------
_GSFINAL                           C000   0000 =      0. bytes (REL,CON)

      Value  Global                              Global Defined In Module
      -----  ---------------------------------   ------------------------
ASxxxx Linker V02.00 + NoICE + sdld,  page 12.
Hexadecimal

Area                               Addr   Size   Decimal Bytes (Attributes)
--------------------------------   ----   ----   ------- ----- ------------
_CABS                              C000   0000 =      0. bytes (REL,CON)

      Value  Global                              Global Defined In Module
      -----  ---------------------------------   ------------------------
ASxxxx Linker V02.00 + NoICE + sdld,  page 13.

Files Linked                              [ module(s) ]

carwar.rel                                [ carwar ]
bios.rel                                  [ bios ]
video.rel                                 [ video ]
files.rel                                 [  ]


Libraries Linked                          [ object file ]

E:\dev\Private\MSX\tools\SDCC\bin\..\lib  [ modsigned.rel ]
E:\dev\Private\MSX\tools\SDCC\bin\..\lib  [ divsigned.rel ]
E:\dev\Private\MSX\tools\SDCC\bin\..\lib  [ divunsigned.rel ]
E:\dev\Private\MSX\tools\SDCC\bin\..\lib  [ mul.rel ]
E:\dev\Private\MSX\tools\SDCC\bin\..\lib  [ stubs.rel ]
E:\dev\Private\MSX\tools\SDCC\bin\..\lib  [ _mullong.rel ]
E:\dev\Private\MSX\tools\SDCC\bin\..\lib  [ modunsigned.rel ]
E:\dev\Private\MSX\tools\SDCC\bin\..\lib  [ shift.rel ]
E:\dev\Private\MSX\tools\SDCC\bin\..\lib  [ modmixed.rel ]
E:\dev\Private\MSX\tools\SDCC\bin\..\lib  [ divmixed.rel ]
E:\dev\Private\MSX\tools\SDCC\bin\..\lib  [ mulchar.rel ]
E:\dev\Private\MSX\tools\SDCC\bin\..\lib  [ _modslong.rel ]
E:\dev\Private\MSX\tools\SDCC\bin\..\lib  [ _modulong.rel ]
E:\dev\Private\MSX\tools\SDCC\bin\..\lib  [ _divslong.rel ]
E:\dev\Private\MSX\tools\SDCC\bin\..\lib  [ _divulong.rel ]

ASxxxx Linker V02.00 + NoICE + sdld,  page 14.

User Base Address Definitions

_CODE = 0x4010
_DATA = 0xc000

