
Hexadecimal

Area                               Addr   Size   Decimal Bytes (Attributes)
--------------------------------   ----   ----   ------- ----- ------------
.  .ABS.                           0000   0000 =      0. bytes (ABS,CON)

      Value  Global
   --------  --------------------------------
     0000    l__CABS
     0000    l__GSFINAL
     0000    l__GSINIT
     0000    l__HOME
     0000    l__OVERLAY
     0003    l__BSS
     00AD    l__DATA
     1829    l__CODE
     4010    s__CODE
     C000    s__DATA
     C0AD    s__BSS
     C0AD    s__CABS
     C0AD    s__GSFINAL
     C0AD    s__GSINIT
     C0AD    s__HOME
     C0AD    s__OVERLAY

Hexadecimal

Area                               Addr   Size   Decimal Bytes (Attributes)
--------------------------------   ----   ----   ------- ----- ------------
_CODE                              4010   1829 =   6185. bytes (REL,CON)

      Value  Global
   --------  --------------------------------
     4010    _main
     4010    _main_start
     402B    _MainLoop
     402B    _MainLoop_start
     402B    _main_end
     43BD    _MainLoop_end
     46BD    _SetShortVec
     46BD    _SetShortVec_start
     46F7    _SetShortVec_end
     46F7    _TransXZ
     46F7    _TransXZ_start
     48C0    _TransXZIndex
     48C0    _TransXZIndex_start
     48C0    _TransXZ_end
     4ADE    _Project
     4ADE    _Project_start
     4ADE    _TransXZIndex_end
     4C13    _Project_end
     4C13    _Update
     4C13    _Update_start
     54A0    _SetScreen8
     54A0    _SetScreen8_start
     54A0    _Update_end
     54CD    _SetPage8
     54CD    _SetPage8_start
     54CD    _SetScreen8_end
     54E5    _DrawPoint8
     54E5    _DrawPoint8_start
     54E5    _SetPage8_end
     552D    _DrawLine
     552D    _DrawLine_start
     552D    _DrawPoint8_end
     5584    _DrawLineSimple
     5584    _DrawLineSimple_start
     5584    _DrawLine_end
     55F2    _DrawLine8
     55F2    _DrawLine8_start
     55F2    _DrawLineSimple_end
     55FF    _DrawLine8_end
     55FF    _VPDCommand
     55FF    _VPDCommand_start
     563D    _VPDCommand_end
     563D    _waitRetrace
     563D    _waitRetrace_start
     5648    _WaitForVDP
     5648    _WaitForVDP_start
     5648    _waitRetrace_end
     5660    _Joystick
     5660    _Joystick_start
     5660    _WaitForVDP_end
     5672    _Joystick_end
     5672    _Joytrig
     5672    _Joytrig_start
     5686    _GetKeyMatrixLine
     5686    _GetKeyMatrixLine_start
     5686    _Joytrig_end
     5698    _GetKeyMatrixLine_end
     5698    _WriteToVRAM
     5698    _WriteToVRAM_start
     56C2    _WriteToVRAM_end
     56C2    __initrleblock
     56E9    __divschar_rrx_s
     56F0    __divschar_rrx_hds
     56F7    __modschar_rrx_s
     56FE    __modschar_rrx_hds
     5705    __divsint_rrx_s
     5711    __divsint_rrx_hds
     5719    __modsint_rrx_s
     5725    __modsint_rrx_hds
     572D    __divuchar_rrx_s
     5734    __divuchar_rrx_hds
     573B    __moduchar_rrx_s
     5742    __moduchar_rrx_hds
     5749    __divuint_rrx_s
     5755    __divuint_rrx_hds
     575D    __moduint_rrx_s
     5769    __moduint_rrx_hds
     5771    .div8
     5771    .mod8
     5779    .div16
     5779    .mod16
     57B6    .divu8
     57B6    .modu8
     57B9    .divu16
     57B9    .modu16
     57EE    __muluchar_rrx_s
     5801    __mulschar_rrx_s
     5808    __mulschar_rrx_hds
     5814    __mulint_rrx_s
     5820    __mulint_rrx_hds
     5820    __muluchar_rrx_hds

Hexadecimal

Area                               Addr   Size   Decimal Bytes (Attributes)
--------------------------------   ----   ----   ------- ----- ------------
_DATA                              C000   00AD =    173. bytes (REL,CON)

      Value  Global
   --------  --------------------------------
     C000    _SX
     C002    _SY
     C004    _DX
     C006    _DY
     C008    _NX
     C00A    _NY
     C00C    _CLR
     C00D    _ARG
     C00E    _CMD
     C00F    _g_Camera
     C015    _g_Position
     C01B    _g_Angle
     C01C    _g_AngleIndex
     C01D    _g_Local
     C04D    _g_World
     C07D    _g_Screen






MODULES
	FILE test.o
		NAME test
LIBRARIES
	LIBRARY E:\dev\Private\MSX\tools\SDCC\bin\..\lib\z80/z80.lib
		MODULE crt0_rle.o
	LIBRARY E:\dev\Private\MSX\tools\SDCC\bin\..\lib\z80/z80.lib
		MODULE div.o
	LIBRARY E:\dev\Private\MSX\tools\SDCC\bin\..\lib\z80/z80.lib
		MODULE mul.o
USERBASEDEF
	_CODE = 0x4010
	_DATA = 0xc000
