ASxxxx Linker V02.00 + NoICE + sdld,  page 1.
Hexadecimal

Area                               Addr   Size   Decimal Bytes (Attributes)
--------------------------------   ----   ----   ------- ----- ------------
.	.ABS.                            0000   0000 =      0. bytes (ABS,CON)

      Value  Global                              Global Defined In Module
      -----  ---------------------------------   ------------------------
            0000  .__.ABS.                         
            0000  l__CABS                          
            0000  l__DATA                          
            0000  l__GSFINAL                       
            0000  l__GSINIT                        
            0000  l__HOME                          
            0000  l__OVERLAY                       
            4010  s__CODE                          
            7AEC  l__CODE                          
            C000  _game                            
            C000  s__CABS                          
            C000  s__DATA                          
            C000  s__GSFINAL                       
            C000  s__GSINIT                        
            C000  s__HOME                          
            C000  s__OVERLAY                       
ASxxxx Linker V02.00 + NoICE + sdld,  page 2.
Hexadecimal

Area                               Addr   Size   Decimal Bytes (Attributes)
--------------------------------   ----   ----   ------- ----- ------------
_CODE                              4010   7AEC =  31468. bytes (REL,CON)

      Value  Global                              Global Defined In Module
      -----  ---------------------------------   ------------------------
            4010  _main                            
            4010  _main_start                      
            402A  _car1                            
            402A  _main_end                        
            491A  _car2                            
            520A  _car3                            
            5AFA  _car4                            
            63EA  _shadow                          
            6452  _charTable                       
            65D2  _trackTiles                      
            6DD2  _title                           
            7C4B  _defaultColor                    
            7C53  _cars                            
            7C67  _bg                              
            7CBC  _trackTiles01                    
            7D3A  _track01                         
            7D46  _menuMain                        
            7D5A  _menuMode                        
            7D73  _menuTrack                       
            7D82  _menuPlayer                      
            7D96  _menus                           
            7DB2  _height                          
            7E88  _MainLoop                        
            7E88  _MainLoop_start                  
            7EA1  _MainLoop_end                    
            7EA1  _StateInitialize                 
            7EA1  _StateInitialize_start           
            80D5  _InitializeMenu                  
            80D5  _InitializeMenu_start            
            80D5  _StateInitialize_end             
            826F  _InitializeMenu_end              
            826F  _StateTitle                      
            826F  _StateTitle_start                
            83BC  _StartGame                       
            83BC  _StartGame_start                 
            83BC  _StateTitle_end                  
            83C5  _StartGame_end                   
            83C5  _StateMainMenu                   
            83C5  _StateMainMenu_start             
            8628  _StateMainMenu_end               
            862A  _StateStartGame                  
            862A  _StateStartGame_start            
            8930  _StateStartGame_end              
            894C  _StateUpdateGame                 
            894C  _StateUpdateGame_start           
            97FB  _InitializePlayer                
            97FB  _InitializePlayer_start          
            97FB  _StateUpdateGame_end             
            98D3  _AngleDifferent64                
            98D3  _AngleDifferent64_start          
ASxxxx Linker V02.00 + NoICE + sdld,  page 3.
Hexadecimal

Area                               Addr   Size   Decimal Bytes (Attributes)
--------------------------------   ----   ----   ------- ----- ------------
_CODE                              4010   7AEC =  31468. bytes (REL,CON)

      Value  Global                              Global Defined In Module
      -----  ---------------------------------   ------------------------
            98D3  _InitializePlayer_end            
            9903  _AngleDifferent64_end            
            9903  _VectorToAngle256                
            9903  _VectorToAngle256_start          
            99C0  _GetVectorLenght                 
            99C0  _GetVectorLenght_start           
            99C0  _VectorToAngle256_end            
            9A3D  _CarToCarCollision               
            9A3D  _CarToCarCollision_start         
            9A3D  _GetVectorLenght_end             
            9CD2  _CarToCarCollision_end           
            9CD2  _CarToWallCollision              
            9CD2  _CarToWallCollision_start        
            9F89  _CarToWallCollision_end          
            9F89  _StateBuildTrack                 
            9F89  _StateBuildTrack_start           
            A31B  _StateBuildTrack_end             
            A327  _StateShadeTrack                 
            A327  _StateShadeTrack_start           
            A515  _StateShadeTrack_end             
            A521  _DarkenColor                     
            A521  _DarkenColor_start               
            A718  _DarkenColor_end                 
            A718  _GrayGradiant                    
            A718  _GrayGradiant_start              
            A747  _DrawCharacter                   
            A747  _DrawCharacter_start             
            A747  _GrayGradiant_end                
            A82D  _DrawCharacter_end               
            A82D  _DrawText                        
            A82D  _DrawText_start                  
            A8B4  _DebugPrintInt                   
            A8B4  _DebugPrintInt_start             
            A8B4  _DrawText_end                    
            AA2C  _DebugPrintInt_end               
            AA2C  _Joystick                        
            AA2C  _Joystick_start                  
            AA3E  _Joystick_end                    
            AA3E  _Joytrig                         
            AA3E  _Joytrig_start                   
            AA52  _GetKeyMatrixLine                
            AA52  _GetKeyMatrixLine_start          
            AA52  _Joytrig_end                     
            AA64  _GetKeyMatrixLine_end            
            AA64  _SetScreen8                      
            AA64  _SetScreen8_start                
            AAB6  _SetScreen8_end                  
            AAB6  _SetSpriteMode                   
            AAB6  _SetSpriteMode_start             
            AB03  _SetFreq                         
            AB03  _SetFreq_start                   
ASxxxx Linker V02.00 + NoICE + sdld,  page 4.
Hexadecimal

Area                               Addr   Size   Decimal Bytes (Attributes)
--------------------------------   ----   ----   ------- ----- ------------
_CODE                              4010   7AEC =  31468. bytes (REL,CON)

      Value  Global                              Global Defined In Module
      -----  ---------------------------------   ------------------------
            AB03  _SetSpriteMode_end               
            AB24  _SetFreq_end                     
            AB24  _SetPage8                        
            AB24  _SetPage8_start                  
            AB42  _DrawPoint8                      
            AB42  _DrawPoint8_start                
            AB42  _SetPage8_end                    
            ABAD  _DrawLine8                       
            ABAD  _DrawLine8_start                 
            ABAD  _DrawPoint8_end                  
            ABBB  _DrawLine8_end                   
            ABBB  _waitRetrace                     
            ABBB  _waitRetrace_start               
            ABC6  _WaitForVDP                      
            ABC6  _WaitForVDP_start                
            ABC6  _waitRetrace_end                 
            ABDE  _WaitForVDP_end                  
            ABDE  _WriteVRAM                       
            ABDE  _WriteVRAM_start                 
            AC16  _ReadVRAM                        
            AC16  _ReadVRAM_start                  
            AC16  _WriteVRAM_end                   
            AC4A  _ReadVRAM_end                    
            AC4A  _VPDCommandLoop                  
            AC4A  _VPDCommandLoop_start            
            AC82  _RAMtoVRAM                       
            AC82  _RAMtoVRAM_start                 
            AC82  _VPDCommandLoop_end              
            ACF8  _RAMtoVRAMTrans                  
            ACF8  _RAMtoVRAMTrans_start            
            ACF8  _RAMtoVRAM_end                   
            AD6E  _FillVRAM                        
            AD6E  _FillVRAM_start                  
            AD6E  _RAMtoVRAMTrans_end              
            ADD5  _FillVRAM_end                    
            ADD5  _VRAMtoVRAM                      
            ADD5  _VRAMtoVRAM_start                
            AE55  _VRAMtoVRAMTrans                 
            AE55  _VRAMtoVRAMTrans_start           
            AE55  _VRAMtoVRAM_end                  
            AED5  _VPDCommand32                    
            AED5  _VPDCommand32_start              
            AED5  _VRAMtoVRAMTrans_end             
            AF13  _VPDCommand32_end                
            AF13  _VPDCommand36                    
            AF13  _VPDCommand36_start              
            AF49  _PrintSprite                     
            AF49  _PrintSprite_start               
            AF49  _VPDCommand36_end                
            AFC7  _ClearSprite                     
            AFC7  _ClearSprite_start               
ASxxxx Linker V02.00 + NoICE + sdld,  page 5.
Hexadecimal

Area                               Addr   Size   Decimal Bytes (Attributes)
--------------------------------   ----   ----   ------- ----- ------------
_CODE                              4010   7AEC =  31468. bytes (REL,CON)

      Value  Global                              Global Defined In Module
      -----  ---------------------------------   ------------------------
            AFC7  _PrintSprite_end                 
            AFD9  _ClearSprite_end                 
            AFD9  _SetSpriteMultiColor             
            AFD9  _SetSpriteMultiColor_start       
            B0AC  _SetSpriteMultiColor_end         
            B0AC  _SetSpriteUniColor               
            B0AC  _SetSpriteUniColor_start         
            B17D  _SetSpriteUniColor_end           
            B17D  _last_error                      
            B17E  _open                            
            B1A5  _creat                           
            B1CF  _close                           
            B1E6  _dup                             
            B207  _read                            
            B232  _write                           
            B25D  _lseek                           
            B28B  _exit                            
            B29E  __modschar_rrx_s                 
            B2A5  __modschar_rrx_hds               
            B2AB  __modsint_rrx_s                  
            B2B1  __modsint_rrx_hds                
            B2B7  __divsint_rrx_s                  
            B2C0  __divschar_rrx_s                 
            B2C7  __div8                           
            B2C7  __divschar_rrx_hds               
            B2CB  __div_signexte                   
            B2CF  __div16                          
            B2CF  __divsint_rrx_hds                
            B2F5  __get_remainder                  
            B2FF  __divuint_rrx_s                  
            B307  __divuchar_rrx_s                 
            B30E  __divu8                          
            B30E  __divuchar_rrx_hds               
            B311  __divu16                         
            B311  __divuint_rrx_hds                
            B343  __mulint_rrx_s                   
            B349  __mulint_rrx_hds                 
            B349  __muluchar_rrx_hds               
            B34B  __mul16                          
            B35F  __mullong_rrf_s                  
            B35F  __mullong_rrx_s                  
            B362  __modslong_rrf_s                 
            B362  __modslong_rrx_s                 
            B365  __modulong_rrf_s                 
            B365  __modulong_rrx_s                 
            B368  __divslong_rrf_s                 
            B368  __divslong_rrx_s                 
            B36B  __divulong_rrf_s                 
            B36B  __divulong_rrx_s                 
            B36E  __mulint_rrf_s                   
            B374  __divsint_rrf_s                  
ASxxxx Linker V02.00 + NoICE + sdld,  page 6.
Hexadecimal

Area                               Addr   Size   Decimal Bytes (Attributes)
--------------------------------   ----   ----   ------- ----- ------------
_CODE                              4010   7AEC =  31468. bytes (REL,CON)

      Value  Global                              Global Defined In Module
      -----  ---------------------------------   ------------------------
            B37A  __divuint_rrf_s                  
            B380  __mulschar_rrf_s                 
            B386  __divschar_rrf_s                 
            B38C  __modschar_rrf_s                 
            B392  __muluchar_rrf_s                 
            B398  __divuchar_rrf_s                 
            B39E  __moduchar_rrf_s                 
            B3A4  __mulsuchar_rrf_s                
            B3AA  __divsuchar_rrf_s                
            B3B0  __modsuchar_rrf_s                
            B3B6  __muluschar_rrf_s                
            B3BC  __divuschar_rrf_s                
            B3C2  __moduschar_rrf_s                
            B3C8  __modsint_rrf_s                  
            B3CE  __moduint_rrf_s                  
            B3D4  __rrulong_rrf_s                  
            B3DA  __rrslong_rrf_s                  
            B3E0  __rlulong_rrf_s                  
            B3E6  __rlslong_rrf_s                  
            B3EC  __mullong                        
            B3EC  __mullong_start                  
            B694  __moduchar_rrx_s                 
            B694  __mullong_end                    
            B69B  __moduchar_rrx_hds               
            B6A0  __moduint_rrx_s                  
            B6A6  __moduint_rrx_hds                
            B6AB  __rrulong_rrx_s                  
            B6C5  __rrslong_rrx_s                  
            B6DF  __rlslong_rrx_s                  
            B6DF  __rlulong_rrx_s                  
            B6F6  __modsuchar_rrx_s                
            B705  __moduschar_rrx_s                
            B717  __divsuchar_rrx_s                
            B723  __divuschar_rrx_s                
            B732  __muluchar_rrx_s                 
            B744  __mulsuchar_rrx_s                
            B74E  __muluschar_rrx_s                
            B758  __mulschar_rrx_s                 
            B75F  __mulschar_rrx_hds               
            B76B  __modslong                       
            B76B  __modslong_start                 
            B840  __modslong_end                   
            B840  __modulong                       
            B840  __modulong_start                 
            B947  __divslong                       
            B947  __divslong_start                 
            B947  __modulong_end                   
            BA29  __divslong_end                   
            BA29  __divulong                       
            BA29  __divulong_start                 
            BAFC  __divulong_end                   

ASxxxx Linker V02.00 + NoICE + sdld,  page 7.
Hexadecimal

Area                               Addr   Size   Decimal Bytes (Attributes)
--------------------------------   ----   ----   ------- ----- ------------
_DATA                              C000   0000 =      0. bytes (REL,CON)

      Value  Global                              Global Defined In Module
      -----  ---------------------------------   ------------------------
ASxxxx Linker V02.00 + NoICE + sdld,  page 8.
Hexadecimal

Area                               Addr   Size   Decimal Bytes (Attributes)
--------------------------------   ----   ----   ------- ----- ------------
_OVERLAY                           C000   0000 =      0. bytes (REL,CON)

      Value  Global                              Global Defined In Module
      -----  ---------------------------------   ------------------------
ASxxxx Linker V02.00 + NoICE + sdld,  page 9.
Hexadecimal

Area                               Addr   Size   Decimal Bytes (Attributes)
--------------------------------   ----   ----   ------- ----- ------------
_HOME                              C000   0000 =      0. bytes (REL,CON)

      Value  Global                              Global Defined In Module
      -----  ---------------------------------   ------------------------
ASxxxx Linker V02.00 + NoICE + sdld,  page 10.
Hexadecimal

Area                               Addr   Size   Decimal Bytes (Attributes)
--------------------------------   ----   ----   ------- ----- ------------
_GSINIT                            C000   0000 =      0. bytes (REL,CON)

      Value  Global                              Global Defined In Module
      -----  ---------------------------------   ------------------------
ASxxxx Linker V02.00 + NoICE + sdld,  page 11.
Hexadecimal

Area                               Addr   Size   Decimal Bytes (Attributes)
--------------------------------   ----   ----   ------- ----- ------------
_GSFINAL                           C000   0000 =      0. bytes (REL,CON)

      Value  Global                              Global Defined In Module
      -----  ---------------------------------   ------------------------
ASxxxx Linker V02.00 + NoICE + sdld,  page 12.
Hexadecimal

Area                               Addr   Size   Decimal Bytes (Attributes)
--------------------------------   ----   ----   ------- ----- ------------
_CABS                              C000   0000 =      0. bytes (REL,CON)

      Value  Global                              Global Defined In Module
      -----  ---------------------------------   ------------------------
ASxxxx Linker V02.00 + NoICE + sdld,  page 13.

Files Linked                              [ module(s) ]

carwar.rel                                [ carwar ]
bios.rel                                  [ bios ]
video.rel                                 [ video ]
files.rel                                 [  ]


Libraries Linked                          [ object file ]

E:\dev\Private\MSX\tools\SDCC\bin\..\lib  [ modsigned.rel ]
E:\dev\Private\MSX\tools\SDCC\bin\..\lib  [ divsigned.rel ]
E:\dev\Private\MSX\tools\SDCC\bin\..\lib  [ divunsigned.rel ]
E:\dev\Private\MSX\tools\SDCC\bin\..\lib  [ mul.rel ]
E:\dev\Private\MSX\tools\SDCC\bin\..\lib  [ stubs.rel ]
E:\dev\Private\MSX\tools\SDCC\bin\..\lib  [ _mullong.rel ]
E:\dev\Private\MSX\tools\SDCC\bin\..\lib  [ modunsigned.rel ]
E:\dev\Private\MSX\tools\SDCC\bin\..\lib  [ shift.rel ]
E:\dev\Private\MSX\tools\SDCC\bin\..\lib  [ modmixed.rel ]
E:\dev\Private\MSX\tools\SDCC\bin\..\lib  [ divmixed.rel ]
E:\dev\Private\MSX\tools\SDCC\bin\..\lib  [ mulchar.rel ]
E:\dev\Private\MSX\tools\SDCC\bin\..\lib  [ _modslong.rel ]
E:\dev\Private\MSX\tools\SDCC\bin\..\lib  [ _modulong.rel ]
E:\dev\Private\MSX\tools\SDCC\bin\..\lib  [ _divslong.rel ]
E:\dev\Private\MSX\tools\SDCC\bin\..\lib  [ _divulong.rel ]

ASxxxx Linker V02.00 + NoICE + sdld,  page 14.

User Base Address Definitions

_CODE = 0x4010
_DATA = 0xc000

