ASxxxx Linker V02.00 + NoICE + sdld,  page 1.
Hexadecimal

Area                               Addr   Size   Decimal Bytes (Attributes)
--------------------------------   ----   ----   ------- ----- ------------
.	.ABS.                            0000   0000 =      0. bytes (ABS,CON)

      Value  Global                              Global Defined In Module
      -----  ---------------------------------   ------------------------
            0000  .__.ABS.                         
            0000  l__CABS                          
            0000  l__DATA                          
            0000  l__GSFINAL                       
            0000  l__GSINIT                        
            0000  l__HOME                          
            0000  l__OVERLAY                       
            4010  s__CODE                          
            722A  l__CODE                          
            C000  _game                            
            C000  s__CABS                          
            C000  s__DATA                          
            C000  s__GSFINAL                       
            C000  s__GSINIT                        
            C000  s__HOME                          
            C000  s__OVERLAY                       
ASxxxx Linker V02.00 + NoICE + sdld,  page 2.
Hexadecimal

Area                               Addr   Size   Decimal Bytes (Attributes)
--------------------------------   ----   ----   ------- ----- ------------
_CODE                              4010   722A =  29226. bytes (REL,CON)

      Value  Global                              Global Defined In Module
      -----  ---------------------------------   ------------------------
            4010  _main                            
            4010  _main_start                      
            402A  _car1                            
            402A  _main_end                        
            491A  _car2                            
            520A  _car3                            
            5AFA  _car4                            
            63EA  _shadow                          
            6479  _charTable                       
            65F9  _trackTiles                      
            6DF9  _title                           
            7C72  _defaultColor                    
            7C7A  _cars                            
            7C86  _trackTiles01                    
            7D04  _track01                         
            7D10  _menuMain                        
            7D24  _menuMode                        
            7D3D  _menuTrack                       
            7D4C  _menuPlayer                      
            7D60  _menus                           
            7E3D  _MainLoop                        
            7E3D  _MainLoop_start                  
            7E56  _MainLoop_end                    
            7E56  _StateInitialize                 
            7E56  _StateInitialize_start           
            808F  _InitializeMenu                  
            808F  _InitializeMenu_start            
            808F  _StateInitialize_end             
            8229  _InitializeMenu_end              
            8229  _StateTitle                      
            8229  _StateTitle_start                
            836A  _StartGame                       
            836A  _StartGame_start                 
            836A  _StateTitle_end                  
            8373  _StartGame_end                   
            8373  _StateMainMenu                   
            8373  _StateMainMenu_start             
            85D6  _StateMainMenu_end               
            85D8  _StateStartGame                  
            85D8  _StateStartGame_start            
            8844  _StateStartGame_end              
            8860  _StateUpdateGame                 
            8860  _StateUpdateGame_start           
            930F  _InitializePlayer                
            930F  _InitializePlayer_start          
            930F  _StateUpdateGame_end             
            939D  _AngleDifferent64                
            939D  _AngleDifferent64_start          
            939D  _InitializePlayer_end            
            93CD  _AngleDifferent64_end            
ASxxxx Linker V02.00 + NoICE + sdld,  page 3.
Hexadecimal

Area                               Addr   Size   Decimal Bytes (Attributes)
--------------------------------   ----   ----   ------- ----- ------------
_CODE                              4010   722A =  29226. bytes (REL,CON)

      Value  Global                              Global Defined In Module
      -----  ---------------------------------   ------------------------
            93CD  _VectorToAngle256                
            93CD  _VectorToAngle256_start          
            948A  _GetVectorLenght                 
            948A  _GetVectorLenght_start           
            948A  _VectorToAngle256_end            
            9507  _CheckCollision                  
            9507  _CheckCollision_start            
            9507  _GetVectorLenght_end             
            96E9  _CheckCollision_end              
            96E9  _StateBuildTrack                 
            96E9  _StateBuildTrack_start           
            9A7B  _StateBuildTrack_end             
            9A87  _StateShadeTrack                 
            9A87  _StateShadeTrack_start           
            9C5A  _StateShadeTrack_end             
            9C66  _DarkenColor                     
            9C66  _DarkenColor_start               
            9E5D  _DarkenColor_end                 
            9E5D  _GrayGradiant                    
            9E5D  _GrayGradiant_start              
            9E8C  _DrawCharacter                   
            9E8C  _DrawCharacter_start             
            9E8C  _GrayGradiant_end                
            9F72  _DrawCharacter_end               
            9F72  _DrawText                        
            9F72  _DrawText_start                  
            9FF9  _DebugPrintInt                   
            9FF9  _DebugPrintInt_start             
            9FF9  _DrawText_end                    
            A171  _DebugPrintInt_end               
            A171  _Joystick                        
            A171  _Joystick_start                  
            A183  _Joystick_end                    
            A183  _Joytrig                         
            A183  _Joytrig_start                   
            A197  _GetKeyMatrixLine                
            A197  _GetKeyMatrixLine_start          
            A197  _Joytrig_end                     
            A1A9  _GetKeyMatrixLine_end            
            A1A9  _SetScreen8                      
            A1A9  _SetScreen8_start                
            A1FB  _SetScreen8_end                  
            A1FB  _SetSpriteMode                   
            A1FB  _SetSpriteMode_start             
            A248  _SetFreq                         
            A248  _SetFreq_start                   
            A248  _SetSpriteMode_end               
            A269  _SetFreq_end                     
            A269  _SetPage8                        
            A269  _SetPage8_start                  
            A287  _DrawPoint8                      
ASxxxx Linker V02.00 + NoICE + sdld,  page 4.
Hexadecimal

Area                               Addr   Size   Decimal Bytes (Attributes)
--------------------------------   ----   ----   ------- ----- ------------
_CODE                              4010   722A =  29226. bytes (REL,CON)

      Value  Global                              Global Defined In Module
      -----  ---------------------------------   ------------------------
            A287  _DrawPoint8_start                
            A287  _SetPage8_end                    
            A2F2  _DrawLine8                       
            A2F2  _DrawLine8_start                 
            A2F2  _DrawPoint8_end                  
            A300  _DrawLine8_end                   
            A300  _waitRetrace                     
            A300  _waitRetrace_start               
            A30B  _WaitForVDP                      
            A30B  _WaitForVDP_start                
            A30B  _waitRetrace_end                 
            A323  _WaitForVDP_end                  
            A323  _WriteVRAM                       
            A323  _WriteVRAM_start                 
            A35B  _ReadVRAM                        
            A35B  _ReadVRAM_start                  
            A35B  _WriteVRAM_end                   
            A388  _ReadVRAM_end                    
            A388  _VPDCommandLoop                  
            A388  _VPDCommandLoop_start            
            A3C0  _RAMtoVRAM                       
            A3C0  _RAMtoVRAM_start                 
            A3C0  _VPDCommandLoop_end              
            A436  _RAMtoVRAMTrans                  
            A436  _RAMtoVRAMTrans_start            
            A436  _RAMtoVRAM_end                   
            A4AC  _FillVRAM                        
            A4AC  _FillVRAM_start                  
            A4AC  _RAMtoVRAMTrans_end              
            A513  _FillVRAM_end                    
            A513  _VRAMtoVRAM                      
            A513  _VRAMtoVRAM_start                
            A593  _VRAMtoVRAMTrans                 
            A593  _VRAMtoVRAMTrans_start           
            A593  _VRAMtoVRAM_end                  
            A613  _VPDCommand32                    
            A613  _VPDCommand32_start              
            A613  _VRAMtoVRAMTrans_end             
            A651  _VPDCommand32_end                
            A651  _VPDCommand36                    
            A651  _VPDCommand36_start              
            A687  _PrintSprite                     
            A687  _PrintSprite_start               
            A687  _VPDCommand36_end                
            A705  _ClearSprite                     
            A705  _ClearSprite_start               
            A705  _PrintSprite_end                 
            A717  _ClearSprite_end                 
            A717  _SetSpriteMultiColor             
            A717  _SetSpriteMultiColor_start       
            A7EA  _SetSpriteMultiColor_end         
ASxxxx Linker V02.00 + NoICE + sdld,  page 5.
Hexadecimal

Area                               Addr   Size   Decimal Bytes (Attributes)
--------------------------------   ----   ----   ------- ----- ------------
_CODE                              4010   722A =  29226. bytes (REL,CON)

      Value  Global                              Global Defined In Module
      -----  ---------------------------------   ------------------------
            A7EA  _SetSpriteUniColor               
            A7EA  _SetSpriteUniColor_start         
            A8BB  _SetSpriteUniColor_end           
            A8BB  _last_error                      
            A8BC  _open                            
            A8E3  _creat                           
            A90D  _close                           
            A924  _dup                             
            A945  _read                            
            A970  _write                           
            A99B  _lseek                           
            A9C9  _exit                            
            A9DC  __modschar_rrx_s                 
            A9E3  __modschar_rrx_hds               
            A9E9  __modsint_rrx_s                  
            A9EF  __modsint_rrx_hds                
            A9F5  __divsint_rrx_s                  
            A9FE  __divschar_rrx_s                 
            AA05  __div8                           
            AA05  __divschar_rrx_hds               
            AA09  __div_signexte                   
            AA0D  __div16                          
            AA0D  __divsint_rrx_hds                
            AA33  __get_remainder                  
            AA3D  __divuint_rrx_s                  
            AA45  __divuchar_rrx_s                 
            AA4C  __divu8                          
            AA4C  __divuchar_rrx_hds               
            AA4F  __divu16                         
            AA4F  __divuint_rrx_hds                
            AA81  __mulint_rrx_s                   
            AA87  __mulint_rrx_hds                 
            AA87  __muluchar_rrx_hds               
            AA89  __mul16                          
            AA9D  __mullong_rrf_s                  
            AA9D  __mullong_rrx_s                  
            AAA0  __modslong_rrf_s                 
            AAA0  __modslong_rrx_s                 
            AAA3  __modulong_rrf_s                 
            AAA3  __modulong_rrx_s                 
            AAA6  __divslong_rrf_s                 
            AAA6  __divslong_rrx_s                 
            AAA9  __divulong_rrf_s                 
            AAA9  __divulong_rrx_s                 
            AAAC  __mulint_rrf_s                   
            AAB2  __divsint_rrf_s                  
            AAB8  __divuint_rrf_s                  
            AABE  __mulschar_rrf_s                 
            AAC4  __divschar_rrf_s                 
            AACA  __modschar_rrf_s                 
            AAD0  __muluchar_rrf_s                 
ASxxxx Linker V02.00 + NoICE + sdld,  page 6.
Hexadecimal

Area                               Addr   Size   Decimal Bytes (Attributes)
--------------------------------   ----   ----   ------- ----- ------------
_CODE                              4010   722A =  29226. bytes (REL,CON)

      Value  Global                              Global Defined In Module
      -----  ---------------------------------   ------------------------
            AAD6  __divuchar_rrf_s                 
            AADC  __moduchar_rrf_s                 
            AAE2  __mulsuchar_rrf_s                
            AAE8  __divsuchar_rrf_s                
            AAEE  __modsuchar_rrf_s                
            AAF4  __muluschar_rrf_s                
            AAFA  __divuschar_rrf_s                
            AB00  __moduschar_rrf_s                
            AB06  __modsint_rrf_s                  
            AB0C  __moduint_rrf_s                  
            AB12  __rrulong_rrf_s                  
            AB18  __rrslong_rrf_s                  
            AB1E  __rlulong_rrf_s                  
            AB24  __rlslong_rrf_s                  
            AB2A  __mullong                        
            AB2A  __mullong_start                  
            ADD2  __moduchar_rrx_s                 
            ADD2  __mullong_end                    
            ADD9  __moduchar_rrx_hds               
            ADDE  __moduint_rrx_s                  
            ADE4  __moduint_rrx_hds                
            ADE9  __rrulong_rrx_s                  
            AE03  __rrslong_rrx_s                  
            AE1D  __rlslong_rrx_s                  
            AE1D  __rlulong_rrx_s                  
            AE34  __modsuchar_rrx_s                
            AE43  __moduschar_rrx_s                
            AE55  __divsuchar_rrx_s                
            AE61  __divuschar_rrx_s                
            AE70  __muluchar_rrx_s                 
            AE82  __mulsuchar_rrx_s                
            AE8C  __muluschar_rrx_s                
            AE96  __mulschar_rrx_s                 
            AE9D  __mulschar_rrx_hds               
            AEA9  __modslong                       
            AEA9  __modslong_start                 
            AF7E  __modslong_end                   
            AF7E  __modulong                       
            AF7E  __modulong_start                 
            B085  __divslong                       
            B085  __divslong_start                 
            B085  __modulong_end                   
            B167  __divslong_end                   
            B167  __divulong                       
            B167  __divulong_start                 
            B23A  __divulong_end                   

ASxxxx Linker V02.00 + NoICE + sdld,  page 7.
Hexadecimal

Area                               Addr   Size   Decimal Bytes (Attributes)
--------------------------------   ----   ----   ------- ----- ------------
_DATA                              C000   0000 =      0. bytes (REL,CON)

      Value  Global                              Global Defined In Module
      -----  ---------------------------------   ------------------------
ASxxxx Linker V02.00 + NoICE + sdld,  page 8.
Hexadecimal

Area                               Addr   Size   Decimal Bytes (Attributes)
--------------------------------   ----   ----   ------- ----- ------------
_OVERLAY                           C000   0000 =      0. bytes (REL,CON)

      Value  Global                              Global Defined In Module
      -----  ---------------------------------   ------------------------
ASxxxx Linker V02.00 + NoICE + sdld,  page 9.
Hexadecimal

Area                               Addr   Size   Decimal Bytes (Attributes)
--------------------------------   ----   ----   ------- ----- ------------
_HOME                              C000   0000 =      0. bytes (REL,CON)

      Value  Global                              Global Defined In Module
      -----  ---------------------------------   ------------------------
ASxxxx Linker V02.00 + NoICE + sdld,  page 10.
Hexadecimal

Area                               Addr   Size   Decimal Bytes (Attributes)
--------------------------------   ----   ----   ------- ----- ------------
_GSINIT                            C000   0000 =      0. bytes (REL,CON)

      Value  Global                              Global Defined In Module
      -----  ---------------------------------   ------------------------
ASxxxx Linker V02.00 + NoICE + sdld,  page 11.
Hexadecimal

Area                               Addr   Size   Decimal Bytes (Attributes)
--------------------------------   ----   ----   ------- ----- ------------
_GSFINAL                           C000   0000 =      0. bytes (REL,CON)

      Value  Global                              Global Defined In Module
      -----  ---------------------------------   ------------------------
ASxxxx Linker V02.00 + NoICE + sdld,  page 12.
Hexadecimal

Area                               Addr   Size   Decimal Bytes (Attributes)
--------------------------------   ----   ----   ------- ----- ------------
_CABS                              C000   0000 =      0. bytes (REL,CON)

      Value  Global                              Global Defined In Module
      -----  ---------------------------------   ------------------------
ASxxxx Linker V02.00 + NoICE + sdld,  page 13.

Files Linked                              [ module(s) ]

carwar.rel                                [ carwar ]
bios.rel                                  [ bios ]
video.rel                                 [ video ]
files.rel                                 [  ]


Libraries Linked                          [ object file ]

C:\Dev\program\msx\tools\SDCC\bin\..\lib  [ modsigned.rel ]
C:\Dev\program\msx\tools\SDCC\bin\..\lib  [ divsigned.rel ]
C:\Dev\program\msx\tools\SDCC\bin\..\lib  [ divunsigned.rel ]
C:\Dev\program\msx\tools\SDCC\bin\..\lib  [ mul.rel ]
C:\Dev\program\msx\tools\SDCC\bin\..\lib  [ stubs.rel ]
C:\Dev\program\msx\tools\SDCC\bin\..\lib  [ _mullong.rel ]
C:\Dev\program\msx\tools\SDCC\bin\..\lib  [ modunsigned.rel ]
C:\Dev\program\msx\tools\SDCC\bin\..\lib  [ shift.rel ]
C:\Dev\program\msx\tools\SDCC\bin\..\lib  [ modmixed.rel ]
C:\Dev\program\msx\tools\SDCC\bin\..\lib  [ divmixed.rel ]
C:\Dev\program\msx\tools\SDCC\bin\..\lib  [ mulchar.rel ]
C:\Dev\program\msx\tools\SDCC\bin\..\lib  [ _modslong.rel ]
C:\Dev\program\msx\tools\SDCC\bin\..\lib  [ _modulong.rel ]
C:\Dev\program\msx\tools\SDCC\bin\..\lib  [ _divslong.rel ]
C:\Dev\program\msx\tools\SDCC\bin\..\lib  [ _divulong.rel ]

ASxxxx Linker V02.00 + NoICE + sdld,  page 14.

User Base Address Definitions

_CODE = 0x4010
_DATA = 0xc000

