
Hexadecimal

Area                               Addr   Size   Decimal Bytes (Attributes)
--------------------------------   ----   ----   ------- ----- ------------
.  .ABS.                           0000   0000 =      0. bytes (ABS,CON)

      Value  Global
   --------  --------------------------------
     0000    l__CABS
     0000    l__GSFINAL
     0000    l__HOME
     0000    l__OVERLAY
     000F    l__DATA
     0060    l__GSINIT
     05EE    l__CODE
     4010    s__CODE
     8000    s__DATA
     800F    s__GSINIT
     800F    s__HOME
     800F    s__OVERLAY
     806F    s__CABS
     806F    s__GSFINAL

Hexadecimal

Area                               Addr   Size   Decimal Bytes (Attributes)
--------------------------------   ----   ----   ------- ----- ------------
_CODE                              4010   05EE =   1518. bytes (REL,CON)

      Value  Global
   --------  --------------------------------
     4010    _main
     4010    _main_start
     402B    _g_Sprite
     402B    _main_end
     406B    _MainLoop
     406B    _MainLoop_start
     4275    _MainLoop_end
     4275    _SetScreen8
     4275    _SetScreen8_start
     42A2    _SetPage8
     42A2    _SetPage8_start
     42A2    _SetScreen8_end
     42BA    _DrawPoint8
     42BA    _DrawPoint8_start
     42BA    _SetPage8_end
     4302    _DrawLine
     4302    _DrawLine_start
     4302    _DrawPoint8_end
     4359    _DrawLineSimple
     4359    _DrawLineSimple_start
     4359    _DrawLine_end
     43C7    _DrawLine8
     43C7    _DrawLine8_start
     43C7    _DrawLineSimple_end
     43D4    _DrawLine8_end
     43D4    _VPDCommand
     43D4    _VPDCommand_start
     4412    _VPDCommand_end
     4412    _waitRetrace
     4412    _waitRetrace_start
     441D    _WaitForVDP
     441D    _WaitForVDP_start
     441D    _waitRetrace_end
     4435    _Joystick
     4435    _Joystick_start
     4435    _WaitForVDP_end
     4447    _Joystick_end
     4447    _Joytrig
     4447    _Joytrig_start
     445B    _GetKeyMatrixLine
     445B    _GetKeyMatrixLine_start
     445B    _Joytrig_end
     446D    _GetKeyMatrixLine_end
     446D    _SetTo50Hz
     446D    _SetTo50Hz_start
     447B    _SetTo50Hz_end
     447B    _SetTo60Hz
     447B    _SetTo60Hz_start
     4489    _SetTo60Hz_end
     4489    _WriteToVRAM8
     4489    _WriteToVRAM8_start
     44B9    _HMMC
     44B9    _HMMC_start
     44B9    _WriteToVRAM8_end
     45A1    _HMMC_end
     45A1    _SetupHMMC
     45A1    _SetupHMMC_start
     45D7    _SetupHMMC_end
     45D7    __initrleblock

Hexadecimal

Area                               Addr   Size   Decimal Bytes (Attributes)
--------------------------------   ----   ----   ------- ----- ------------
_DATA                              8000   000F =     15. bytes (REL,CON)

      Value  Global
   --------  --------------------------------
     8000    _SX
     8002    _SY
     8004    _DX
     8006    _DY
     8008    _NX
     800A    _NY
     800C    _CLR
     800D    _ARG
     800E    _CMD





MODULES
	FILE carwar.o
		NAME carwar
LIBRARIES
	LIBRARY E:\dev\Private\MSX\tools\SDCC\bin\..\lib\z80/z80.lib
		MODULE crt0_rle.o
USERBASEDEF
	_CODE = 0x4010
	_DATA = 0x8000
