ASxxxx Linker V02.00 + NoICE + sdld,  page 1.
Hexadecimal

Area                               Addr   Size   Decimal Bytes (Attributes)
--------------------------------   ----   ----   ------- ----- ------------
.	.ABS.                            0000   0000 =      0. bytes (ABS,CON)

      Value  Global                              Global Defined In Module
      -----  ---------------------------------   ------------------------
            0000  .__.ABS.                         
            0000  l__CABS                          
            0000  l__DATA                          
            0000  l__GSFINAL                       
            0000  l__GSINIT                        
            0000  l__HOME                          
            0000  l__OVERLAY                       
            4010  s__CODE                          
            6DB4  l__CODE                          
            C000  _game                            
            C000  s__CABS                          
            C000  s__DATA                          
            C000  s__GSFINAL                       
            C000  s__GSINIT                        
            C000  s__HOME                          
            C000  s__OVERLAY                       
ASxxxx Linker V02.00 + NoICE + sdld,  page 2.
Hexadecimal

Area                               Addr   Size   Decimal Bytes (Attributes)
--------------------------------   ----   ----   ------- ----- ------------
_CODE                              4010   6DB4 =  28084. bytes (REL,CON)

      Value  Global                              Global Defined In Module
      -----  ---------------------------------   ------------------------
            4010  _main                            
            4010  _main_start                      
            402A  _g_Car1                          
            402A  _main_end                        
            4646  _g_Car2                          
            4CFA  _g_Car3                          
            5318  _g_Car4                          
            5A62  _g_Shadow                        
            5ACA  _g_CharTable                     
            5CCA  _g_TrackTiles                    
            64CA  _g_Title                         
            6782  _g_Pilots                        
            7013  _g_Cars                          
            702C  _g_BG                            
            707C  _testTrack                       
            708B  _g_TrackTiles01                  
            70F1  _g_TrackTiles02                  
            715C  _g_TrackTiles03                  
            71CD  _g_Tracks                        
            7200  _g_MenuMain                      
            7218  _g_MenuMode                      
            7236  _g_MenuTrack                     
            7248  _g_MenuPlayer                    
            7260  _g_MenuTrackList                 
            7278  _g_Menus                         
            729B  _g_HeightTab                     
            72B0  _g_DefaultColor                  
            72B8  _g_AnimIndex                     
            72BC  _g_SmokeFrq                      
            73AD  _MainLoop                        
            73AD  _MainLoop_start                  
            73C6  _MainLoop_end                    
            73C6  _StateInitialize                 
            73C6  _StateInitialize_start           
            763B  _InitializeMenu                  
            763B  _InitializeMenu_start            
            763B  _StateInitialize_end             
            77CD  _InitializeMenu_end              
            77CD  _StateTitle                      
            77CD  _StateTitle_start                
            7939  _StateMainMenu                   
            7939  _StateMainMenu_start             
            7939  _StateTitle_end                  
            7BEF  _StateMainMenu_end               
            7BF1  _StateStartGame                  
            7BF1  _StateStartGame_start            
            7F3A  _StateStartGame_end              
            7F56  _StateUpdateGame                 
            7F56  _StateUpdateGame_start           
            90AF  _InitializePlayer                
ASxxxx Linker V02.00 + NoICE + sdld,  page 3.
Hexadecimal

Area                               Addr   Size   Decimal Bytes (Attributes)
--------------------------------   ----   ----   ------- ----- ------------
_CODE                              4010   6DB4 =  28084. bytes (REL,CON)

      Value  Global                              Global Defined In Module
      -----  ---------------------------------   ------------------------
            90AF  _InitializePlayer_start          
            90AF  _StateUpdateGame_end             
            9198  _CheckJoy                        
            9198  _CheckJoy_start                  
            9198  _InitializePlayer_end            
            9222  _CheckJoy_end                    
            9222  _DamageCar                       
            9222  _DamageCar_start                 
            924C  _AngleDifferent64                
            924C  _AngleDifferent64_start          
            924C  _DamageCar_end                   
            927C  _AngleDifferent64_end            
            927C  _VectorToAngle256                
            927C  _VectorToAngle256_start          
            932D  _GetVectorLenght256              
            932D  _GetVectorLenght256_start        
            932D  _VectorToAngle256_end            
            93AE  _CarToCarCollision               
            93AE  _CarToCarCollision_start         
            93AE  _GetVectorLenght256_end          
            95B8  _CarToCarCollision_end           
            95B8  _CarToWallCollision              
            95B8  _CarToWallCollision_start        
            98FE  _CarToWallCollision_end          
            98FE  _StateBuildTrack                 
            98FE  _StateBuildTrack_start           
            9D1F  _StateBuildTrack_end             
            9D2B  _StateShadeTrack                 
            9D2B  _StateShadeTrack_start           
            9F19  _StateShadeTrack_end             
            9F25  _DarkenColor                     
            9F25  _DarkenColor_start               
            A11C  _DarkenColor_end                 
            A11C  _GrayGradiant                    
            A11C  _GrayGradiant_start              
            A14B  _DrawCharacter                   
            A14B  _DrawCharacter_start             
            A14B  _GrayGradiant_end                
            A22D  _DrawCharacter_end               
            A22D  _DrawText                        
            A22D  _DrawText_start                  
            A2B4  _CopyCropped16                   
            A2B4  _CopyCropped16_start             
            A2B4  _DrawText_end                    
            A456  _CopyCropped16_end               
            A456  _StartGame                       
            A456  _StartGame_start                 
            A46F  _SelectPlayer                    
            A46F  _SelectPlayer_start              
            A46F  _StartGame_end                   
            A480  _SelectPlayer_end                
ASxxxx Linker V02.00 + NoICE + sdld,  page 4.
Hexadecimal

Area                               Addr   Size   Decimal Bytes (Attributes)
--------------------------------   ----   ----   ------- ----- ------------
_CODE                              4010   6DB4 =  28084. bytes (REL,CON)

      Value  Global                              Global Defined In Module
      -----  ---------------------------------   ------------------------
            A480  _SelectRule                      
            A480  _SelectRule_start                
            A491  _Joystick                        
            A491  _Joystick_start                  
            A491  _SelectRule_end                  
            A4A3  _Joystick_end                    
            A4A3  _Joytrig                         
            A4A3  _Joytrig_start                   
            A4B7  _GetKeyMatrixLine                
            A4B7  _GetKeyMatrixLine_start          
            A4B7  _Joytrig_end                     
            A4C9  _GetKeyMatrixLine_end            
            A4C9  _SetScreen8                      
            A4C9  _SetScreen8_start                
            A51B  _SetScreen8_end                  
            A51B  _SetSpriteMode                   
            A51B  _SetSpriteMode_start             
            A568  _SetFreq                         
            A568  _SetFreq_start                   
            A568  _SetSpriteMode_end               
            A589  _SetFreq_end                     
            A589  _SetPage8                        
            A589  _SetPage8_start                  
            A5A7  _DrawPoint8                      
            A5A7  _DrawPoint8_start                
            A5A7  _SetPage8_end                    
            A612  _DrawLine8                       
            A612  _DrawLine8_start                 
            A612  _DrawPoint8_end                  
            A620  _DrawLine8_end                   
            A620  _waitRetrace                     
            A620  _waitRetrace_start               
            A62B  _WaitForVDP                      
            A62B  _WaitForVDP_start                
            A62B  _waitRetrace_end                 
            A643  _WaitForVDP_end                  
            A643  _WriteVRAM                       
            A643  _WriteVRAM_start                 
            A67B  _ReadVRAM                        
            A67B  _ReadVRAM_start                  
            A67B  _WriteVRAM_end                   
            A6AF  _ReadVRAM_end                    
            A6AF  _VPDCommandLoop                  
            A6AF  _VPDCommandLoop_start            
            A6E7  _RAMtoVRAM                       
            A6E7  _RAMtoVRAM_start                 
            A6E7  _VPDCommandLoop_end              
            A75D  _RAMtoVRAMTrans                  
            A75D  _RAMtoVRAMTrans_start            
            A75D  _RAMtoVRAM_end                   
            A7D3  _FillVRAM                        
ASxxxx Linker V02.00 + NoICE + sdld,  page 5.
Hexadecimal

Area                               Addr   Size   Decimal Bytes (Attributes)
--------------------------------   ----   ----   ------- ----- ------------
_CODE                              4010   6DB4 =  28084. bytes (REL,CON)

      Value  Global                              Global Defined In Module
      -----  ---------------------------------   ------------------------
            A7D3  _FillVRAM_start                  
            A7D3  _RAMtoVRAMTrans_end              
            A83A  _FillVRAM_end                    
            A83A  _VRAMtoVRAM                      
            A83A  _VRAMtoVRAM_start                
            A8BA  _VRAMtoVRAMTrans                 
            A8BA  _VRAMtoVRAMTrans_start           
            A8BA  _VRAMtoVRAM_end                  
            A93A  _VPDCommand32                    
            A93A  _VPDCommand32_start              
            A93A  _VRAMtoVRAMTrans_end             
            A978  _VPDCommand32_end                
            A978  _VPDCommand36                    
            A978  _VPDCommand36_start              
            A9AE  _PrintSprite                     
            A9AE  _PrintSprite_start               
            A9AE  _VPDCommand36_end                
            AA2C  _ClearSprite                     
            AA2C  _ClearSprite_start               
            AA2C  _PrintSprite_end                 
            AA3E  _ClearSprite_end                 
            AA3E  _SetSpriteMultiColor             
            AA3E  _SetSpriteMultiColor_start       
            AB11  _SetSpriteMultiColor_end         
            AB11  _SetSpriteUniColor               
            AB11  _SetSpriteUniColor_start         
            ABE2  _SetSpriteUniColor_end           
            ABE2  _last_error                      
            ABE3  _open                            
            AC0A  _creat                           
            AC34  _close                           
            AC4B  _dup                             
            AC6C  _read                            
            AC97  _write                           
            ACC2  _lseek                           
            ACF0  _exit                            
            AD03  __modschar_rrx_s                 
            AD0A  __modschar_rrx_hds               
            AD10  __modsint_rrx_s                  
            AD16  __modsint_rrx_hds                
            AD1C  __divsint_rrx_s                  
            AD25  __divschar_rrx_s                 
            AD2C  __div8                           
            AD2C  __divschar_rrx_hds               
            AD30  __div_signexte                   
            AD34  __div16                          
            AD34  __divsint_rrx_hds                
            AD5A  __get_remainder                  
            AD64  __divuint_rrx_s                  
            AD6C  __divuchar_rrx_s                 
            AD73  __divu8                          
ASxxxx Linker V02.00 + NoICE + sdld,  page 6.
Hexadecimal

Area                               Addr   Size   Decimal Bytes (Attributes)
--------------------------------   ----   ----   ------- ----- ------------
_CODE                              4010   6DB4 =  28084. bytes (REL,CON)

      Value  Global                              Global Defined In Module
      -----  ---------------------------------   ------------------------
            AD73  __divuchar_rrx_hds               
            AD76  __divu16                         
            AD76  __divuint_rrx_hds                
            ADA8  __mulint_rrx_s                   
            ADAE  __mulint_rrx_hds                 
            ADAE  __muluchar_rrx_hds               
            ADB0  __mul16                          

ASxxxx Linker V02.00 + NoICE + sdld,  page 7.
Hexadecimal

Area                               Addr   Size   Decimal Bytes (Attributes)
--------------------------------   ----   ----   ------- ----- ------------
_DATA                              C000   0000 =      0. bytes (REL,CON)

      Value  Global                              Global Defined In Module
      -----  ---------------------------------   ------------------------
ASxxxx Linker V02.00 + NoICE + sdld,  page 8.
Hexadecimal

Area                               Addr   Size   Decimal Bytes (Attributes)
--------------------------------   ----   ----   ------- ----- ------------
_OVERLAY                           C000   0000 =      0. bytes (REL,CON)

      Value  Global                              Global Defined In Module
      -----  ---------------------------------   ------------------------
ASxxxx Linker V02.00 + NoICE + sdld,  page 9.
Hexadecimal

Area                               Addr   Size   Decimal Bytes (Attributes)
--------------------------------   ----   ----   ------- ----- ------------
_HOME                              C000   0000 =      0. bytes (REL,CON)

      Value  Global                              Global Defined In Module
      -----  ---------------------------------   ------------------------
ASxxxx Linker V02.00 + NoICE + sdld,  page 10.
Hexadecimal

Area                               Addr   Size   Decimal Bytes (Attributes)
--------------------------------   ----   ----   ------- ----- ------------
_GSINIT                            C000   0000 =      0. bytes (REL,CON)

      Value  Global                              Global Defined In Module
      -----  ---------------------------------   ------------------------
ASxxxx Linker V02.00 + NoICE + sdld,  page 11.
Hexadecimal

Area                               Addr   Size   Decimal Bytes (Attributes)
--------------------------------   ----   ----   ------- ----- ------------
_GSFINAL                           C000   0000 =      0. bytes (REL,CON)

      Value  Global                              Global Defined In Module
      -----  ---------------------------------   ------------------------
ASxxxx Linker V02.00 + NoICE + sdld,  page 12.
Hexadecimal

Area                               Addr   Size   Decimal Bytes (Attributes)
--------------------------------   ----   ----   ------- ----- ------------
_CABS                              C000   0000 =      0. bytes (REL,CON)

      Value  Global                              Global Defined In Module
      -----  ---------------------------------   ------------------------
ASxxxx Linker V02.00 + NoICE + sdld,  page 13.

Files Linked                              [ module(s) ]

carwar.rel                                [ carwar ]
bios.rel                                  [ bios ]
video.rel                                 [ video ]
files.rel                                 [  ]


Libraries Linked                          [ object file ]

C:\Dev\program\msx\tools\SDCC\bin\..\lib  [ modsigned.rel ]
C:\Dev\program\msx\tools\SDCC\bin\..\lib  [ divsigned.rel ]
C:\Dev\program\msx\tools\SDCC\bin\..\lib  [ divunsigned.rel ]
C:\Dev\program\msx\tools\SDCC\bin\..\lib  [ mul.rel ]

ASxxxx Linker V02.00 + NoICE + sdld,  page 14.

User Base Address Definitions

_CODE = 0x4010
_DATA = 0xc000

