ASxxxx Linker V02.00 + NoICE + sdld,  page 1.
Hexadecimal

Area                               Addr   Size   Decimal Bytes (Attributes)
--------------------------------   ----   ----   ------- ----- ------------
.	.ABS.                            0000   0000 =      0. bytes (ABS,CON)

      Value  Global                              Global Defined In Module
      -----  ---------------------------------   ------------------------
            0000  .__.ABS.                         
            0000  l__CABS                          
            0000  l__DATA                          
            0000  l__GSFINAL                       
            0000  l__GSINIT                        
            0000  l__HOME                          
            0000  l__OVERLAY                       
            4010  s__CODE                          
            4692  l__CODE                          
            C000  _players                         
            C000  s__CABS                          
            C000  s__DATA                          
            C000  s__GSFINAL                       
            C000  s__GSINIT                        
            C000  s__HOME                          
            C000  s__OVERLAY                       
            C100  _buffer36                        
            C200  _buffer32                        

ASxxxx Linker V02.00 + NoICE + sdld,  page 2.
Hexadecimal

Area                               Addr   Size   Decimal Bytes (Attributes)
--------------------------------   ----   ----   ------- ----- ------------
_CODE                              4010   4692 =  18066. bytes (REL,CON)

      Value  Global                              Global Defined In Module
      -----  ---------------------------------   ------------------------
            4010  _main                            
            4010  _main_start                      
            402A  _car1                            
            402A  _main_end                        
            491A  _car2                            
            520A  _car3                            
            5AFA  _car4                            
            63EA  _shadow                          
            6479  _charTable                       
            65F9  _trackTiles                      
            6EF9  _defaultColor                    
            6F01  _cars                            
            6F0D  _track01                         
            6F8B  _MainLoop                        
            6F8B  _MainLoop_start                  
            7B67  _MainLoop_end                    
            7B9B  _InitializePlayer                
            7B9B  _InitializePlayer_start          
            7C75  _CheckCollision                  
            7C75  _CheckCollision_start            
            7C75  _InitializePlayer_end            
            7DC8  _CheckCollision_end              
            7DC8  _Joystick                        
            7DC8  _Joystick_start                  
            7DDA  _Joystick_end                    
            7DDA  _Joytrig                         
            7DDA  _Joytrig_start                   
            7DEE  _GetKeyMatrixLine                
            7DEE  _GetKeyMatrixLine_start          
            7DEE  _Joytrig_end                     
            7E00  _GetKeyMatrixLine_end            
            7E00  _SetScreen8                      
            7E00  _SetScreen8_start                
            7E48  _SetScreen8_end                  
            7E48  _SetSpriteMode                   
            7E48  _SetSpriteMode_start             
            7E92  _SetFreq                         
            7E92  _SetFreq_start                   
            7E92  _SetSpriteMode_end               
            7EB3  _SetFreq_end                     
            7EB3  _SetPage8                        
            7EB3  _SetPage8_start                  
            7ECE  _DrawPoint8                      
            7ECE  _DrawPoint8_start                
            7ECE  _SetPage8_end                    
            7F39  _DrawLine8                       
            7F39  _DrawLine8_start                 
            7F39  _DrawPoint8_end                  
            7F47  _DrawLine8_end                   
            7F47  _waitRetrace                     
ASxxxx Linker V02.00 + NoICE + sdld,  page 3.
Hexadecimal

Area                               Addr   Size   Decimal Bytes (Attributes)
--------------------------------   ----   ----   ------- ----- ------------
_CODE                              4010   4692 =  18066. bytes (REL,CON)

      Value  Global                              Global Defined In Module
      -----  ---------------------------------   ------------------------
            7F47  _waitRetrace_start               
            7F52  _WaitForVDP                      
            7F52  _WaitForVDP_start                
            7F52  _waitRetrace_end                 
            7F6A  _WaitForVDP_end                  
            7F6A  _WriteToVRAM8                    
            7F6A  _WriteToVRAM8_start              
            7F9A  _VPDCommandLoop                  
            7F9A  _VPDCommandLoop_start            
            7F9A  _WriteToVRAM8_end                
            7FD2  _RAMtoVRAM                       
            7FD2  _RAMtoVRAM_start                 
            7FD2  _VPDCommandLoop_end              
            8048  _RAMtoVRAMTrans                  
            8048  _RAMtoVRAMTrans_start            
            8048  _RAMtoVRAM_end                   
            80BE  _FillVRAM                        
            80BE  _FillVRAM_start                  
            80BE  _RAMtoVRAMTrans_end              
            8125  _FillVRAM_end                    
            8125  _VRAMtoVRAM                      
            8125  _VRAMtoVRAM_start                
            81A5  _VRAMtoVRAMTrans                 
            81A5  _VRAMtoVRAMTrans_start           
            81A5  _VRAMtoVRAM_end                  
            8225  _VPDCommand32                    
            8225  _VPDCommand32_start              
            8225  _VRAMtoVRAMTrans_end             
            8263  _VPDCommand32_end                
            8263  _VPDCommand36                    
            8263  _VPDCommand36_start              
            8299  _PrintSprite                     
            8299  _PrintSprite_start               
            8299  _VPDCommand36_end                
            830A  _ClearSprite                     
            830A  _ClearSprite_start               
            830A  _PrintSprite_end                 
            831C  _ClearSprite_end                 
            831C  _SetSpriteMultiColor             
            831C  _SetSpriteMultiColor_start       
            83EF  _SetSpriteMultiColor_end         
            83EF  _SetSpriteUniColor               
            83EF  _SetSpriteUniColor_start         
            84C0  _SetSpriteUniColor_end           
            84C0  _last_error                      
            84C1  _open                            
            84E8  _creat                           
            8512  _close                           
            8529  _dup                             
            854A  _read                            
            8575  _write                           
ASxxxx Linker V02.00 + NoICE + sdld,  page 4.
Hexadecimal

Area                               Addr   Size   Decimal Bytes (Attributes)
--------------------------------   ----   ----   ------- ----- ------------
_CODE                              4010   4692 =  18066. bytes (REL,CON)

      Value  Global                              Global Defined In Module
      -----  ---------------------------------   ------------------------
            85A0  _lseek                           
            85CE  _exit                            
            85E1  __modschar_rrx_s                 
            85E8  __modschar_rrx_hds               
            85EE  __modsint_rrx_s                  
            85F4  __modsint_rrx_hds                
            85FA  __divsint_rrx_s                  
            8603  __divschar_rrx_s                 
            860A  __div8                           
            860A  __divschar_rrx_hds               
            860E  __div_signexte                   
            8612  __div16                          
            8612  __divsint_rrx_hds                
            8638  __get_remainder                  
            8642  __divuint_rrx_s                  
            864A  __divuchar_rrx_s                 
            8651  __divu8                          
            8651  __divuchar_rrx_hds               
            8654  __divu16                         
            8654  __divuint_rrx_hds                
            8686  __mulint_rrx_s                   
            868C  __mulint_rrx_hds                 
            868C  __muluchar_rrx_hds               
            868E  __mul16                          

ASxxxx Linker V02.00 + NoICE + sdld,  page 5.
Hexadecimal

Area                               Addr   Size   Decimal Bytes (Attributes)
--------------------------------   ----   ----   ------- ----- ------------
_DATA                              C000   0000 =      0. bytes (REL,CON)

      Value  Global                              Global Defined In Module
      -----  ---------------------------------   ------------------------
ASxxxx Linker V02.00 + NoICE + sdld,  page 6.
Hexadecimal

Area                               Addr   Size   Decimal Bytes (Attributes)
--------------------------------   ----   ----   ------- ----- ------------
_OVERLAY                           C000   0000 =      0. bytes (REL,CON)

      Value  Global                              Global Defined In Module
      -----  ---------------------------------   ------------------------
ASxxxx Linker V02.00 + NoICE + sdld,  page 7.
Hexadecimal

Area                               Addr   Size   Decimal Bytes (Attributes)
--------------------------------   ----   ----   ------- ----- ------------
_HOME                              C000   0000 =      0. bytes (REL,CON)

      Value  Global                              Global Defined In Module
      -----  ---------------------------------   ------------------------
ASxxxx Linker V02.00 + NoICE + sdld,  page 8.
Hexadecimal

Area                               Addr   Size   Decimal Bytes (Attributes)
--------------------------------   ----   ----   ------- ----- ------------
_GSINIT                            C000   0000 =      0. bytes (REL,CON)

      Value  Global                              Global Defined In Module
      -----  ---------------------------------   ------------------------
ASxxxx Linker V02.00 + NoICE + sdld,  page 9.
Hexadecimal

Area                               Addr   Size   Decimal Bytes (Attributes)
--------------------------------   ----   ----   ------- ----- ------------
_GSFINAL                           C000   0000 =      0. bytes (REL,CON)

      Value  Global                              Global Defined In Module
      -----  ---------------------------------   ------------------------
ASxxxx Linker V02.00 + NoICE + sdld,  page 10.
Hexadecimal

Area                               Addr   Size   Decimal Bytes (Attributes)
--------------------------------   ----   ----   ------- ----- ------------
_CABS                              C000   0000 =      0. bytes (REL,CON)

      Value  Global                              Global Defined In Module
      -----  ---------------------------------   ------------------------
ASxxxx Linker V02.00 + NoICE + sdld,  page 11.

Files Linked                              [ module(s) ]

carwar.rel                                [ carwar ]
bios.rel                                  [ bios ]
video.rel                                 [ video ]
files.rel                                 [  ]


Libraries Linked                          [ object file ]

C:\Dev\program\msx\tools\SDCC\bin\..\lib  [ modsigned.rel ]
C:\Dev\program\msx\tools\SDCC\bin\..\lib  [ divsigned.rel ]
C:\Dev\program\msx\tools\SDCC\bin\..\lib  [ divunsigned.rel ]
C:\Dev\program\msx\tools\SDCC\bin\..\lib  [ mul.rel ]

ASxxxx Linker V02.00 + NoICE + sdld,  page 12.

User Base Address Definitions

_CODE = 0x4010
_DATA = 0xc000

