ASxxxx Linker V02.00 + NoICE + sdld,  page 1.
Hexadecimal

Area                               Addr   Size   Decimal Bytes (Attributes)
--------------------------------   ----   ----   ------- ----- ------------
.	.ABS.                            0000   0000 =      0. bytes (ABS,CON)

      Value  Global                              Global Defined In Module
      -----  ---------------------------------   ------------------------
            0000  .__.ABS.                         
            0000  l__CABS                          
            0000  l__DATA                          
            0000  l__GSFINAL                       
            0000  l__GSINIT                        
            0000  l__HOME                          
            0000  l__OVERLAY                       
            4010  s__CODE                          
            4B5D  l__CODE                          
            C000  _players                         
            C000  s__CABS                          
            C000  s__DATA                          
            C000  s__GSFINAL                       
            C000  s__GSINIT                        
            C000  s__HOME                          
            C000  s__OVERLAY                       
            C100  _buffer36                        
            C200  _buffer32                        
            C300  _colorCode                       

ASxxxx Linker V02.00 + NoICE + sdld,  page 2.
Hexadecimal

Area                               Addr   Size   Decimal Bytes (Attributes)
--------------------------------   ----   ----   ------- ----- ------------
_CODE                              4010   4B5D =  19293. bytes (REL,CON)

      Value  Global                              Global Defined In Module
      -----  ---------------------------------   ------------------------
            4010  _main                            
            4010  _main_start                      
            402A  _car1                            
            402A  _main_end                        
            491A  _car2                            
            520A  _car3                            
            5AFA  _car4                            
            63EA  _shadow                          
            6479  _charTable                       
            65F9  _trackTiles                      
            6EF9  _defaultColor                    
            6F01  _cars                            
            6F0D  _track01                         
            6F8B  _MainLoop                        
            6F8B  _MainLoop_start                  
            7957  _MainLoop_end                    
            798B  _InitializePlayer                
            798B  _InitializePlayer_start          
            7A65  _CheckCollision                  
            7A65  _CheckCollision_start            
            7A65  _InitializePlayer_end            
            7BB8  _BuildTrack                      
            7BB8  _BuildTrack_start                
            7BB8  _CheckCollision_end              
            7EAD  _BuildTrack_end                  
            7EAD  _ShadeTrack                      
            7EAD  _ShadeTrack_start                
            8065  _DarkColor                       
            8065  _DarkColor_start                 
            8065  _ShadeTrack_end                  
            825C  _DarkColor_end                   
            825C  _Joystick                        
            825C  _Joystick_start                  
            826E  _Joystick_end                    
            826E  _Joytrig                         
            826E  _Joytrig_start                   
            8282  _GetKeyMatrixLine                
            8282  _GetKeyMatrixLine_start          
            8282  _Joytrig_end                     
            8294  _GetKeyMatrixLine_end            
            8294  _SetScreen8                      
            8294  _SetScreen8_start                
            82DF  _SetScreen8_end                  
            82DF  _SetSpriteMode                   
            82DF  _SetSpriteMode_start             
            832C  _SetFreq                         
            832C  _SetFreq_start                   
            832C  _SetSpriteMode_end               
            834D  _SetFreq_end                     
            834D  _SetPage8                        
ASxxxx Linker V02.00 + NoICE + sdld,  page 3.
Hexadecimal

Area                               Addr   Size   Decimal Bytes (Attributes)
--------------------------------   ----   ----   ------- ----- ------------
_CODE                              4010   4B5D =  19293. bytes (REL,CON)

      Value  Global                              Global Defined In Module
      -----  ---------------------------------   ------------------------
            834D  _SetPage8_start                  
            836B  _DrawPoint8                      
            836B  _DrawPoint8_start                
            836B  _SetPage8_end                    
            83D6  _DrawLine8                       
            83D6  _DrawLine8_start                 
            83D6  _DrawPoint8_end                  
            83E4  _DrawLine8_end                   
            83E4  _waitRetrace                     
            83E4  _waitRetrace_start               
            83EF  _WaitForVDP                      
            83EF  _WaitForVDP_start                
            83EF  _waitRetrace_end                 
            8407  _WaitForVDP_end                  
            8407  _WriteVRAM                       
            8407  _WriteVRAM_start                 
            8438  _ReadVRAM                        
            8438  _ReadVRAM_start                  
            8438  _WriteVRAM_end                   
            8465  _ReadVRAM_end                    
            8465  _VPDCommandLoop                  
            8465  _VPDCommandLoop_start            
            849D  _RAMtoVRAM                       
            849D  _RAMtoVRAM_start                 
            849D  _VPDCommandLoop_end              
            8513  _RAMtoVRAMTrans                  
            8513  _RAMtoVRAMTrans_start            
            8513  _RAMtoVRAM_end                   
            8589  _FillVRAM                        
            8589  _FillVRAM_start                  
            8589  _RAMtoVRAMTrans_end              
            85F0  _FillVRAM_end                    
            85F0  _VRAMtoVRAM                      
            85F0  _VRAMtoVRAM_start                
            8670  _VRAMtoVRAMTrans                 
            8670  _VRAMtoVRAMTrans_start           
            8670  _VRAMtoVRAM_end                  
            86F0  _VPDCommand32                    
            86F0  _VPDCommand32_start              
            86F0  _VRAMtoVRAMTrans_end             
            872E  _VPDCommand32_end                
            872E  _VPDCommand36                    
            872E  _VPDCommand36_start              
            8764  _PrintSprite                     
            8764  _PrintSprite_start               
            8764  _VPDCommand36_end                
            87D5  _ClearSprite                     
            87D5  _ClearSprite_start               
            87D5  _PrintSprite_end                 
            87E7  _ClearSprite_end                 
            87E7  _SetSpriteMultiColor             
ASxxxx Linker V02.00 + NoICE + sdld,  page 4.
Hexadecimal

Area                               Addr   Size   Decimal Bytes (Attributes)
--------------------------------   ----   ----   ------- ----- ------------
_CODE                              4010   4B5D =  19293. bytes (REL,CON)

      Value  Global                              Global Defined In Module
      -----  ---------------------------------   ------------------------
            87E7  _SetSpriteMultiColor_start       
            88BA  _SetSpriteMultiColor_end         
            88BA  _SetSpriteUniColor               
            88BA  _SetSpriteUniColor_start         
            898B  _SetSpriteUniColor_end           
            898B  _last_error                      
            898C  _open                            
            89B3  _creat                           
            89DD  _close                           
            89F4  _dup                             
            8A15  _read                            
            8A40  _write                           
            8A6B  _lseek                           
            8A99  _exit                            
            8AAC  __modschar_rrx_s                 
            8AB3  __modschar_rrx_hds               
            8AB9  __modsint_rrx_s                  
            8ABF  __modsint_rrx_hds                
            8AC5  __divsint_rrx_s                  
            8ACE  __divschar_rrx_s                 
            8AD5  __div8                           
            8AD5  __divschar_rrx_hds               
            8AD9  __div_signexte                   
            8ADD  __div16                          
            8ADD  __divsint_rrx_hds                
            8B03  __get_remainder                  
            8B0D  __divuint_rrx_s                  
            8B15  __divuchar_rrx_s                 
            8B1C  __divu8                          
            8B1C  __divuchar_rrx_hds               
            8B1F  __divu16                         
            8B1F  __divuint_rrx_hds                
            8B51  __mulint_rrx_s                   
            8B57  __mulint_rrx_hds                 
            8B57  __muluchar_rrx_hds               
            8B59  __mul16                          

ASxxxx Linker V02.00 + NoICE + sdld,  page 5.
Hexadecimal

Area                               Addr   Size   Decimal Bytes (Attributes)
--------------------------------   ----   ----   ------- ----- ------------
_DATA                              C000   0000 =      0. bytes (REL,CON)

      Value  Global                              Global Defined In Module
      -----  ---------------------------------   ------------------------
ASxxxx Linker V02.00 + NoICE + sdld,  page 6.
Hexadecimal

Area                               Addr   Size   Decimal Bytes (Attributes)
--------------------------------   ----   ----   ------- ----- ------------
_OVERLAY                           C000   0000 =      0. bytes (REL,CON)

      Value  Global                              Global Defined In Module
      -----  ---------------------------------   ------------------------
ASxxxx Linker V02.00 + NoICE + sdld,  page 7.
Hexadecimal

Area                               Addr   Size   Decimal Bytes (Attributes)
--------------------------------   ----   ----   ------- ----- ------------
_HOME                              C000   0000 =      0. bytes (REL,CON)

      Value  Global                              Global Defined In Module
      -----  ---------------------------------   ------------------------
ASxxxx Linker V02.00 + NoICE + sdld,  page 8.
Hexadecimal

Area                               Addr   Size   Decimal Bytes (Attributes)
--------------------------------   ----   ----   ------- ----- ------------
_GSINIT                            C000   0000 =      0. bytes (REL,CON)

      Value  Global                              Global Defined In Module
      -----  ---------------------------------   ------------------------
ASxxxx Linker V02.00 + NoICE + sdld,  page 9.
Hexadecimal

Area                               Addr   Size   Decimal Bytes (Attributes)
--------------------------------   ----   ----   ------- ----- ------------
_GSFINAL                           C000   0000 =      0. bytes (REL,CON)

      Value  Global                              Global Defined In Module
      -----  ---------------------------------   ------------------------
ASxxxx Linker V02.00 + NoICE + sdld,  page 10.
Hexadecimal

Area                               Addr   Size   Decimal Bytes (Attributes)
--------------------------------   ----   ----   ------- ----- ------------
_CABS                              C000   0000 =      0. bytes (REL,CON)

      Value  Global                              Global Defined In Module
      -----  ---------------------------------   ------------------------
ASxxxx Linker V02.00 + NoICE + sdld,  page 11.

Files Linked                              [ module(s) ]

carwar.rel                                [ carwar ]
bios.rel                                  [ bios ]
video.rel                                 [ video ]
files.rel                                 [  ]


Libraries Linked                          [ object file ]

E:\dev\Private\MSX\tools\SDCC\bin\..\lib  [ modsigned.rel ]
E:\dev\Private\MSX\tools\SDCC\bin\..\lib  [ divsigned.rel ]
E:\dev\Private\MSX\tools\SDCC\bin\..\lib  [ divunsigned.rel ]
E:\dev\Private\MSX\tools\SDCC\bin\..\lib  [ mul.rel ]

ASxxxx Linker V02.00 + NoICE + sdld,  page 12.

User Base Address Definitions

_CODE = 0x4010
_DATA = 0xc000

