ASxxxx Linker V02.00 + NoICE + sdld,  page 1.
Hexadecimal

Area                               Addr   Size   Decimal Bytes (Attributes)
--------------------------------   ----   ----   ------- ----- ------------
.	.ABS.                            0000   0000 =      0. bytes (ABS,CON)

      Value  Global                              Global Defined In Module
      -----  ---------------------------------   ------------------------
            0000  .__.ABS.                         
            0000  l__CABS                          
            0000  l__DATA                          
            0000  l__GSFINAL                       
            0000  l__GSINIT                        
            0000  l__HOME                          
            0000  l__OVERLAY                       
            4010  s__CODE                          
            797A  l__CODE                          
            C000  _game                            
            C000  s__CABS                          
            C000  s__DATA                          
            C000  s__GSFINAL                       
            C000  s__GSINIT                        
            C000  s__HOME                          
            C000  s__OVERLAY                       
ASxxxx Linker V02.00 + NoICE + sdld,  page 2.
Hexadecimal

Area                               Addr   Size   Decimal Bytes (Attributes)
--------------------------------   ----   ----   ------- ----- ------------
_CODE                              4010   797A =  31098. bytes (REL,CON)

      Value  Global                              Global Defined In Module
      -----  ---------------------------------   ------------------------
            4010  _main                            
            4010  _main_start                      
            402A  _car1                            
            402A  _main_end                        
            491A  _car2                            
            520A  _car3                            
            5AFA  _car4                            
            63EA  _shadow                          
            6452  _charTable                       
            65D2  _trackTiles                      
            6DD2  _title                           
            708A  _pilote                          
            7ACB  _cars                            
            7ADF  _bg                              
            7B34  _trackTiles01                    
            7BB2  _track01                         
            7BBE  _menuMain                        
            7BD2  _menuMode                        
            7BEB  _menuTrack                       
            7BFA  _menuPlayer                      
            7C0E  _menus                           
            7C2A  _g_HeightTab                     
            7C3F  _g_DefaultColor                  
            7C47  _g_AnimIndex                     
            7D0C  _MainLoop                        
            7D0C  _MainLoop_start                  
            7D25  _MainLoop_end                    
            7D25  _StateInitialize                 
            7D25  _StateInitialize_start           
            7F59  _InitializeMenu                  
            7F59  _InitializeMenu_start            
            7F59  _StateInitialize_end             
            80F1  _InitializeMenu_end              
            80F1  _StateTitle                      
            80F1  _StateTitle_start                
            823E  _StartGame                       
            823E  _StartGame_start                 
            823E  _StateTitle_end                  
            8247  _StartGame_end                   
            8247  _StateMainMenu                   
            8247  _StateMainMenu_start             
            84A9  _StateMainMenu_end               
            84AB  _StateStartGame                  
            84AB  _StateStartGame_start            
            881F  _StateStartGame_end              
            883B  _StateUpdateGame                 
            883B  _StateUpdateGame_start           
            9685  _InitializePlayer                
            9685  _InitializePlayer_start          
            9685  _StateUpdateGame_end             
ASxxxx Linker V02.00 + NoICE + sdld,  page 3.
Hexadecimal

Area                               Addr   Size   Decimal Bytes (Attributes)
--------------------------------   ----   ----   ------- ----- ------------
_CODE                              4010   797A =  31098. bytes (REL,CON)

      Value  Global                              Global Defined In Module
      -----  ---------------------------------   ------------------------
            975D  _AngleDifferent64                
            975D  _AngleDifferent64_start          
            975D  _InitializePlayer_end            
            978D  _AngleDifferent64_end            
            978D  _VectorToAngle256                
            978D  _VectorToAngle256_start          
            984A  _GetVectorLenght256              
            984A  _GetVectorLenght256_start        
            984A  _VectorToAngle256_end            
            98CB  _CarToCarCollision               
            98CB  _CarToCarCollision_start         
            98CB  _GetVectorLenght256_end          
            9B60  _CarToCarCollision_end           
            9B60  _CarToWallCollision              
            9B60  _CarToWallCollision_start        
            9E17  _CarToWallCollision_end          
            9E17  _StateBuildTrack                 
            9E17  _StateBuildTrack_start           
            A1A9  _StateBuildTrack_end             
            A1B5  _StateShadeTrack                 
            A1B5  _StateShadeTrack_start           
            A3A3  _StateShadeTrack_end             
            A3AF  _DarkenColor                     
            A3AF  _DarkenColor_start               
            A5A6  _DarkenColor_end                 
            A5A6  _GrayGradiant                    
            A5A6  _GrayGradiant_start              
            A5D5  _DrawCharacter                   
            A5D5  _DrawCharacter_start             
            A5D5  _GrayGradiant_end                
            A6BB  _DrawCharacter_end               
            A6BB  _DrawText                        
            A6BB  _DrawText_start                  
            A742  _DebugPrintInt                   
            A742  _DebugPrintInt_start             
            A742  _DrawText_end                    
            A8BA  _DebugPrintInt_end               
            A8BA  _Joystick                        
            A8BA  _Joystick_start                  
            A8CC  _Joystick_end                    
            A8CC  _Joytrig                         
            A8CC  _Joytrig_start                   
            A8E0  _GetKeyMatrixLine                
            A8E0  _GetKeyMatrixLine_start          
            A8E0  _Joytrig_end                     
            A8F2  _GetKeyMatrixLine_end            
            A8F2  _SetScreen8                      
            A8F2  _SetScreen8_start                
            A944  _SetScreen8_end                  
            A944  _SetSpriteMode                   
            A944  _SetSpriteMode_start             
ASxxxx Linker V02.00 + NoICE + sdld,  page 4.
Hexadecimal

Area                               Addr   Size   Decimal Bytes (Attributes)
--------------------------------   ----   ----   ------- ----- ------------
_CODE                              4010   797A =  31098. bytes (REL,CON)

      Value  Global                              Global Defined In Module
      -----  ---------------------------------   ------------------------
            A991  _SetFreq                         
            A991  _SetFreq_start                   
            A991  _SetSpriteMode_end               
            A9B2  _SetFreq_end                     
            A9B2  _SetPage8                        
            A9B2  _SetPage8_start                  
            A9D0  _DrawPoint8                      
            A9D0  _DrawPoint8_start                
            A9D0  _SetPage8_end                    
            AA3B  _DrawLine8                       
            AA3B  _DrawLine8_start                 
            AA3B  _DrawPoint8_end                  
            AA49  _DrawLine8_end                   
            AA49  _waitRetrace                     
            AA49  _waitRetrace_start               
            AA54  _WaitForVDP                      
            AA54  _WaitForVDP_start                
            AA54  _waitRetrace_end                 
            AA6C  _WaitForVDP_end                  
            AA6C  _WriteVRAM                       
            AA6C  _WriteVRAM_start                 
            AAA4  _ReadVRAM                        
            AAA4  _ReadVRAM_start                  
            AAA4  _WriteVRAM_end                   
            AAD8  _ReadVRAM_end                    
            AAD8  _VPDCommandLoop                  
            AAD8  _VPDCommandLoop_start            
            AB10  _RAMtoVRAM                       
            AB10  _RAMtoVRAM_start                 
            AB10  _VPDCommandLoop_end              
            AB86  _RAMtoVRAMTrans                  
            AB86  _RAMtoVRAMTrans_start            
            AB86  _RAMtoVRAM_end                   
            ABFC  _FillVRAM                        
            ABFC  _FillVRAM_start                  
            ABFC  _RAMtoVRAMTrans_end              
            AC63  _FillVRAM_end                    
            AC63  _VRAMtoVRAM                      
            AC63  _VRAMtoVRAM_start                
            ACE3  _VRAMtoVRAMTrans                 
            ACE3  _VRAMtoVRAMTrans_start           
            ACE3  _VRAMtoVRAM_end                  
            AD63  _VPDCommand32                    
            AD63  _VPDCommand32_start              
            AD63  _VRAMtoVRAMTrans_end             
            ADA1  _VPDCommand32_end                
            ADA1  _VPDCommand36                    
            ADA1  _VPDCommand36_start              
            ADD7  _PrintSprite                     
            ADD7  _PrintSprite_start               
            ADD7  _VPDCommand36_end                
ASxxxx Linker V02.00 + NoICE + sdld,  page 5.
Hexadecimal

Area                               Addr   Size   Decimal Bytes (Attributes)
--------------------------------   ----   ----   ------- ----- ------------
_CODE                              4010   797A =  31098. bytes (REL,CON)

      Value  Global                              Global Defined In Module
      -----  ---------------------------------   ------------------------
            AE55  _ClearSprite                     
            AE55  _ClearSprite_start               
            AE55  _PrintSprite_end                 
            AE67  _ClearSprite_end                 
            AE67  _SetSpriteMultiColor             
            AE67  _SetSpriteMultiColor_start       
            AF3A  _SetSpriteMultiColor_end         
            AF3A  _SetSpriteUniColor               
            AF3A  _SetSpriteUniColor_start         
            B00B  _SetSpriteUniColor_end           
            B00B  _last_error                      
            B00C  _open                            
            B033  _creat                           
            B05D  _close                           
            B074  _dup                             
            B095  _read                            
            B0C0  _write                           
            B0EB  _lseek                           
            B119  _exit                            
            B12C  __modschar_rrx_s                 
            B133  __modschar_rrx_hds               
            B139  __modsint_rrx_s                  
            B13F  __modsint_rrx_hds                
            B145  __divsint_rrx_s                  
            B14E  __divschar_rrx_s                 
            B155  __div8                           
            B155  __divschar_rrx_hds               
            B159  __div_signexte                   
            B15D  __div16                          
            B15D  __divsint_rrx_hds                
            B183  __get_remainder                  
            B18D  __divuint_rrx_s                  
            B195  __divuchar_rrx_s                 
            B19C  __divu8                          
            B19C  __divuchar_rrx_hds               
            B19F  __divu16                         
            B19F  __divuint_rrx_hds                
            B1D1  __mulint_rrx_s                   
            B1D7  __mulint_rrx_hds                 
            B1D7  __muluchar_rrx_hds               
            B1D9  __mul16                          
            B1ED  __mullong_rrf_s                  
            B1ED  __mullong_rrx_s                  
            B1F0  __modslong_rrf_s                 
            B1F0  __modslong_rrx_s                 
            B1F3  __modulong_rrf_s                 
            B1F3  __modulong_rrx_s                 
            B1F6  __divslong_rrf_s                 
            B1F6  __divslong_rrx_s                 
            B1F9  __divulong_rrf_s                 
            B1F9  __divulong_rrx_s                 
ASxxxx Linker V02.00 + NoICE + sdld,  page 6.
Hexadecimal

Area                               Addr   Size   Decimal Bytes (Attributes)
--------------------------------   ----   ----   ------- ----- ------------
_CODE                              4010   797A =  31098. bytes (REL,CON)

      Value  Global                              Global Defined In Module
      -----  ---------------------------------   ------------------------
            B1FC  __mulint_rrf_s                   
            B202  __divsint_rrf_s                  
            B208  __divuint_rrf_s                  
            B20E  __mulschar_rrf_s                 
            B214  __divschar_rrf_s                 
            B21A  __modschar_rrf_s                 
            B220  __muluchar_rrf_s                 
            B226  __divuchar_rrf_s                 
            B22C  __moduchar_rrf_s                 
            B232  __mulsuchar_rrf_s                
            B238  __divsuchar_rrf_s                
            B23E  __modsuchar_rrf_s                
            B244  __muluschar_rrf_s                
            B24A  __divuschar_rrf_s                
            B250  __moduschar_rrf_s                
            B256  __modsint_rrf_s                  
            B25C  __moduint_rrf_s                  
            B262  __rrulong_rrf_s                  
            B268  __rrslong_rrf_s                  
            B26E  __rlulong_rrf_s                  
            B274  __rlslong_rrf_s                  
            B27A  __mullong                        
            B27A  __mullong_start                  
            B522  __moduchar_rrx_s                 
            B522  __mullong_end                    
            B529  __moduchar_rrx_hds               
            B52E  __moduint_rrx_s                  
            B534  __moduint_rrx_hds                
            B539  __rrulong_rrx_s                  
            B553  __rrslong_rrx_s                  
            B56D  __rlslong_rrx_s                  
            B56D  __rlulong_rrx_s                  
            B584  __modsuchar_rrx_s                
            B593  __moduschar_rrx_s                
            B5A5  __divsuchar_rrx_s                
            B5B1  __divuschar_rrx_s                
            B5C0  __muluchar_rrx_s                 
            B5D2  __mulsuchar_rrx_s                
            B5DC  __muluschar_rrx_s                
            B5E6  __mulschar_rrx_s                 
            B5ED  __mulschar_rrx_hds               
            B5F9  __modslong                       
            B5F9  __modslong_start                 
            B6CE  __modslong_end                   
            B6CE  __modulong                       
            B6CE  __modulong_start                 
            B7D5  __divslong                       
            B7D5  __divslong_start                 
            B7D5  __modulong_end                   
            B8B7  __divslong_end                   
            B8B7  __divulong                       
ASxxxx Linker V02.00 + NoICE + sdld,  page 7.
Hexadecimal

Area                               Addr   Size   Decimal Bytes (Attributes)
--------------------------------   ----   ----   ------- ----- ------------
_CODE                              4010   797A =  31098. bytes (REL,CON)

      Value  Global                              Global Defined In Module
      -----  ---------------------------------   ------------------------
            B8B7  __divulong_start                 
            B98A  __divulong_end                   
ASxxxx Linker V02.00 + NoICE + sdld,  page 8.
Hexadecimal

Area                               Addr   Size   Decimal Bytes (Attributes)
--------------------------------   ----   ----   ------- ----- ------------
_DATA                              C000   0000 =      0. bytes (REL,CON)

      Value  Global                              Global Defined In Module
      -----  ---------------------------------   ------------------------
ASxxxx Linker V02.00 + NoICE + sdld,  page 9.
Hexadecimal

Area                               Addr   Size   Decimal Bytes (Attributes)
--------------------------------   ----   ----   ------- ----- ------------
_OVERLAY                           C000   0000 =      0. bytes (REL,CON)

      Value  Global                              Global Defined In Module
      -----  ---------------------------------   ------------------------
ASxxxx Linker V02.00 + NoICE + sdld,  page 10.
Hexadecimal

Area                               Addr   Size   Decimal Bytes (Attributes)
--------------------------------   ----   ----   ------- ----- ------------
_HOME                              C000   0000 =      0. bytes (REL,CON)

      Value  Global                              Global Defined In Module
      -----  ---------------------------------   ------------------------
ASxxxx Linker V02.00 + NoICE + sdld,  page 11.
Hexadecimal

Area                               Addr   Size   Decimal Bytes (Attributes)
--------------------------------   ----   ----   ------- ----- ------------
_GSINIT                            C000   0000 =      0. bytes (REL,CON)

      Value  Global                              Global Defined In Module
      -----  ---------------------------------   ------------------------
ASxxxx Linker V02.00 + NoICE + sdld,  page 12.
Hexadecimal

Area                               Addr   Size   Decimal Bytes (Attributes)
--------------------------------   ----   ----   ------- ----- ------------
_GSFINAL                           C000   0000 =      0. bytes (REL,CON)

      Value  Global                              Global Defined In Module
      -----  ---------------------------------   ------------------------
ASxxxx Linker V02.00 + NoICE + sdld,  page 13.
Hexadecimal

Area                               Addr   Size   Decimal Bytes (Attributes)
--------------------------------   ----   ----   ------- ----- ------------
_CABS                              C000   0000 =      0. bytes (REL,CON)

      Value  Global                              Global Defined In Module
      -----  ---------------------------------   ------------------------
ASxxxx Linker V02.00 + NoICE + sdld,  page 14.

Files Linked                              [ module(s) ]

carwar.rel                                [ carwar ]
bios.rel                                  [ bios ]
video.rel                                 [ video ]
files.rel                                 [  ]


Libraries Linked                          [ object file ]

E:\dev\Private\MSX\tools\SDCC\bin\..\lib  [ modsigned.rel ]
E:\dev\Private\MSX\tools\SDCC\bin\..\lib  [ divsigned.rel ]
E:\dev\Private\MSX\tools\SDCC\bin\..\lib  [ divunsigned.rel ]
E:\dev\Private\MSX\tools\SDCC\bin\..\lib  [ mul.rel ]
E:\dev\Private\MSX\tools\SDCC\bin\..\lib  [ stubs.rel ]
E:\dev\Private\MSX\tools\SDCC\bin\..\lib  [ _mullong.rel ]
E:\dev\Private\MSX\tools\SDCC\bin\..\lib  [ modunsigned.rel ]
E:\dev\Private\MSX\tools\SDCC\bin\..\lib  [ shift.rel ]
E:\dev\Private\MSX\tools\SDCC\bin\..\lib  [ modmixed.rel ]
E:\dev\Private\MSX\tools\SDCC\bin\..\lib  [ divmixed.rel ]
E:\dev\Private\MSX\tools\SDCC\bin\..\lib  [ mulchar.rel ]
E:\dev\Private\MSX\tools\SDCC\bin\..\lib  [ _modslong.rel ]
E:\dev\Private\MSX\tools\SDCC\bin\..\lib  [ _modulong.rel ]
E:\dev\Private\MSX\tools\SDCC\bin\..\lib  [ _divslong.rel ]
E:\dev\Private\MSX\tools\SDCC\bin\..\lib  [ _divulong.rel ]

ASxxxx Linker V02.00 + NoICE + sdld,  page 15.

User Base Address Definitions

_CODE = 0x4010
_DATA = 0xc000

