
Hexadecimal

Area                               Addr   Size   Decimal Bytes (Attributes)
--------------------------------   ----   ----   ------- ----- ------------
.  .ABS.                           0000   0000 =      0. bytes (ABS,CON)

      Value  Global
   --------  --------------------------------
     0000    l__CABS
     0000    l__DATA
     0000    l__GSFINAL
     0000    l__GSINIT
     0000    l__HOME
     0000    l__OVERLAY
     31BA    l__CODE
     4010    s__CODE
     C000    s__CABS
     C000    s__DATA
     C000    s__GSFINAL
     C000    s__GSINIT
     C000    s__HOME
     C000    s__OVERLAY

Hexadecimal

Area                               Addr   Size   Decimal Bytes (Attributes)
--------------------------------   ----   ----   ------- ----- ------------
_CODE                              4010   31BA =  12730. bytes (REL,CON)

      Value  Global
   --------  --------------------------------
     4010    _main
     4010    _main_start
     402B    _car1
     402B    _main_end
     491B    _car2
     520B    _car3
     5AFB    _car4
     642B    _MainLoop
     642B    _MainLoop_start
     6C82    _InitializePlayer
     6C82    _InitializePlayer_start
     6C82    _MainLoop_end
     6D4A    _InitializePlayer_end
     6D4A    _SetScreen8
     6D4A    _SetScreen8_start
     6D77    _SetPage8
     6D77    _SetPage8_start
     6D77    _SetScreen8_end
     6D8F    _DrawPoint8
     6D8F    _DrawPoint8_start
     6D8F    _SetPage8_end
     6DD7    _DrawLine8
     6DD7    _DrawLine8_start
     6DD7    _DrawPoint8_end
     6DE4    _DrawLine8_end
     6DE4    _waitRetrace
     6DE4    _waitRetrace_start
     6DEF    _WaitForVDP
     6DEF    _WaitForVDP_start
     6DEF    _waitRetrace_end
     6E07    _Joystick
     6E07    _Joystick_start
     6E07    _WaitForVDP_end
     6E19    _Joystick_end
     6E19    _Joytrig
     6E19    _Joytrig_start
     6E2D    _GetKeyMatrixLine
     6E2D    _GetKeyMatrixLine_start
     6E2D    _Joytrig_end
     6E3F    _GetKeyMatrixLine_end
     6E3F    _SetTo50Hz
     6E3F    _SetTo50Hz_start
     6E4D    _SetTo50Hz_end
     6E4D    _SetTo60Hz
     6E4D    _SetTo60Hz_start
     6E5B    _SetTo60Hz_end
     6E5B    _WriteToVRAM8
     6E5B    _WriteToVRAM8_start
     6E8B    _VPDCommandLoop
     6E8B    _VPDCommandLoop_start
     6E8B    _WriteToVRAM8_end
     6EC3    _RAMtoVRAM
     6EC3    _RAMtoVRAM_start
     6EC3    _VPDCommandLoop_end
     6F8E    _RAMtoVRAMTrans
     6F8E    _RAMtoVRAMTrans_start
     6F8E    _RAMtoVRAM_end
     7059    _Fill8
     7059    _Fill8_start
     7059    _RAMtoVRAMTrans_end
     710B    _Fill8_end
     710B    _VPDCommand32
     710B    _VPDCommand32_start
     7149    _VPDCommand32_end
     7149    _VPDCommand36
     7149    _VPDCommand36_start
     717F    _VPDCommand36_end
     717F    __muluchar_rrx_s
     7192    __mulschar_rrx_s
     7199    __mulschar_rrx_hds
     71A5    __mulint_rrx_s
     71B1    __mulint_rrx_hds
     71B1    __muluchar_rrx_hds






MODULES
	FILE carwar.o
		NAME carwar
LIBRARIES
	LIBRARY E:\dev\Private\MSX\tools\SDCC\bin\..\lib\z80/z80.lib
		MODULE mul.o
USERBASEDEF
	_CODE = 0x4010
	_DATA = 0xc000
