ASxxxx Linker V02.00 + NoICE + sdld,  page 1.
Hexadecimal

Area                               Addr   Size   Decimal Bytes (Attributes)
--------------------------------   ----   ----   ------- ----- ------------
.	.ABS.                            0000   0000 =      0. bytes (ABS,CON)

      Value  Global                              Global Defined In Module
      -----  ---------------------------------   ------------------------
            0000  .__.ABS.                         
            0000  l__CABS                          
            0000  l__DATA                          
            0000  l__GSFINAL                       
            0000  l__GSINIT                        
            0000  l__HOME                          
            0000  l__OVERLAY                       
            38E1  l__CODE                          
            4010  s__CODE                          
            C000  _ply                             
            C000  s__CABS                          
            C000  s__DATA                          
            C000  s__GSFINAL                       
            C000  s__GSINIT                        
            C000  s__HOME                          
            C000  s__OVERLAY                       
            C100  _buffer36                        
            C200  _buffer32                        

ASxxxx Linker V02.00 + NoICE + sdld,  page 2.
Hexadecimal

Area                               Addr   Size   Decimal Bytes (Attributes)
--------------------------------   ----   ----   ------- ----- ------------
_CODE                              4010   38E1 =  14561. bytes (REL,CON)

      Value  Global                              Global Defined In Module
      -----  ---------------------------------   ------------------------
            4010  _main                            
            4010  _main_start                      
            402A  _car1                            
            402A  _main_end                        
            491A  _car2                            
            520A  _car3                            
            5AFA  _car4                            
            63EA  _shadow                          
            6479  _charTable                       
            6639  _backgound                       
            66C8  _defaultColor                    
            66D0  _MainLoop                        
            66D0  _MainLoop_start                  
            717E  _MainLoop_end                    
            71AE  _InitializePlayer                
            71AE  _InitializePlayer_start          
            7233  _InitializePlayer_end            
            7233  _SetScreen8                      
            7233  _SetScreen8_start                
            727B  _SetScreen8_end                  
            727B  _SetSpriteMode                   
            727B  _SetSpriteMode_start             
            72C5  _SetFreq                         
            72C5  _SetFreq_start                   
            72C5  _SetSpriteMode_end               
            72E6  _SetFreq_end                     
            72E6  _SetPage8                        
            72E6  _SetPage8_start                  
            7301  _DrawPoint8                      
            7301  _DrawPoint8_start                
            7301  _SetPage8_end                    
            7349  _DrawLine8                       
            7349  _DrawLine8_start                 
            7349  _DrawPoint8_end                  
            7357  _DrawLine8_end                   
            7357  _waitRetrace                     
            7357  _waitRetrace_start               
            7362  _WaitForVDP                      
            7362  _WaitForVDP_start                
            7362  _waitRetrace_end                 
            737A  _WaitForVDP_end                  
            737A  _WriteToVRAM8                    
            737A  _WriteToVRAM8_start              
            73AA  _VPDCommandLoop                  
            73AA  _VPDCommandLoop_start            
            73AA  _WriteToVRAM8_end                
            73E2  _RAMtoVRAM                       
            73E2  _RAMtoVRAM_start                 
            73E2  _VPDCommandLoop_end              
            7458  _RAMtoVRAMTrans                  
ASxxxx Linker V02.00 + NoICE + sdld,  page 3.
Hexadecimal

Area                               Addr   Size   Decimal Bytes (Attributes)
--------------------------------   ----   ----   ------- ----- ------------
_CODE                              4010   38E1 =  14561. bytes (REL,CON)

      Value  Global                              Global Defined In Module
      -----  ---------------------------------   ------------------------
            7458  _RAMtoVRAMTrans_start            
            7458  _RAMtoVRAM_end                   
            74CE  _FillVRAM                        
            74CE  _FillVRAM_start                  
            74CE  _RAMtoVRAMTrans_end              
            7535  _FillVRAM_end                    
            7535  _VRAMtoVRAM                      
            7535  _VRAMtoVRAM_start                
            75B5  _VRAMtoVRAMTrans                 
            75B5  _VRAMtoVRAMTrans_start           
            75B5  _VRAMtoVRAM_end                  
            7635  _VPDCommand32                    
            7635  _VPDCommand32_start              
            7635  _VRAMtoVRAMTrans_end             
            7673  _VPDCommand32_end                
            7673  _VPDCommand36                    
            7673  _VPDCommand36_start              
            76A9  _PrintSprite                     
            76A9  _PrintSprite_start               
            76A9  _VPDCommand36_end                
            7710  _ClearSprite                     
            7710  _ClearSprite_start               
            7710  _PrintSprite_end                 
            771D  _ClearSprite_end                 
            771D  _SetSprite                       
            771D  _SetSprite_start                 
            77F8  _Joystick                        
            77F8  _Joystick_start                  
            77F8  _SetSprite_end                   
            780A  _Joystick_end                    
            780A  _Joytrig                         
            780A  _Joytrig_start                   
            781E  _GetKeyMatrixLine                
            781E  _GetKeyMatrixLine_start          
            781E  _Joytrig_end                     
            7830  _GetKeyMatrixLine_end            
            7830  __modschar_rrx_s                 
            7837  __modschar_rrx_hds               
            783D  __modsint_rrx_s                  
            7843  __modsint_rrx_hds                
            7849  __divsint_rrx_s                  
            7852  __divschar_rrx_s                 
            7859  __div8                           
            7859  __divschar_rrx_hds               
            785D  __div_signexte                   
            7861  __div16                          
            7861  __divsint_rrx_hds                
            7887  __get_remainder                  
            7891  __divuint_rrx_s                  
            7899  __divuchar_rrx_s                 
            78A0  __divu8                          
ASxxxx Linker V02.00 + NoICE + sdld,  page 4.
Hexadecimal

Area                               Addr   Size   Decimal Bytes (Attributes)
--------------------------------   ----   ----   ------- ----- ------------
_CODE                              4010   38E1 =  14561. bytes (REL,CON)

      Value  Global                              Global Defined In Module
      -----  ---------------------------------   ------------------------
            78A0  __divuchar_rrx_hds               
            78A3  __divu16                         
            78A3  __divuint_rrx_hds                
            78D5  __mulint_rrx_s                   
            78DB  __mulint_rrx_hds                 
            78DB  __muluchar_rrx_hds               
            78DD  __mul16                          
ASxxxx Linker V02.00 + NoICE + sdld,  page 5.
Hexadecimal

Area                               Addr   Size   Decimal Bytes (Attributes)
--------------------------------   ----   ----   ------- ----- ------------
_DATA                              C000   0000 =      0. bytes (REL,CON)

      Value  Global                              Global Defined In Module
      -----  ---------------------------------   ------------------------
ASxxxx Linker V02.00 + NoICE + sdld,  page 6.
Hexadecimal

Area                               Addr   Size   Decimal Bytes (Attributes)
--------------------------------   ----   ----   ------- ----- ------------
_OVERLAY                           C000   0000 =      0. bytes (REL,CON)

      Value  Global                              Global Defined In Module
      -----  ---------------------------------   ------------------------
ASxxxx Linker V02.00 + NoICE + sdld,  page 7.
Hexadecimal

Area                               Addr   Size   Decimal Bytes (Attributes)
--------------------------------   ----   ----   ------- ----- ------------
_HOME                              C000   0000 =      0. bytes (REL,CON)

      Value  Global                              Global Defined In Module
      -----  ---------------------------------   ------------------------
ASxxxx Linker V02.00 + NoICE + sdld,  page 8.
Hexadecimal

Area                               Addr   Size   Decimal Bytes (Attributes)
--------------------------------   ----   ----   ------- ----- ------------
_GSINIT                            C000   0000 =      0. bytes (REL,CON)

      Value  Global                              Global Defined In Module
      -----  ---------------------------------   ------------------------
ASxxxx Linker V02.00 + NoICE + sdld,  page 9.
Hexadecimal

Area                               Addr   Size   Decimal Bytes (Attributes)
--------------------------------   ----   ----   ------- ----- ------------
_GSFINAL                           C000   0000 =      0. bytes (REL,CON)

      Value  Global                              Global Defined In Module
      -----  ---------------------------------   ------------------------
ASxxxx Linker V02.00 + NoICE + sdld,  page 10.
Hexadecimal

Area                               Addr   Size   Decimal Bytes (Attributes)
--------------------------------   ----   ----   ------- ----- ------------
_CABS                              C000   0000 =      0. bytes (REL,CON)

      Value  Global                              Global Defined In Module
      -----  ---------------------------------   ------------------------
ASxxxx Linker V02.00 + NoICE + sdld,  page 11.

Files Linked                              [ module(s) ]

carwar.rel                                [ carwar ]
bios.rel                                  [ bios ]


Libraries Linked                          [ object file ]

E:\dev\Private\MSX\tools\SDCC\bin\..\lib  [ modsigned.rel ]
E:\dev\Private\MSX\tools\SDCC\bin\..\lib  [ divsigned.rel ]
E:\dev\Private\MSX\tools\SDCC\bin\..\lib  [ divunsigned.rel ]
E:\dev\Private\MSX\tools\SDCC\bin\..\lib  [ mul.rel ]

ASxxxx Linker V02.00 + NoICE + sdld,  page 12.

User Base Address Definitions

_CODE = 0x4010
_DATA = 0xc000

