ASxxxx Linker V02.00 + NoICE + sdld,  page 1.
Hexadecimal

Area                               Addr   Size   Decimal Bytes (Attributes)
--------------------------------   ----   ----   ------- ----- ------------
.	.ABS.                            0000   0000 =      0. bytes (ABS,CON)

      Value  Global                              Global Defined In Module
      -----  ---------------------------------   ------------------------
            0000  .__.ABS.                         
            0000  l__CABS                          
            0000  l__DATA                          
            0000  l__GSFINAL                       
            0000  l__GSINIT                        
            0000  l__HOME                          
            0000  l__OVERLAY                       
            4010  s__CODE                          
            5C5F  l__CODE                          
            C000  _game                            
            C000  s__CABS                          
            C000  s__DATA                          
            C000  s__GSFINAL                       
            C000  s__GSINIT                        
            C000  s__HOME                          
            C000  s__OVERLAY                       
ASxxxx Linker V02.00 + NoICE + sdld,  page 2.
Hexadecimal

Area                               Addr   Size   Decimal Bytes (Attributes)
--------------------------------   ----   ----   ------- ----- ------------
_CODE                              4010   5C5F =  23647. bytes (REL,CON)

      Value  Global                              Global Defined In Module
      -----  ---------------------------------   ------------------------
            4010  _main                            
            4010  _main_start                      
            402A  _car1                            
            402A  _main_end                        
            491A  _car2                            
            520A  _car3                            
            5AFA  _car4                            
            63EA  _shadow                          
            6479  _charTable                       
            65F9  _trackTiles                      
            6DF9  _title                           
            7572  _defaultColor                    
            757A  _cars                            
            7586  _track01                         
            7604  _menuMain                        
            7618  _menuMode                        
            7631  _menuTrack                       
            7640  _menuPlayer                      
            7654  _menus                           
            7731  _MainLoop                        
            7731  _MainLoop_start                  
            774A  _MainLoop_end                    
            774A  _StateInitialize                 
            774A  _StateInitialize_start           
            7983  _InitializeMenu                  
            7983  _InitializeMenu_start            
            7983  _StateInitialize_end             
            7B1D  _InitializeMenu_end              
            7B1D  _StateTitle                      
            7B1D  _StateTitle_start                
            7C5E  _StartGame                       
            7C5E  _StartGame_start                 
            7C5E  _StateTitle_end                  
            7C67  _StartGame_end                   
            7C67  _StateMainMenu                   
            7C67  _StateMainMenu_start             
            7ECA  _StateMainMenu_end               
            7ECC  _StateStartGame                  
            7ECC  _StateStartGame_start            
            8108  _StateStartGame_end              
            8124  _StateUpdateGame                 
            8124  _StateUpdateGame_start           
            87F9  _InitializePlayer                
            87F9  _InitializePlayer_start          
            87F9  _StateUpdateGame_end             
            88CD  _AngleDifferent64                
            88CD  _AngleDifferent64_start          
            88CD  _InitializePlayer_end            
            88FD  _AngleDifferent64_end            
            88FD  _CheckCollision                  
ASxxxx Linker V02.00 + NoICE + sdld,  page 3.
Hexadecimal

Area                               Addr   Size   Decimal Bytes (Attributes)
--------------------------------   ----   ----   ------- ----- ------------
_CODE                              4010   5C5F =  23647. bytes (REL,CON)

      Value  Global                              Global Defined In Module
      -----  ---------------------------------   ------------------------
            88FD  _CheckCollision_start            
            8A8C  _CheckCollision_end              
            8A8C  _StateBuildTrack                 
            8A8C  _StateBuildTrack_start           
            8DC5  _StateBuildTrack_end             
            8DD1  _StateShadeTrack                 
            8DD1  _StateShadeTrack_start           
            8FA4  _StateShadeTrack_end             
            8FB0  _DarkenColor                     
            8FB0  _DarkenColor_start               
            91A7  _DarkenColor_end                 
            91A7  _GrayGradiant                    
            91A7  _GrayGradiant_start              
            91D6  _DrawCharacter                   
            91D6  _DrawCharacter_start             
            91D6  _GrayGradiant_end                
            92BC  _DrawCharacter_end               
            92BC  _DrawText                        
            92BC  _DrawText_start                  
            9343  _DrawText_end                    
            9343  _Joystick                        
            9343  _Joystick_start                  
            9355  _Joystick_end                    
            9355  _Joytrig                         
            9355  _Joytrig_start                   
            9369  _GetKeyMatrixLine                
            9369  _GetKeyMatrixLine_start          
            9369  _Joytrig_end                     
            937B  _GetKeyMatrixLine_end            
            937B  _SetScreen8                      
            937B  _SetScreen8_start                
            93CD  _SetScreen8_end                  
            93CD  _SetSpriteMode                   
            93CD  _SetSpriteMode_start             
            941A  _SetFreq                         
            941A  _SetFreq_start                   
            941A  _SetSpriteMode_end               
            943B  _SetFreq_end                     
            943B  _SetPage8                        
            943B  _SetPage8_start                  
            9459  _DrawPoint8                      
            9459  _DrawPoint8_start                
            9459  _SetPage8_end                    
            94C4  _DrawLine8                       
            94C4  _DrawLine8_start                 
            94C4  _DrawPoint8_end                  
            94D2  _DrawLine8_end                   
            94D2  _waitRetrace                     
            94D2  _waitRetrace_start               
            94DD  _WaitForVDP                      
            94DD  _WaitForVDP_start                
ASxxxx Linker V02.00 + NoICE + sdld,  page 4.
Hexadecimal

Area                               Addr   Size   Decimal Bytes (Attributes)
--------------------------------   ----   ----   ------- ----- ------------
_CODE                              4010   5C5F =  23647. bytes (REL,CON)

      Value  Global                              Global Defined In Module
      -----  ---------------------------------   ------------------------
            94DD  _waitRetrace_end                 
            94F5  _WaitForVDP_end                  
            94F5  _WriteVRAM                       
            94F5  _WriteVRAM_start                 
            952D  _ReadVRAM                        
            952D  _ReadVRAM_start                  
            952D  _WriteVRAM_end                   
            955A  _ReadVRAM_end                    
            955A  _VPDCommandLoop                  
            955A  _VPDCommandLoop_start            
            9592  _RAMtoVRAM                       
            9592  _RAMtoVRAM_start                 
            9592  _VPDCommandLoop_end              
            9608  _RAMtoVRAMTrans                  
            9608  _RAMtoVRAMTrans_start            
            9608  _RAMtoVRAM_end                   
            967E  _FillVRAM                        
            967E  _FillVRAM_start                  
            967E  _RAMtoVRAMTrans_end              
            96E5  _FillVRAM_end                    
            96E5  _VRAMtoVRAM                      
            96E5  _VRAMtoVRAM_start                
            9765  _VRAMtoVRAMTrans                 
            9765  _VRAMtoVRAMTrans_start           
            9765  _VRAMtoVRAM_end                  
            97E5  _VPDCommand32                    
            97E5  _VPDCommand32_start              
            97E5  _VRAMtoVRAMTrans_end             
            9823  _VPDCommand32_end                
            9823  _VPDCommand36                    
            9823  _VPDCommand36_start              
            9859  _PrintSprite                     
            9859  _PrintSprite_start               
            9859  _VPDCommand36_end                
            98D7  _ClearSprite                     
            98D7  _ClearSprite_start               
            98D7  _PrintSprite_end                 
            98E9  _ClearSprite_end                 
            98E9  _SetSpriteMultiColor             
            98E9  _SetSpriteMultiColor_start       
            99BC  _SetSpriteMultiColor_end         
            99BC  _SetSpriteUniColor               
            99BC  _SetSpriteUniColor_start         
            9A8D  _SetSpriteUniColor_end           
            9A8D  _last_error                      
            9A8E  _open                            
            9AB5  _creat                           
            9ADF  _close                           
            9AF6  _dup                             
            9B17  _read                            
            9B42  _write                           
ASxxxx Linker V02.00 + NoICE + sdld,  page 5.
Hexadecimal

Area                               Addr   Size   Decimal Bytes (Attributes)
--------------------------------   ----   ----   ------- ----- ------------
_CODE                              4010   5C5F =  23647. bytes (REL,CON)

      Value  Global                              Global Defined In Module
      -----  ---------------------------------   ------------------------
            9B6D  _lseek                           
            9B9B  _exit                            
            9BAE  __modschar_rrx_s                 
            9BB5  __modschar_rrx_hds               
            9BBB  __modsint_rrx_s                  
            9BC1  __modsint_rrx_hds                
            9BC7  __divsint_rrx_s                  
            9BD0  __divschar_rrx_s                 
            9BD7  __div8                           
            9BD7  __divschar_rrx_hds               
            9BDB  __div_signexte                   
            9BDF  __div16                          
            9BDF  __divsint_rrx_hds                
            9C05  __get_remainder                  
            9C0F  __divuint_rrx_s                  
            9C17  __divuchar_rrx_s                 
            9C1E  __divu8                          
            9C1E  __divuchar_rrx_hds               
            9C21  __divu16                         
            9C21  __divuint_rrx_hds                
            9C53  __mulint_rrx_s                   
            9C59  __mulint_rrx_hds                 
            9C59  __muluchar_rrx_hds               
            9C5B  __mul16                          
ASxxxx Linker V02.00 + NoICE + sdld,  page 6.
Hexadecimal

Area                               Addr   Size   Decimal Bytes (Attributes)
--------------------------------   ----   ----   ------- ----- ------------
_DATA                              C000   0000 =      0. bytes (REL,CON)

      Value  Global                              Global Defined In Module
      -----  ---------------------------------   ------------------------
ASxxxx Linker V02.00 + NoICE + sdld,  page 7.
Hexadecimal

Area                               Addr   Size   Decimal Bytes (Attributes)
--------------------------------   ----   ----   ------- ----- ------------
_OVERLAY                           C000   0000 =      0. bytes (REL,CON)

      Value  Global                              Global Defined In Module
      -----  ---------------------------------   ------------------------
ASxxxx Linker V02.00 + NoICE + sdld,  page 8.
Hexadecimal

Area                               Addr   Size   Decimal Bytes (Attributes)
--------------------------------   ----   ----   ------- ----- ------------
_HOME                              C000   0000 =      0. bytes (REL,CON)

      Value  Global                              Global Defined In Module
      -----  ---------------------------------   ------------------------
ASxxxx Linker V02.00 + NoICE + sdld,  page 9.
Hexadecimal

Area                               Addr   Size   Decimal Bytes (Attributes)
--------------------------------   ----   ----   ------- ----- ------------
_GSINIT                            C000   0000 =      0. bytes (REL,CON)

      Value  Global                              Global Defined In Module
      -----  ---------------------------------   ------------------------
ASxxxx Linker V02.00 + NoICE + sdld,  page 10.
Hexadecimal

Area                               Addr   Size   Decimal Bytes (Attributes)
--------------------------------   ----   ----   ------- ----- ------------
_GSFINAL                           C000   0000 =      0. bytes (REL,CON)

      Value  Global                              Global Defined In Module
      -----  ---------------------------------   ------------------------
ASxxxx Linker V02.00 + NoICE + sdld,  page 11.
Hexadecimal

Area                               Addr   Size   Decimal Bytes (Attributes)
--------------------------------   ----   ----   ------- ----- ------------
_CABS                              C000   0000 =      0. bytes (REL,CON)

      Value  Global                              Global Defined In Module
      -----  ---------------------------------   ------------------------
ASxxxx Linker V02.00 + NoICE + sdld,  page 12.

Files Linked                              [ module(s) ]

carwar.rel                                [ carwar ]
bios.rel                                  [ bios ]
video.rel                                 [ video ]
files.rel                                 [  ]


Libraries Linked                          [ object file ]

C:\Dev\program\msx\tools\SDCC\bin\..\lib  [ modsigned.rel ]
C:\Dev\program\msx\tools\SDCC\bin\..\lib  [ divsigned.rel ]
C:\Dev\program\msx\tools\SDCC\bin\..\lib  [ divunsigned.rel ]
C:\Dev\program\msx\tools\SDCC\bin\..\lib  [ mul.rel ]

ASxxxx Linker V02.00 + NoICE + sdld,  page 13.

User Base Address Definitions

_CODE = 0x4010
_DATA = 0xc000

